Component: ARM Compiler 5.05 update 1 (build 106) Tool: armlink [4d0efa]

==============================================================================

Section Cross References

    hw_config.o(i.LED_Configuration) refers to stm32f10x_rcc.o(i.RCC_APB2PeriphClockCmd) for RCC_APB2PeriphClockCmd
    hw_config.o(i.LED_Configuration) refers to stm32f10x_gpio.o(i.GPIO_Init) for GPIO_Init
    hw_config.o(i.LED_Configuration) refers to stm32f10x_gpio.o(i.GPIO_ResetBits) for GPIO_ResetBits
    hw_config.o(i.NVIC_Configuration) refers to misc.o(i.NVIC_PriorityGroupConfig) for NVIC_PriorityGroupConfig
    hw_config.o(i.NVIC_Configuration) refers to misc.o(i.NVIC_Init) for NVIC_Init
    hw_config.o(i.USART2_SendString) refers to stm32f10x_usart.o(i.USART_GetFlagStatus) for USART_GetFlagStatus
    hw_config.o(i.USART2_SendString) refers to stm32f10x_usart.o(i.USART_SendData) for USART_SendData
    hw_config.o(i.USART_Configuration) refers to stm32f10x_rcc.o(i.RCC_APB2PeriphClockCmd) for RCC_APB2PeriphClockCmd
    hw_config.o(i.USART_Configuration) refers to stm32f10x_rcc.o(i.RCC_APB1PeriphClockCmd) for RCC_APB1PeriphClockCmd
    hw_config.o(i.USART_Configuration) refers to stm32f10x_gpio.o(i.GPIO_Init) for GPIO_Init
    hw_config.o(i.USART_Configuration) refers to stm32f10x_gpio.o(i.GPIO_PinRemapConfig) for GPIO_PinRemapConfig
    hw_config.o(i.USART_Configuration) refers to stm32f10x_usart.o(i.USART_Init) for USART_Init
    hw_config.o(i.USART_Configuration) refers to stm32f10x_usart.o(i.USART_Cmd) for USART_Cmd
    hw_config.o(i.USART_Configuration) refers to stm32f10x_usart.o(i.USART_ITConfig) for USART_ITConfig
    main.o(i.fputc) refers to stm32f10x_usart.o(i.USART_SendData) for USART_SendData
    main.o(i.fputc) refers to stm32f10x_usart.o(i.USART_GetFlagStatus) for USART_GetFlagStatus
    main.o(i.main) refers to system_stm32f10x.o(i.SystemInit) for SystemInit
    main.o(i.main) refers to hw_config.o(i.NVIC_Configuration) for NVIC_Configuration
    main.o(i.main) refers to hw_config.o(i.LED_Configuration) for LED_Configuration
    main.o(i.main) refers to hw_config.o(i.USART_Configuration) for USART_Configuration
    main.o(i.main) refers to printfb.o(i.__0printf$bare) for __2printf
    main.o(i.main) refers to hw_config.o(i.USART2_SendString) for USART2_SendString
    main.o(i.main) refers to stm32f10x_gpio.o(i.GPIO_ResetBits) for GPIO_ResetBits
    main.o(i.main) refers to main.o(i.Delay) for Delay
    main.o(i.main) refers to stm32f10x_gpio.o(i.GPIO_SetBits) for GPIO_SetBits
    stm32f10x_flash.o(i.FLASH_EnableWriteProtection) refers to stm32f10x_flash.o(i.FLASH_WaitForLastOperation) for FLASH_WaitForLastOperation
    stm32f10x_flash.o(i.FLASH_EraseAllBank1Pages) refers to stm32f10x_flash.o(i.FLASH_WaitForLastBank1Operation) for FLASH_WaitForLastBank1Operation
    stm32f10x_flash.o(i.FLASH_EraseAllPages) refers to stm32f10x_flash.o(i.FLASH_WaitForLastOperation) for FLASH_WaitForLastOperation
    stm32f10x_flash.o(i.FLASH_EraseOptionBytes) refers to stm32f10x_flash.o(i.FLASH_GetReadOutProtectionStatus) for FLASH_GetReadOutProtectionStatus
    stm32f10x_flash.o(i.FLASH_EraseOptionBytes) refers to stm32f10x_flash.o(i.FLASH_WaitForLastOperation) for FLASH_WaitForLastOperation
    stm32f10x_flash.o(i.FLASH_ErasePage) refers to stm32f10x_flash.o(i.FLASH_WaitForLastOperation) for FLASH_WaitForLastOperation
    stm32f10x_flash.o(i.FLASH_ProgramHalfWord) refers to stm32f10x_flash.o(i.FLASH_WaitForLastOperation) for FLASH_WaitForLastOperation
    stm32f10x_flash.o(i.FLASH_ProgramOptionByteData) refers to stm32f10x_flash.o(i.FLASH_WaitForLastOperation) for FLASH_WaitForLastOperation
    stm32f10x_flash.o(i.FLASH_ProgramWord) refers to stm32f10x_flash.o(i.FLASH_WaitForLastOperation) for FLASH_WaitForLastOperation
    stm32f10x_flash.o(i.FLASH_ReadOutProtection) refers to stm32f10x_flash.o(i.FLASH_WaitForLastOperation) for FLASH_WaitForLastOperation
    stm32f10x_flash.o(i.FLASH_UserOptionByteConfig) refers to stm32f10x_flash.o(i.FLASH_WaitForLastOperation) for FLASH_WaitForLastOperation
    stm32f10x_flash.o(i.FLASH_WaitForLastBank1Operation) refers to stm32f10x_flash.o(i.FLASH_GetBank1Status) for FLASH_GetBank1Status
    stm32f10x_flash.o(i.FLASH_WaitForLastOperation) refers to stm32f10x_flash.o(i.FLASH_GetBank1Status) for FLASH_GetBank1Status
    stm32f10x_gpio.o(i.GPIO_AFIODeInit) refers to stm32f10x_rcc.o(i.RCC_APB2PeriphResetCmd) for RCC_APB2PeriphResetCmd
    stm32f10x_gpio.o(i.GPIO_DeInit) refers to stm32f10x_rcc.o(i.RCC_APB2PeriphResetCmd) for RCC_APB2PeriphResetCmd
    stm32f10x_rcc.o(i.RCC_GetClocksFreq) refers to stm32f10x_rcc.o(.data) for .data
    stm32f10x_rcc.o(i.RCC_WaitForHSEStartUp) refers to stm32f10x_rcc.o(i.RCC_GetFlagStatus) for RCC_GetFlagStatus
    stm32f10x_usart.o(i.USART_DeInit) refers to stm32f10x_rcc.o(i.RCC_APB2PeriphResetCmd) for RCC_APB2PeriphResetCmd
    stm32f10x_usart.o(i.USART_DeInit) refers to stm32f10x_rcc.o(i.RCC_APB1PeriphResetCmd) for RCC_APB1PeriphResetCmd
    stm32f10x_usart.o(i.USART_Init) refers to stm32f10x_rcc.o(i.RCC_GetClocksFreq) for RCC_GetClocksFreq
    system_stm32f10x.o(i.SystemCoreClockUpdate) refers to system_stm32f10x.o(.data) for .data
    system_stm32f10x.o(i.SystemInit) refers to system_stm32f10x.o(i.SetSysClockTo72) for SetSysClockTo72
    startup_stm32f10x_cl.o(RESET) refers to startup_stm32f10x_cl.o(STACK) for __initial_sp
    startup_stm32f10x_cl.o(RESET) refers to startup_stm32f10x_cl.o(.text) for Reset_Handler
    startup_stm32f10x_cl.o(RESET) refers to stm32f10x_it.o(i.NMI_Handler) for NMI_Handler
    startup_stm32f10x_cl.o(RESET) refers to stm32f10x_it.o(i.HardFault_Handler) for HardFault_Handler
    startup_stm32f10x_cl.o(RESET) refers to stm32f10x_it.o(i.MemManage_Handler) for MemManage_Handler
    startup_stm32f10x_cl.o(RESET) refers to stm32f10x_it.o(i.BusFault_Handler) for BusFault_Handler
    startup_stm32f10x_cl.o(RESET) refers to stm32f10x_it.o(i.UsageFault_Handler) for UsageFault_Handler
    startup_stm32f10x_cl.o(RESET) refers to stm32f10x_it.o(i.SVC_Handler) for SVC_Handler
    startup_stm32f10x_cl.o(RESET) refers to stm32f10x_it.o(i.DebugMon_Handler) for DebugMon_Handler
    startup_stm32f10x_cl.o(RESET) refers to stm32f10x_it.o(i.PendSV_Handler) for PendSV_Handler
    startup_stm32f10x_cl.o(RESET) refers to stm32f10x_it.o(i.SysTick_Handler) for SysTick_Handler
    startup_stm32f10x_cl.o(RESET) refers to protocol.o(i.EXTI0_IRQHandler) for EXTI0_IRQHandler
    startup_stm32f10x_cl.o(RESET) refers to protocol.o(i.EXTI1_IRQHandler) for EXTI1_IRQHandler
    startup_stm32f10x_cl.o(RESET) refers to protocol.o(i.EXTI2_IRQHandler) for EXTI2_IRQHandler
    startup_stm32f10x_cl.o(RESET) refers to limits.o(i.EXTI9_5_IRQHandler) for EXTI9_5_IRQHandler
    startup_stm32f10x_cl.o(RESET) refers to stepper.o(i.TIM3_IRQHandler) for TIM3_IRQHandler
    startup_stm32f10x_cl.o(RESET) refers to stepper.o(i.TIM4_IRQHandler) for TIM4_IRQHandler
    startup_stm32f10x_cl.o(RESET) refers to serial.o(i.USART1_IRQHandler) for USART1_IRQHandler
    startup_stm32f10x_cl.o(.text) refers to system_stm32f10x.o(i.SystemInit) for SystemInit
    startup_stm32f10x_cl.o(.text) refers to entry.o(.ARM.Collect$$$$00000000) for __main
    stepper.o(i.TIM3_IRQHandler) refers to planner.o(i.plan_get_current_block) for plan_get_current_block
    stepper.o(i.TIM3_IRQHandler) refers to stepper.o(i.set_step_events_per_minute) for set_step_events_per_minute
    stepper.o(i.TIM3_IRQHandler) refers to stepper.o(i.st_go_idle) for st_go_idle
    stepper.o(i.TIM3_IRQHandler) refers to stepper.o(i.iterate_trapezoid_cycle_counter) for iterate_trapezoid_cycle_counter
    stepper.o(i.TIM3_IRQHandler) refers to planner.o(i.plan_discard_current_block) for plan_discard_current_block
    stepper.o(i.TIM3_IRQHandler) refers to stepper.o(.data) for .data
    stepper.o(i.TIM3_IRQHandler) refers to stepper.o(.bss) for .bss
    stepper.o(i.TIM3_IRQHandler) refers to settings.o(.bss) for settings
    stepper.o(i.TIM4_IRQHandler) refers to settings.o(.bss) for settings
    stepper.o(i.iterate_trapezoid_cycle_counter) refers to stepper.o(.bss) for .bss
    stepper.o(i.set_step_events_per_minute) refers to stepper.o(i.config_step_timer) for config_step_timer
    stepper.o(i.set_step_events_per_minute) refers to stepper.o(.bss) for .bss
    stepper.o(i.st_cycle_reinitialize) refers to planner.o(i.plan_cycle_reinitialize) for plan_cycle_reinitialize
    stepper.o(i.st_cycle_reinitialize) refers to stepper.o(i.set_step_events_per_minute) for set_step_events_per_minute
    stepper.o(i.st_cycle_reinitialize) refers to stepper.o(.data) for .data
    stepper.o(i.st_cycle_reinitialize) refers to stepper.o(.bss) for .bss
    stepper.o(i.st_cycle_start) refers to stepper.o(i.st_wake_up) for st_wake_up
    stepper.o(i.st_go_idle) refers to nuts_bolts.o(i.delay_ms) for delay_ms
    stepper.o(i.st_go_idle) refers to settings.o(.bss) for settings
    stepper.o(i.st_init) refers to stepper.o(i.st_wake_up) for st_wake_up
    stepper.o(i.st_init) refers to stepper.o(i.st_go_idle) for st_go_idle
    stepper.o(i.st_init) refers to settings.o(.bss) for settings
    stepper.o(i.st_reset) refers to memseta.o(.text) for __aeabi_memclr4
    stepper.o(i.st_reset) refers to stepper.o(i.set_step_events_per_minute) for set_step_events_per_minute
    stepper.o(i.st_reset) refers to stepper.o(.bss) for .bss
    stepper.o(i.st_reset) refers to stepper.o(.data) for .data
    stepper.o(i.st_wake_up) refers to settings.o(.bss) for settings
    stepper.o(i.st_wake_up) refers to stepper.o(.data) for .data
    serial.o(i.USART1_IRQHandler) refers to stm32f10x_usart.o(i.USART_GetFlagStatus) for USART_GetFlagStatus
    serial.o(i.USART1_IRQHandler) refers to motion_control.o(i.mc_reset) for mc_reset
    serial.o(i.USART1_IRQHandler) refers to stm32f10x_usart.o(i.USART_GetITStatus) for USART_GetITStatus
    serial.o(i.USART1_IRQHandler) refers to stm32f10x_usart.o(i.USART_ITConfig) for USART_ITConfig
    serial.o(i.USART1_IRQHandler) refers to serial.o(.data) for .data
    serial.o(i.USART1_IRQHandler) refers to serial.o(.bss) for .bss
    serial.o(i.serial_read) refers to serial.o(.data) for .data
    serial.o(i.serial_read) refers to serial.o(.bss) for .bss
    serial.o(i.serial_reset_read_buffer) refers to serial.o(.data) for .data
    serial.o(i.serial_write) refers to stm32f10x_usart.o(i.USART_ITConfig) for USART_ITConfig
    serial.o(i.serial_write) refers to serial.o(.data) for .data
    serial.o(i.serial_write) refers to serial.o(.bss) for .bss
    limits.o(i.EXTI9_5_IRQHandler) refers to motion_control.o(i.mc_reset) for mc_reset
    limits.o(i.homing_cycle) refers to f2d.o(.text) for __aeabi_f2d
    limits.o(i.homing_cycle) refers to dadd.o(.text) for __aeabi_dadd
    limits.o(i.homing_cycle) refers to dfixui.o(.text) for __aeabi_d2uiz
    limits.o(i.homing_cycle) refers to dfltui.o(.text) for __aeabi_ui2d
    limits.o(i.homing_cycle) refers to sqrt.o(i.sqrt) for sqrt
    limits.o(i.homing_cycle) refers to ddiv.o(.text) for __aeabi_ddiv
    limits.o(i.homing_cycle) refers to d2f.o(.text) for __aeabi_d2f
    limits.o(i.homing_cycle) refers to fmul.o(.text) for __aeabi_fmul
    limits.o(i.homing_cycle) refers to fdiv.o(.text) for __aeabi_fdiv
    limits.o(i.homing_cycle) refers to ceil.o(i.ceil) for ceil
    limits.o(i.homing_cycle) refers to dmul.o(.text) for __aeabi_dmul
    limits.o(i.homing_cycle) refers to nuts_bolts.o(i.delay_us) for delay_us
    limits.o(i.homing_cycle) refers to settings.o(.bss) for settings
    limits.o(i.limits_go_home) refers to stepper.o(i.st_wake_up) for st_wake_up
    limits.o(i.limits_go_home) refers to limits.o(i.homing_cycle) for homing_cycle
    limits.o(i.limits_go_home) refers to nuts_bolts.o(i.delay_ms) for delay_ms
    limits.o(i.limits_go_home) refers to stepper.o(i.st_go_idle) for st_go_idle
    limits.o(i.limits_go_home) refers to settings.o(.bss) for settings
    limits.o(i.limits_init) refers to settings.o(.bss) for settings
    protocol.o(i.EXTI0_IRQHandler) refers to nuts_bolts.o(i.delay_ms) for delay_ms
    protocol.o(i.EXTI0_IRQHandler) refers to motion_control.o(i.mc_reset) for mc_reset
    protocol.o(i.EXTI1_IRQHandler) refers to nuts_bolts.o(i.delay_ms) for delay_ms
    protocol.o(i.EXTI2_IRQHandler) refers to nuts_bolts.o(i.delay_ms) for delay_ms
    protocol.o(i.protocol_execute_line) refers to gcode.o(i.gc_execute_line) for gc_execute_line
    protocol.o(i.protocol_execute_line) refers to report.o(i.report_grbl_help) for report_grbl_help
    protocol.o(i.protocol_execute_line) refers to report.o(i.report_grbl_settings) for report_grbl_settings
    protocol.o(i.protocol_execute_line) refers to report.o(i.report_gcode_parameters) for report_gcode_parameters
    protocol.o(i.protocol_execute_line) refers to report.o(i.report_gcode_modes) for report_gcode_modes
    protocol.o(i.protocol_execute_line) refers to motion_control.o(i.mc_reset) for mc_reset
    protocol.o(i.protocol_execute_line) refers to report.o(i.report_feedback_message) for report_feedback_message
    protocol.o(i.protocol_execute_line) refers to motion_control.o(i.mc_go_home) for mc_go_home
    protocol.o(i.protocol_execute_line) refers to protocol.o(i.protocol_execute_startup) for protocol_execute_startup
    protocol.o(i.protocol_execute_line) refers to nuts_bolts.o(i.read_float) for read_float
    protocol.o(i.protocol_execute_line) refers to settings.o(i.settings_read_startup_line) for settings_read_startup_line
    protocol.o(i.protocol_execute_line) refers to report.o(i.report_startup_line) for report_startup_line
    protocol.o(i.protocol_execute_line) refers to report.o(i.report_status_message) for report_status_message
    protocol.o(i.protocol_execute_line) refers to ffixui.o(.text) for __aeabi_f2uiz
    protocol.o(i.protocol_execute_line) refers to settings.o(i.settings_store_startup_line) for settings_store_startup_line
    protocol.o(i.protocol_execute_line) refers to ffixi.o(.text) for __aeabi_f2iz
    protocol.o(i.protocol_execute_line) refers to settings.o(i.settings_store_global_setting) for settings_store_global_setting
    protocol.o(i.protocol_execute_line) refers to settings.o(.bss) for settings
    protocol.o(i.protocol_execute_runtime) refers to report.o(i.report_alarm_message) for report_alarm_message
    protocol.o(i.protocol_execute_runtime) refers to report.o(i.report_feedback_message) for report_feedback_message
    protocol.o(i.protocol_execute_runtime) refers to report.o(i.report_realtime_status) for report_realtime_status
    protocol.o(i.protocol_execute_runtime) refers to stepper.o(i.st_feed_hold) for st_feed_hold
    protocol.o(i.protocol_execute_runtime) refers to stepper.o(i.st_cycle_reinitialize) for st_cycle_reinitialize
    protocol.o(i.protocol_execute_runtime) refers to stepper.o(i.st_cycle_start) for st_cycle_start
    protocol.o(i.protocol_execute_runtime) refers to settings.o(.bss) for settings
    protocol.o(i.protocol_execute_startup) refers to settings.o(i.settings_read_startup_line) for settings_read_startup_line
    protocol.o(i.protocol_execute_startup) refers to print.o(i.printString) for printString
    protocol.o(i.protocol_execute_startup) refers to gcode.o(i.gc_execute_line) for gc_execute_line
    protocol.o(i.protocol_execute_startup) refers to report.o(i.report_status_message) for report_status_message
    protocol.o(i.protocol_execute_startup) refers to protocol.o(.bss) for .bss
    protocol.o(i.protocol_init) refers to protocol.o(i.protocol_reset_line_buffer) for protocol_reset_line_buffer
    protocol.o(i.protocol_init) refers to report.o(i.report_init_message) for report_init_message
    protocol.o(i.protocol_process) refers to protocol.o(i.protocol_execute_runtime) for protocol_execute_runtime
    protocol.o(i.protocol_process) refers to protocol.o(i.protocol_execute_line) for protocol_execute_line
    protocol.o(i.protocol_process) refers to report.o(i.report_status_message) for report_status_message
    protocol.o(i.protocol_process) refers to protocol.o(i.protocol_reset_line_buffer) for protocol_reset_line_buffer
    protocol.o(i.protocol_process) refers to serial.o(i.serial_read) for serial_read
    protocol.o(i.protocol_process) refers to protocol.o(.data) for .data
    protocol.o(i.protocol_process) refers to protocol.o(.bss) for .bss
    protocol.o(i.protocol_reset_line_buffer) refers to protocol.o(.data) for .data
    spindle_control.o(i.spindle_init) refers to spindle_control.o(i.spindle_stop) for spindle_stop
    spindle_control.o(i.spindle_init) refers to spindle_control.o(.data) for .data
    spindle_control.o(i.spindle_run) refers to planner.o(i.plan_synchronize) for plan_synchronize
    spindle_control.o(i.spindle_run) refers to spindle_control.o(i.spindle_stop) for spindle_stop
    spindle_control.o(i.spindle_run) refers to spindle_control.o(.data) for .data
    coolant_control.o(i.coolant_init) refers to coolant_control.o(i.coolant_stop) for coolant_stop
    coolant_control.o(i.coolant_init) refers to coolant_control.o(.data) for .data
    coolant_control.o(i.coolant_run) refers to planner.o(i.plan_synchronize) for plan_synchronize
    coolant_control.o(i.coolant_run) refers to coolant_control.o(i.coolant_stop) for coolant_stop
    coolant_control.o(i.coolant_run) refers to coolant_control.o(.data) for .data
    nuts_bolts.o(i.read_float) refers to ffltui.o(.text) for __aeabi_ui2f
    nuts_bolts.o(i.read_float) refers to f2d.o(.text) for __aeabi_f2d
    nuts_bolts.o(i.read_float) refers to dmul.o(.text) for __aeabi_dmul
    nuts_bolts.o(i.read_float) refers to d2f.o(.text) for __aeabi_d2f
    nuts_bolts.o(i.read_float) refers to fmul.o(.text) for __aeabi_fmul
    nuts_bolts.o(i.sys_sync_current_position) refers to planner.o(i.plan_set_current_position) for plan_set_current_position
    nuts_bolts.o(i.sys_sync_current_position) refers to gcode.o(i.gc_set_current_position) for gc_set_current_position
    eeprom.o(i.memcpy_from_eeprom_with_checksum) refers to eeprom.o(i.eeprom_get_char) for eeprom_get_char
    eeprom.o(i.memcpy_to_eeprom_with_checksum) refers to eeprom.o(i.eeprom_put_char) for eeprom_put_char
    report.o(i.report_alarm_message) refers to print.o(i.printPgmString) for printPgmString
    report.o(i.report_alarm_message) refers to nuts_bolts.o(i.delay_ms) for delay_ms
    report.o(i.report_feedback_message) refers to print.o(i.printPgmString) for printPgmString
    report.o(i.report_gcode_modes) refers to print.o(i.printPgmString) for printPgmString
    report.o(i.report_gcode_modes) refers to print.o(i.printInteger) for printInteger
    report.o(i.report_gcode_modes) refers to f2d.o(.text) for __aeabi_f2d
    report.o(i.report_gcode_modes) refers to dmul.o(.text) for __aeabi_dmul
    report.o(i.report_gcode_modes) refers to d2f.o(.text) for __aeabi_d2f
    report.o(i.report_gcode_modes) refers to print.o(i.printFloat) for printFloat
    report.o(i.report_gcode_modes) refers to gcode.o(.bss) for gc
    report.o(i.report_gcode_parameters) refers to settings.o(i.settings_read_coord_data) for settings_read_coord_data
    report.o(i.report_gcode_parameters) refers to print.o(i.printPgmString) for printPgmString
    report.o(i.report_gcode_parameters) refers to report.o(i.report_status_message) for report_status_message
    report.o(i.report_gcode_parameters) refers to f2d.o(.text) for __aeabi_f2d
    report.o(i.report_gcode_parameters) refers to dmul.o(.text) for __aeabi_dmul
    report.o(i.report_gcode_parameters) refers to d2f.o(.text) for __aeabi_d2f
    report.o(i.report_gcode_parameters) refers to print.o(i.printFloat) for printFloat
    report.o(i.report_gcode_parameters) refers to settings.o(.bss) for settings
    report.o(i.report_gcode_parameters) refers to gcode.o(.bss) for gc
    report.o(i.report_grbl_help) refers to print.o(i.printPgmString) for printPgmString
    report.o(i.report_grbl_help) refers to report.o(.conststring) for .conststring
    report.o(i.report_grbl_settings) refers to print.o(i.printPgmString) for printPgmString
    report.o(i.report_grbl_settings) refers to print.o(i.printFloat) for printFloat
    report.o(i.report_grbl_settings) refers to print.o(i.printInteger) for printInteger
    report.o(i.report_grbl_settings) refers to print.o(i.print_uint8_base2) for print_uint8_base2
    report.o(i.report_grbl_settings) refers to fdiv.o(.text) for __aeabi_fdiv
    report.o(i.report_grbl_settings) refers to settings.o(.bss) for settings
    report.o(i.report_init_message) refers to print.o(i.printPgmString) for printPgmString
    report.o(i.report_realtime_status) refers to print.o(i.printPgmString) for printPgmString
    report.o(i.report_realtime_status) refers to fflti.o(.text) for __aeabi_i2f
    report.o(i.report_realtime_status) refers to fdiv.o(.text) for __aeabi_fdiv
    report.o(i.report_realtime_status) refers to f2d.o(.text) for __aeabi_f2d
    report.o(i.report_realtime_status) refers to dmul.o(.text) for __aeabi_dmul
    report.o(i.report_realtime_status) refers to d2f.o(.text) for __aeabi_d2f
    report.o(i.report_realtime_status) refers to print.o(i.printFloat) for printFloat
    report.o(i.report_realtime_status) refers to fadd.o(.text) for __aeabi_fadd
    report.o(i.report_realtime_status) refers to dadd.o(.text) for __aeabi_dsub
    report.o(i.report_realtime_status) refers to settings.o(.bss) for settings
    report.o(i.report_realtime_status) refers to gcode.o(.bss) for gc
    report.o(i.report_startup_line) refers to print.o(i.printPgmString) for printPgmString
    report.o(i.report_startup_line) refers to print.o(i.printInteger) for printInteger
    report.o(i.report_startup_line) refers to print.o(i.printString) for printString
    report.o(i.report_status_message) refers to print.o(i.printPgmString) for printPgmString
    print.o(i.printFloat) refers to serial.o(i.serial_write) for serial_write
    print.o(i.printFloat) refers to fmul.o(.text) for __aeabi_fmul
    print.o(i.printFloat) refers to fadd.o(.text) for __aeabi_fadd
    print.o(i.printFloat) refers to ffixi.o(.text) for __aeabi_f2iz
    print.o(i.printFloat) refers to settings.o(.bss) for settings
    print.o(i.printInteger) refers to serial.o(i.serial_write) for serial_write
    print.o(i.printPgmString) refers to serial.o(i.serial_write) for serial_write
    print.o(i.printString) refers to serial.o(i.serial_write) for serial_write
    print.o(i.print_uint8_base2) refers to serial.o(i.serial_write) for serial_write
    settings.o(i.read_global_settings) refers to eeprom.o(i.eeprom_get_char) for eeprom_get_char
    settings.o(i.read_global_settings) refers to eeprom.o(i.memcpy_from_eeprom_with_checksum) for memcpy_from_eeprom_with_checksum
    settings.o(i.read_global_settings) refers to settings.o(i.settings_reset) for settings_reset
    settings.o(i.read_global_settings) refers to settings.o(.bss) for .bss
    settings.o(i.settings_init) refers to settings.o(i.read_global_settings) for read_global_settings
    settings.o(i.settings_init) refers to report.o(i.report_status_message) for report_status_message
    settings.o(i.settings_init) refers to settings.o(i.settings_reset) for settings_reset
    settings.o(i.settings_init) refers to report.o(i.report_grbl_settings) for report_grbl_settings
    settings.o(i.settings_init) refers to settings.o(i.settings_read_coord_data) for settings_read_coord_data
    settings.o(i.settings_read_coord_data) refers to eeprom.o(i.memcpy_from_eeprom_with_checksum) for memcpy_from_eeprom_with_checksum
    settings.o(i.settings_read_coord_data) refers to settings.o(i.settings_write_coord_data) for settings_write_coord_data
    settings.o(i.settings_read_startup_line) refers to eeprom.o(i.memcpy_from_eeprom_with_checksum) for memcpy_from_eeprom_with_checksum
    settings.o(i.settings_read_startup_line) refers to settings.o(i.settings_store_startup_line) for settings_store_startup_line
    settings.o(i.settings_reset) refers to settings.o(i.write_global_settings) for write_global_settings
    settings.o(i.settings_reset) refers to settings.o(.bss) for .bss
    settings.o(i.settings_store_global_setting) refers to f2d.o(.text) for __aeabi_f2d
    settings.o(i.settings_store_global_setting) refers to dadd.o(.text) for __aeabi_dadd
    settings.o(i.settings_store_global_setting) refers to dfixui.o(.text) for __aeabi_d2uiz
    settings.o(i.settings_store_global_setting) refers to ffixui.o(.text) for __aeabi_f2uiz
    settings.o(i.settings_store_global_setting) refers to fmul.o(.text) for __aeabi_fmul
    settings.o(i.settings_store_global_setting) refers to limits.o(i.limits_init) for limits_init
    settings.o(i.settings_store_global_setting) refers to settings.o(i.write_global_settings) for write_global_settings
    settings.o(i.settings_store_global_setting) refers to settings.o(.bss) for .bss
    settings.o(i.settings_store_startup_line) refers to eeprom.o(i.memcpy_to_eeprom_with_checksum) for memcpy_to_eeprom_with_checksum
    settings.o(i.settings_write_coord_data) refers to eeprom.o(i.memcpy_to_eeprom_with_checksum) for memcpy_to_eeprom_with_checksum
    settings.o(i.write_global_settings) refers to eeprom.o(i.eeprom_put_char) for eeprom_put_char
    settings.o(i.write_global_settings) refers to eeprom.o(i.memcpy_to_eeprom_with_checksum) for memcpy_to_eeprom_with_checksum
    settings.o(i.write_global_settings) refers to settings.o(.bss) for .bss
    motion_control.o(i.mc_arc) refers to fadd.o(.text) for __aeabi_fadd
    motion_control.o(i.mc_arc) refers to fmul.o(.text) for __aeabi_fmul
    motion_control.o(i.mc_arc) refers to f2d.o(.text) for __aeabi_f2d
    motion_control.o(i.mc_arc) refers to atan2.o(i.atan2) for atan2
    motion_control.o(i.mc_arc) refers to d2f.o(.text) for __aeabi_d2f
    motion_control.o(i.mc_arc) refers to dadd.o(.text) for __aeabi_dsub
    motion_control.o(i.mc_arc) refers to hypot.o(i.hypot) for hypot
    motion_control.o(i.mc_arc) refers to fdiv.o(.text) for __aeabi_fdiv
    motion_control.o(i.mc_arc) refers to floor.o(i.floor) for floor
    motion_control.o(i.mc_arc) refers to dfixui.o(.text) for __aeabi_d2uiz
    motion_control.o(i.mc_arc) refers to ffltui.o(.text) for __aeabi_ui2f
    motion_control.o(i.mc_arc) refers to dscalb.o(.text) for __ARM_scalbn
    motion_control.o(i.mc_arc) refers to dmul.o(.text) for __aeabi_dmul
    motion_control.o(i.mc_arc) refers to cos.o(i.cos) for cos
    motion_control.o(i.mc_arc) refers to sin.o(i.sin) for sin
    motion_control.o(i.mc_arc) refers to motion_control.o(i.mc_line) for mc_line
    motion_control.o(i.mc_arc) refers to settings.o(.bss) for settings
    motion_control.o(i.mc_dwell) refers to fmul.o(.text) for __aeabi_fmul
    motion_control.o(i.mc_dwell) refers to f2d.o(.text) for __aeabi_f2d
    motion_control.o(i.mc_dwell) refers to floor.o(i.floor) for floor
    motion_control.o(i.mc_dwell) refers to dfixui.o(.text) for __aeabi_d2uiz
    motion_control.o(i.mc_dwell) refers to planner.o(i.plan_synchronize) for plan_synchronize
    motion_control.o(i.mc_dwell) refers to ffltui.o(.text) for __aeabi_ui2f
    motion_control.o(i.mc_dwell) refers to fadd.o(.text) for __aeabi_fsub
    motion_control.o(i.mc_dwell) refers to nuts_bolts.o(i.delay_ms) for delay_ms
    motion_control.o(i.mc_dwell) refers to protocol.o(i.protocol_execute_runtime) for protocol_execute_runtime
    motion_control.o(i.mc_go_home) refers to limits.o(i.limits_go_home) for limits_go_home
    motion_control.o(i.mc_go_home) refers to protocol.o(i.protocol_execute_runtime) for protocol_execute_runtime
    motion_control.o(i.mc_go_home) refers to nuts_bolts.o(i.sys_sync_current_position) for sys_sync_current_position
    motion_control.o(i.mc_go_home) refers to fflti.o(.text) for __aeabi_i2f
    motion_control.o(i.mc_go_home) refers to fmul.o(.text) for __aeabi_fmul
    motion_control.o(i.mc_go_home) refers to motion_control.o(i.mc_line) for mc_line
    motion_control.o(i.mc_go_home) refers to stepper.o(i.st_cycle_start) for st_cycle_start
    motion_control.o(i.mc_go_home) refers to planner.o(i.plan_synchronize) for plan_synchronize
    motion_control.o(i.mc_go_home) refers to settings.o(.bss) for settings
    motion_control.o(i.mc_line) refers to protocol.o(i.protocol_execute_runtime) for protocol_execute_runtime
    motion_control.o(i.mc_line) refers to planner.o(i.plan_check_full_buffer) for plan_check_full_buffer
    motion_control.o(i.mc_line) refers to planner.o(i.plan_buffer_line) for plan_buffer_line
    motion_control.o(i.mc_line) refers to stepper.o(i.st_cycle_start) for st_cycle_start
    motion_control.o(i.mc_reset) refers to spindle_control.o(i.spindle_stop) for spindle_stop
    motion_control.o(i.mc_reset) refers to coolant_control.o(i.coolant_stop) for coolant_stop
    motion_control.o(i.mc_reset) refers to stepper.o(i.st_go_idle) for st_go_idle
    gcode.o(i.gc_execute_line) refers to ffixi.o(.text) for __aeabi_f2iz
    gcode.o(i.gc_execute_line) refers to gcode.o(i.select_plane) for select_plane
    gcode.o(i.gc_execute_line) refers to fmul.o(.text) for __aeabi_fmul
    gcode.o(i.gc_execute_line) refers to gcode.o(i.next_statement) for next_statement
    gcode.o(i.gc_execute_line) refers to gcode.o(i.to_millimeters) for to_millimeters
    gcode.o(i.gc_execute_line) refers to ffixui.o(.text) for __aeabi_f2uiz
    gcode.o(i.gc_execute_line) refers to spindle_control.o(i.spindle_run) for spindle_run
    gcode.o(i.gc_execute_line) refers to coolant_control.o(i.coolant_run) for coolant_run
    gcode.o(i.gc_execute_line) refers to settings.o(i.settings_read_coord_data) for settings_read_coord_data
    gcode.o(i.gc_execute_line) refers to motion_control.o(i.mc_dwell) for mc_dwell
    gcode.o(i.gc_execute_line) refers to gcode.o(.bss) for .bss
    gcode.o(i.gc_execute_line) refers to settings.o(i.settings_write_coord_data) for settings_write_coord_data
    gcode.o(i.gc_execute_line) refers to fadd.o(.text) for __aeabi_fsub
    gcode.o(i.gc_execute_line) refers to motion_control.o(i.mc_line) for mc_line
    gcode.o(i.gc_execute_line) refers to fscalb.o(.text) for __ARM_scalbnf
    gcode.o(i.gc_execute_line) refers to f2d.o(.text) for __aeabi_f2d
    gcode.o(i.gc_execute_line) refers to hypot.o(i.hypot) for hypot
    gcode.o(i.gc_execute_line) refers to d2f.o(.text) for __aeabi_d2f
    gcode.o(i.gc_execute_line) refers to sqrt.o(i.sqrt) for sqrt
    gcode.o(i.gc_execute_line) refers to ddiv.o(.text) for __aeabi_ddiv
    gcode.o(i.gc_execute_line) refers to motion_control.o(i.mc_arc) for mc_arc
    gcode.o(i.gc_execute_line) refers to planner.o(i.plan_synchronize) for plan_synchronize
    gcode.o(i.gc_execute_line) refers to motion_control.o(i.mc_reset) for mc_reset
    gcode.o(i.gc_execute_line) refers to settings.o(.bss) for settings
    gcode.o(i.gc_init) refers to memseta.o(.text) for __aeabi_memclr4
    gcode.o(i.gc_init) refers to gcode.o(i.select_plane) for select_plane
    gcode.o(i.gc_init) refers to settings.o(i.settings_read_coord_data) for settings_read_coord_data
    gcode.o(i.gc_init) refers to report.o(i.report_status_message) for report_status_message
    gcode.o(i.gc_init) refers to gcode.o(.bss) for .bss
    gcode.o(i.gc_init) refers to settings.o(.bss) for settings
    gcode.o(i.gc_set_current_position) refers to fflti.o(.text) for __aeabi_i2f
    gcode.o(i.gc_set_current_position) refers to fdiv.o(.text) for __aeabi_fdiv
    gcode.o(i.gc_set_current_position) refers to settings.o(.bss) for settings
    gcode.o(i.gc_set_current_position) refers to gcode.o(.bss) for .bss
    gcode.o(i.next_statement) refers to nuts_bolts.o(i.read_float) for read_float
    gcode.o(i.next_statement) refers to gcode.o(.bss) for .bss
    gcode.o(i.select_plane) refers to gcode.o(.bss) for .bss
    gcode.o(i.to_millimeters) refers to f2d.o(.text) for __aeabi_f2d
    gcode.o(i.to_millimeters) refers to dmul.o(.text) for __aeabi_dmul
    gcode.o(i.to_millimeters) refers to d2f.o(.text) for __aeabi_d2f
    gcode.o(i.to_millimeters) refers to gcode.o(.bss) for .bss
    planner.o(i.calculate_trapezoid_for_block) refers to ffltui.o(.text) for __aeabi_ui2f
    planner.o(i.calculate_trapezoid_for_block) refers to fmul.o(.text) for __aeabi_fmul
    planner.o(i.calculate_trapezoid_for_block) refers to f2d.o(.text) for __aeabi_f2d
    planner.o(i.calculate_trapezoid_for_block) refers to ceil.o(i.ceil) for ceil
    planner.o(i.calculate_trapezoid_for_block) refers to dfixui.o(.text) for __aeabi_d2uiz
    planner.o(i.calculate_trapezoid_for_block) refers to dflti.o(.text) for __aeabi_i2d
    planner.o(i.calculate_trapezoid_for_block) refers to dmul.o(.text) for __aeabi_dmul
    planner.o(i.calculate_trapezoid_for_block) refers to dfixi.o(.text) for __aeabi_d2iz
    planner.o(i.calculate_trapezoid_for_block) refers to fflti.o(.text) for __aeabi_i2f
    planner.o(i.calculate_trapezoid_for_block) refers to planner.o(i.estimate_acceleration_distance) for estimate_acceleration_distance
    planner.o(i.calculate_trapezoid_for_block) refers to floor.o(i.floor) for floor
    planner.o(i.calculate_trapezoid_for_block) refers to fscalb.o(.text) for __ARM_scalbnf
    planner.o(i.calculate_trapezoid_for_block) refers to fadd.o(.text) for __aeabi_fsub
    planner.o(i.calculate_trapezoid_for_block) refers to fdiv.o(.text) for __aeabi_fdiv
    planner.o(i.estimate_acceleration_distance) refers to fscalb.o(.text) for __ARM_scalbnf
    planner.o(i.estimate_acceleration_distance) refers to fmul.o(.text) for __aeabi_fmul
    planner.o(i.estimate_acceleration_distance) refers to fadd.o(.text) for __aeabi_fsub
    planner.o(i.estimate_acceleration_distance) refers to fdiv.o(.text) for __aeabi_fdiv
    planner.o(i.max_allowable_speed) refers to fscalb.o(.text) for __ARM_scalbnf
    planner.o(i.max_allowable_speed) refers to fmul.o(.text) for __aeabi_fmul
    planner.o(i.max_allowable_speed) refers to fadd.o(.text) for __aeabi_fsub
    planner.o(i.max_allowable_speed) refers to f2d.o(.text) for __aeabi_f2d
    planner.o(i.max_allowable_speed) refers to sqrt.o(i.sqrt) for sqrt
    planner.o(i.max_allowable_speed) refers to d2f.o(.text) for __aeabi_d2f
    planner.o(i.plan_buffer_line) refers to fmul.o(.text) for __aeabi_fmul
    planner.o(i.plan_buffer_line) refers to f2d.o(.text) for __aeabi_f2d
    planner.o(i.plan_buffer_line) refers to dadd.o(.text) for __aeabi_dadd
    planner.o(i.plan_buffer_line) refers to dfixi.o(.text) for __aeabi_d2iz
    planner.o(i.plan_buffer_line) refers to fflti.o(.text) for __aeabi_i2f
    planner.o(i.plan_buffer_line) refers to fdiv.o(.text) for __aeabi_fdiv
    planner.o(i.plan_buffer_line) refers to fadd.o(.text) for __aeabi_fadd
    planner.o(i.plan_buffer_line) refers to sqrt.o(i.sqrt) for sqrt
    planner.o(i.plan_buffer_line) refers to d2f.o(.text) for __aeabi_d2f
    planner.o(i.plan_buffer_line) refers to ceil.o(i.ceil) for ceil
    planner.o(i.plan_buffer_line) refers to dfixui.o(.text) for __aeabi_d2uiz
    planner.o(i.plan_buffer_line) refers to cfcmple.o(.text) for __aeabi_cfcmple
    planner.o(i.plan_buffer_line) refers to dscalb.o(.text) for __ARM_scalbn
    planner.o(i.plan_buffer_line) refers to ddiv.o(.text) for __aeabi_ddiv
    planner.o(i.plan_buffer_line) refers to cdcmple.o(.text) for __aeabi_cdcmple
    planner.o(i.plan_buffer_line) refers to planner.o(i.max_allowable_speed) for max_allowable_speed
    planner.o(i.plan_buffer_line) refers to planner.o(i.next_block_index) for next_block_index
    planner.o(i.plan_buffer_line) refers to planner.o(i.planner_recalculate) for planner_recalculate
    planner.o(i.plan_buffer_line) refers to planner.o(.bss) for .bss
    planner.o(i.plan_buffer_line) refers to planner.o(.data) for .data
    planner.o(i.plan_buffer_line) refers to settings.o(.bss) for settings
    planner.o(i.plan_check_full_buffer) refers to planner.o(.data) for .data
    planner.o(i.plan_cycle_reinitialize) refers to fflti.o(.text) for __aeabi_i2f
    planner.o(i.plan_cycle_reinitialize) refers to fmul.o(.text) for __aeabi_fmul
    planner.o(i.plan_cycle_reinitialize) refers to fdiv.o(.text) for __aeabi_fdiv
    planner.o(i.plan_cycle_reinitialize) refers to planner.o(i.planner_recalculate) for planner_recalculate
    planner.o(i.plan_cycle_reinitialize) refers to planner.o(.bss) for .bss
    planner.o(i.plan_cycle_reinitialize) refers to planner.o(.data) for .data
    planner.o(i.plan_discard_current_block) refers to planner.o(i.next_block_index) for next_block_index
    planner.o(i.plan_discard_current_block) refers to planner.o(.data) for .data
    planner.o(i.plan_get_current_block) refers to planner.o(.data) for .data
    planner.o(i.plan_get_current_block) refers to planner.o(.bss) for .bss
    planner.o(i.plan_init) refers to planner.o(i.plan_reset_buffer) for plan_reset_buffer
    planner.o(i.plan_init) refers to memseta.o(.text) for __aeabi_memclr4
    planner.o(i.plan_init) refers to planner.o(.bss) for .bss
    planner.o(i.plan_reset_buffer) refers to planner.o(i.next_block_index) for next_block_index
    planner.o(i.plan_reset_buffer) refers to planner.o(.data) for .data
    planner.o(i.plan_set_current_position) refers to planner.o(.bss) for .bss
    planner.o(i.plan_synchronize) refers to protocol.o(i.protocol_execute_runtime) for protocol_execute_runtime
    planner.o(i.plan_synchronize) refers to planner.o(i.plan_get_current_block) for plan_get_current_block
    planner.o(i.planner_forward_pass_kernel) refers to cfcmple.o(.text) for __aeabi_cfcmple
    planner.o(i.planner_forward_pass_kernel) refers to planner.o(i.max_allowable_speed) for max_allowable_speed
    planner.o(i.planner_forward_pass_kernel) refers to cfrcmple.o(.text) for __aeabi_cfrcmple
    planner.o(i.planner_forward_pass_kernel) refers to settings.o(.bss) for settings
    planner.o(i.planner_recalculate) refers to planner.o(i.planner_reverse_pass_kernel) for planner_reverse_pass_kernel
    planner.o(i.planner_recalculate) refers to planner.o(i.planner_forward_pass_kernel) for planner_forward_pass_kernel
    planner.o(i.planner_recalculate) refers to planner.o(i.next_block_index) for next_block_index
    planner.o(i.planner_recalculate) refers to planner.o(i.planner_recalculate_trapezoids) for planner_recalculate_trapezoids
    planner.o(i.planner_recalculate) refers to planner.o(.data) for .data
    planner.o(i.planner_recalculate) refers to planner.o(.bss) for .bss
    planner.o(i.planner_recalculate_trapezoids) refers to fdiv.o(.text) for __aeabi_fdiv
    planner.o(i.planner_recalculate_trapezoids) refers to planner.o(i.calculate_trapezoid_for_block) for calculate_trapezoid_for_block
    planner.o(i.planner_recalculate_trapezoids) refers to planner.o(i.next_block_index) for next_block_index
    planner.o(i.planner_recalculate_trapezoids) refers to planner.o(.data) for .data
    planner.o(i.planner_recalculate_trapezoids) refers to planner.o(.bss) for .bss
    planner.o(i.planner_reverse_pass_kernel) refers to cfcmple.o(.text) for __aeabi_cfcmpeq
    planner.o(i.planner_reverse_pass_kernel) refers to cfrcmple.o(.text) for __aeabi_cfrcmple
    planner.o(i.planner_reverse_pass_kernel) refers to planner.o(i.max_allowable_speed) for max_allowable_speed
    planner.o(i.planner_reverse_pass_kernel) refers to settings.o(.bss) for settings
    atan2.o(i.__softfp_atan2) refers (Special) to iusefp.o(.text) for __I$use$fp
    atan2.o(i.__softfp_atan2) refers to atan2.o(i.atan2) for atan2
    atan2.o(i.atan2) refers (Special) to iusefp.o(.text) for __I$use$fp
    atan2.o(i.atan2) refers to dunder.o(i.__mathlib_dbl_infnan2) for __mathlib_dbl_infnan2
    atan2.o(i.atan2) refers to atan.o(i.atan) for atan
    atan2.o(i.atan2) refers to ddiv.o(.text) for __aeabi_ddiv
    atan2.o(i.atan2) refers to dadd.o(.text) for __aeabi_dsub
    atan2.o(i.atan2) refers to qnan.o(.constdata) for __mathlib_zero
    atan2_x.o(i.____softfp_atan2$lsc) refers (Special) to iusefp.o(.text) for __I$use$fp
    atan2_x.o(i.____softfp_atan2$lsc) refers to atan2_x.o(i.__atan2$lsc) for __atan2$lsc
    atan2_x.o(i.__atan2$lsc) refers (Special) to iusefp.o(.text) for __I$use$fp
    atan2_x.o(i.__atan2$lsc) refers to dunder.o(i.__mathlib_dbl_infnan2) for __mathlib_dbl_infnan2
    atan2_x.o(i.__atan2$lsc) refers to atan.o(i.atan) for atan
    atan2_x.o(i.__atan2$lsc) refers to errno.o(i.__set_errno) for __set_errno
    atan2_x.o(i.__atan2$lsc) refers to ddiv.o(.text) for __aeabi_ddiv
    atan2_x.o(i.__atan2$lsc) refers to dadd.o(.text) for __aeabi_dsub
    atan2_x.o(i.__atan2$lsc) refers to qnan.o(.constdata) for __mathlib_zero
    ceil.o(i.__softfp_ceil) refers (Special) to iusefp.o(.text) for __I$use$fp
    ceil.o(i.__softfp_ceil) refers to ceil.o(i.ceil) for ceil
    ceil.o(i.ceil) refers (Special) to iusefp.o(.text) for __I$use$fp
    ceil.o(i.ceil) refers to dadd.o(.text) for __aeabi_dadd
    ceil.o(i.ceil) refers to cdrcmple.o(.text) for __aeabi_cdrcmple
    cos.o(i.__softfp_cos) refers (Special) to iusefp.o(.text) for __I$use$fp
    cos.o(i.__softfp_cos) refers to cos.o(i.cos) for cos
    cos.o(i.cos) refers (Special) to iusefp.o(.text) for __I$use$fp
    cos.o(i.cos) refers to errno.o(i.__set_errno) for __set_errno
    cos.o(i.cos) refers to dunder.o(i.__mathlib_dbl_invalid) for __mathlib_dbl_invalid
    cos.o(i.cos) refers to dunder.o(i.__mathlib_dbl_infnan) for __mathlib_dbl_infnan
    cos.o(i.cos) refers to rred.o(i.__ieee754_rem_pio2) for __ieee754_rem_pio2
    cos.o(i.cos) refers to sin_i.o(i.__kernel_sin) for __kernel_sin
    cos.o(i.cos) refers to cos_i.o(i.__kernel_cos) for __kernel_cos
    cos_x.o(i.____softfp_cos$lsc) refers (Special) to iusefp.o(.text) for __I$use$fp
    cos_x.o(i.____softfp_cos$lsc) refers to cos_x.o(i.__cos$lsc) for __cos$lsc
    cos_x.o(i.__cos$lsc) refers (Special) to iusefp.o(.text) for __I$use$fp
    cos_x.o(i.__cos$lsc) refers to errno.o(i.__set_errno) for __set_errno
    cos_x.o(i.__cos$lsc) refers to dunder.o(i.__mathlib_dbl_infnan) for __mathlib_dbl_infnan
    cos_x.o(i.__cos$lsc) refers to rred.o(i.__ieee754_rem_pio2) for __ieee754_rem_pio2
    cos_x.o(i.__cos$lsc) refers to sin_i.o(i.__kernel_sin) for __kernel_sin
    cos_x.o(i.__cos$lsc) refers to cos_i.o(i.__kernel_cos) for __kernel_cos
    floor.o(i.__softfp_floor) refers (Special) to iusefp.o(.text) for __I$use$fp
    floor.o(i.__softfp_floor) refers to floor.o(i.floor) for floor
    floor.o(i.floor) refers (Special) to iusefp.o(.text) for __I$use$fp
    floor.o(i.floor) refers to dadd.o(.text) for __aeabi_dadd
    floor.o(i.floor) refers to cdrcmple.o(.text) for __aeabi_cdrcmple
    hypot.o(i.__softfp_hypot) refers (Special) to iusefp.o(.text) for __I$use$fp
    hypot.o(i.__softfp_hypot) refers to hypot.o(i.hypot) for hypot
    hypot.o(i.hypot) refers (Special) to iusefp.o(.text) for __I$use$fp
    hypot.o(i.hypot) refers to dadd.o(.text) for __aeabi_dadd
    hypot.o(i.hypot) refers to dunder.o(i.__mathlib_dbl_infnan2) for __mathlib_dbl_infnan2
    hypot.o(i.hypot) refers to dmul.o(.text) for __aeabi_dmul
    hypot.o(i.hypot) refers to cdrcmple.o(.text) for __aeabi_cdrcmple
    hypot.o(i.hypot) refers to sqrt.o(i.sqrt) for sqrt
    hypot.o(i.hypot) refers to dscalb.o(.text) for __ARM_scalbn
    hypot.o(i.hypot) refers to errno.o(i.__set_errno) for __set_errno
    hypot.o(i.hypot) refers to dunder.o(i.__mathlib_dbl_overflow) for __mathlib_dbl_overflow
    hypot.o(i.hypot) refers to fpclassify.o(i.__ARM_fpclassify) for __ARM_fpclassify
    hypot.o(i.hypot) refers to dunder.o(i.__mathlib_dbl_underflow) for __mathlib_dbl_underflow
    hypot_x.o(i.____softfp_hypot$lsc) refers (Special) to iusefp.o(.text) for __I$use$fp
    hypot_x.o(i.____softfp_hypot$lsc) refers to hypot_x.o(i.__hypot$lsc) for __hypot$lsc
    hypot_x.o(i.__hypot$lsc) refers (Special) to iusefp.o(.text) for __I$use$fp
    hypot_x.o(i.__hypot$lsc) refers to dadd.o(.text) for __aeabi_dadd
    hypot_x.o(i.__hypot$lsc) refers to dunder.o(i.__mathlib_dbl_infnan2) for __mathlib_dbl_infnan2
    hypot_x.o(i.__hypot$lsc) refers to dmul.o(.text) for __aeabi_dmul
    hypot_x.o(i.__hypot$lsc) refers to cdrcmple.o(.text) for __aeabi_cdrcmple
    hypot_x.o(i.__hypot$lsc) refers to sqrt.o(i.sqrt) for sqrt
    hypot_x.o(i.__hypot$lsc) refers to dscalb.o(.text) for __ARM_scalbn
    hypot_x.o(i.__hypot$lsc) refers to errno.o(i.__set_errno) for __set_errno
    sin.o(i.__softfp_sin) refers (Special) to iusefp.o(.text) for __I$use$fp
    sin.o(i.__softfp_sin) refers to sin.o(i.sin) for sin
    sin.o(i.sin) refers (Special) to iusefp.o(.text) for __I$use$fp
    sin.o(i.sin) refers to errno.o(i.__set_errno) for __set_errno
    sin.o(i.sin) refers to dunder.o(i.__mathlib_dbl_invalid) for __mathlib_dbl_invalid
    sin.o(i.sin) refers to dunder.o(i.__mathlib_dbl_infnan) for __mathlib_dbl_infnan
    sin.o(i.sin) refers to rred.o(i.__ieee754_rem_pio2) for __ieee754_rem_pio2
    sin.o(i.sin) refers to cos_i.o(i.__kernel_cos) for __kernel_cos
    sin.o(i.sin) refers to sin_i.o(i.__kernel_sin) for __kernel_sin
    sin_x.o(i.____softfp_sin$lsc) refers (Special) to iusefp.o(.text) for __I$use$fp
    sin_x.o(i.____softfp_sin$lsc) refers to sin_x.o(i.__sin$lsc) for __sin$lsc
    sin_x.o(i.__sin$lsc) refers (Special) to iusefp.o(.text) for __I$use$fp
    sin_x.o(i.__sin$lsc) refers to errno.o(i.__set_errno) for __set_errno
    sin_x.o(i.__sin$lsc) refers to dunder.o(i.__mathlib_dbl_infnan) for __mathlib_dbl_infnan
    sin_x.o(i.__sin$lsc) refers to rred.o(i.__ieee754_rem_pio2) for __ieee754_rem_pio2
    sin_x.o(i.__sin$lsc) refers to cos_i.o(i.__kernel_cos) for __kernel_cos
    sin_x.o(i.__sin$lsc) refers to sin_i.o(i.__kernel_sin) for __kernel_sin
    sqrt.o(i.__softfp_sqrt) refers (Special) to iusefp.o(.text) for __I$use$fp
    sqrt.o(i.__softfp_sqrt) refers to dsqrt.o(.text) for _dsqrt
    sqrt.o(i.__softfp_sqrt) refers to errno.o(i.__set_errno) for __set_errno
    sqrt.o(i.sqrt) refers (Special) to iusefp.o(.text) for __I$use$fp
    sqrt.o(i.sqrt) refers to dsqrt.o(.text) for _dsqrt
    sqrt.o(i.sqrt) refers to errno.o(i.__set_errno) for __set_errno
    sqrt_x.o(i.____softfp_sqrt$lsc) refers (Special) to iusefp.o(.text) for __I$use$fp
    sqrt_x.o(i.____softfp_sqrt$lsc) refers to cdcmple.o(.text) for __aeabi_cdcmple
    sqrt_x.o(i.____softfp_sqrt$lsc) refers to errno.o(i.__set_errno) for __set_errno
    sqrt_x.o(i.____softfp_sqrt$lsc) refers to dsqrt.o(.text) for _dsqrt
    sqrt_x.o(i.__sqrt$lsc) refers (Special) to iusefp.o(.text) for __I$use$fp
    sqrt_x.o(i.__sqrt$lsc) refers to cdcmple.o(.text) for __aeabi_cdcmple
    sqrt_x.o(i.__sqrt$lsc) refers to errno.o(i.__set_errno) for __set_errno
    sqrt_x.o(i.__sqrt$lsc) refers to dsqrt.o(.text) for _dsqrt
    entry.o(.ARM.Collect$$$$00000000) refers (Special) to entry10a.o(.ARM.Collect$$$$0000000D) for __rt_final_cpp
    entry.o(.ARM.Collect$$$$00000000) refers (Special) to entry11a.o(.ARM.Collect$$$$0000000F) for __rt_final_exit
    entry.o(.ARM.Collect$$$$00000000) refers (Special) to entry7b.o(.ARM.Collect$$$$00000008) for _main_clock
    entry.o(.ARM.Collect$$$$00000000) refers (Special) to entry8b.o(.ARM.Collect$$$$0000000A) for _main_cpp_init
    entry.o(.ARM.Collect$$$$00000000) refers (Special) to entry9a.o(.ARM.Collect$$$$0000000B) for _main_init
    entry.o(.ARM.Collect$$$$00000000) refers (Special) to entry5.o(.ARM.Collect$$$$00000004) for _main_scatterload
    entry.o(.ARM.Collect$$$$00000000) refers (Special) to entry2.o(.ARM.Collect$$$$00000001) for _main_stk
    printfb.o(i.__0fprintf$bare) refers to printfb.o(i._printf_core) for _printf_core
    printfb.o(i.__0fprintf$bare) refers to main.o(i.fputc) for fputc
    printfb.o(i.__0printf$bare) refers to printfb.o(i._printf_core) for _printf_core
    printfb.o(i.__0printf$bare) refers to main.o(i.fputc) for fputc
    printfb.o(i.__0printf$bare) refers to stdout.o(.data) for __stdout
    printfb.o(i.__0snprintf$bare) refers to printfb.o(i._printf_core) for _printf_core
    printfb.o(i.__0snprintf$bare) refers to printfb.o(i._snputc) for _snputc
    printfb.o(i.__0sprintf$bare) refers to printfb.o(i._printf_core) for _printf_core
    printfb.o(i.__0sprintf$bare) refers to printfb.o(i._sputc) for _sputc
    printfb.o(i.__0vfprintf$bare) refers to printfb.o(i._printf_core) for _printf_core
    printfb.o(i.__0vfprintf$bare) refers to main.o(i.fputc) for fputc
    printfb.o(i.__0vprintf$bare) refers to printfb.o(i._printf_core) for _printf_core
    printfb.o(i.__0vprintf$bare) refers to main.o(i.fputc) for fputc
    printfb.o(i.__0vprintf$bare) refers to stdout.o(.data) for __stdout
    printfb.o(i.__0vsnprintf$bare) refers to printfb.o(i._printf_core) for _printf_core
    printfb.o(i.__0vsnprintf$bare) refers to printfb.o(i._snputc) for _snputc
    printfb.o(i.__0vsprintf$bare) refers to printfb.o(i._printf_core) for _printf_core
    printfb.o(i.__0vsprintf$bare) refers to printfb.o(i._sputc) for _sputc
    printf0.o(i.__0fprintf$0) refers to printf0.o(i._printf_core) for _printf_core
    printf0.o(i.__0fprintf$0) refers to main.o(i.fputc) for fputc
    printf0.o(i.__0printf$0) refers to printf0.o(i._printf_core) for _printf_core
    printf0.o(i.__0printf$0) refers to main.o(i.fputc) for fputc
    printf0.o(i.__0printf$0) refers to stdout.o(.data) for __stdout
    printf0.o(i.__0snprintf$0) refers to printf0.o(i._printf_core) for _printf_core
    printf0.o(i.__0snprintf$0) refers to printf0.o(i._snputc) for _snputc
    printf0.o(i.__0sprintf$0) refers to printf0.o(i._printf_core) for _printf_core
    printf0.o(i.__0sprintf$0) refers to printf0.o(i._sputc) for _sputc
    printf0.o(i.__0vfprintf$0) refers to printf0.o(i._printf_core) for _printf_core
    printf0.o(i.__0vfprintf$0) refers to main.o(i.fputc) for fputc
    printf0.o(i.__0vprintf$0) refers to printf0.o(i._printf_core) for _printf_core
    printf0.o(i.__0vprintf$0) refers to main.o(i.fputc) for fputc
    printf0.o(i.__0vprintf$0) refers to stdout.o(.data) for __stdout
    printf0.o(i.__0vsnprintf$0) refers to printf0.o(i._printf_core) for _printf_core
    printf0.o(i.__0vsnprintf$0) refers to printf0.o(i._snputc) for _snputc
    printf0.o(i.__0vsprintf$0) refers to printf0.o(i._printf_core) for _printf_core
    printf0.o(i.__0vsprintf$0) refers to printf0.o(i._sputc) for _sputc
    printf1.o(i.__0fprintf$1) refers to printf1.o(i._printf_core) for _printf_core
    printf1.o(i.__0fprintf$1) refers to main.o(i.fputc) for fputc
    printf1.o(i.__0printf$1) refers to printf1.o(i._printf_core) for _printf_core
    printf1.o(i.__0printf$1) refers to main.o(i.fputc) for fputc
    printf1.o(i.__0printf$1) refers to stdout.o(.data) for __stdout
    printf1.o(i.__0snprintf$1) refers to printf1.o(i._printf_core) for _printf_core
    printf1.o(i.__0snprintf$1) refers to printf1.o(i._snputc) for _snputc
    printf1.o(i.__0sprintf$1) refers to printf1.o(i._printf_core) for _printf_core
    printf1.o(i.__0sprintf$1) refers to printf1.o(i._sputc) for _sputc
    printf1.o(i.__0vfprintf$1) refers to printf1.o(i._printf_core) for _printf_core
    printf1.o(i.__0vfprintf$1) refers to main.o(i.fputc) for fputc
    printf1.o(i.__0vprintf$1) refers to printf1.o(i._printf_core) for _printf_core
    printf1.o(i.__0vprintf$1) refers to main.o(i.fputc) for fputc
    printf1.o(i.__0vprintf$1) refers to stdout.o(.data) for __stdout
    printf1.o(i.__0vsnprintf$1) refers to printf1.o(i._printf_core) for _printf_core
    printf1.o(i.__0vsnprintf$1) refers to printf1.o(i._snputc) for _snputc
    printf1.o(i.__0vsprintf$1) refers to printf1.o(i._printf_core) for _printf_core
    printf1.o(i.__0vsprintf$1) refers to printf1.o(i._sputc) for _sputc
    printf1.o(i._printf_core) refers to uidiv.o(.text) for __aeabi_uidivmod
    printf2.o(i.__0fprintf$2) refers to printf2.o(i._printf_core) for _printf_core
    printf2.o(i.__0fprintf$2) refers to main.o(i.fputc) for fputc
    printf2.o(i.__0printf$2) refers to printf2.o(i._printf_core) for _printf_core
    printf2.o(i.__0printf$2) refers to main.o(i.fputc) for fputc
    printf2.o(i.__0printf$2) refers to stdout.o(.data) for __stdout
    printf2.o(i.__0snprintf$2) refers to printf2.o(i._printf_core) for _printf_core
    printf2.o(i.__0snprintf$2) refers to printf2.o(i._snputc) for _snputc
    printf2.o(i.__0sprintf$2) refers to printf2.o(i._printf_core) for _printf_core
    printf2.o(i.__0sprintf$2) refers to printf2.o(i._sputc) for _sputc
    printf2.o(i.__0vfprintf$2) refers to printf2.o(i._printf_core) for _printf_core
    printf2.o(i.__0vfprintf$2) refers to main.o(i.fputc) for fputc
    printf2.o(i.__0vprintf$2) refers to printf2.o(i._printf_core) for _printf_core
    printf2.o(i.__0vprintf$2) refers to main.o(i.fputc) for fputc
    printf2.o(i.__0vprintf$2) refers to stdout.o(.data) for __stdout
    printf2.o(i.__0vsnprintf$2) refers to printf2.o(i._printf_core) for _printf_core
    printf2.o(i.__0vsnprintf$2) refers to printf2.o(i._snputc) for _snputc
    printf2.o(i.__0vsprintf$2) refers to printf2.o(i._printf_core) for _printf_core
    printf2.o(i.__0vsprintf$2) refers to printf2.o(i._sputc) for _sputc
    printf3.o(i.__0fprintf$3) refers to printf3.o(i._printf_core) for _printf_core
    printf3.o(i.__0fprintf$3) refers to main.o(i.fputc) for fputc
    printf3.o(i.__0printf$3) refers to printf3.o(i._printf_core) for _printf_core
    printf3.o(i.__0printf$3) refers to main.o(i.fputc) for fputc
    printf3.o(i.__0printf$3) refers to stdout.o(.data) for __stdout
    printf3.o(i.__0snprintf$3) refers to printf3.o(i._printf_core) for _printf_core
    printf3.o(i.__0snprintf$3) refers to printf3.o(i._snputc) for _snputc
    printf3.o(i.__0sprintf$3) refers to printf3.o(i._printf_core) for _printf_core
    printf3.o(i.__0sprintf$3) refers to printf3.o(i._sputc) for _sputc
    printf3.o(i.__0vfprintf$3) refers to printf3.o(i._printf_core) for _printf_core
    printf3.o(i.__0vfprintf$3) refers to main.o(i.fputc) for fputc
    printf3.o(i.__0vprintf$3) refers to printf3.o(i._printf_core) for _printf_core
    printf3.o(i.__0vprintf$3) refers to main.o(i.fputc) for fputc
    printf3.o(i.__0vprintf$3) refers to stdout.o(.data) for __stdout
    printf3.o(i.__0vsnprintf$3) refers to printf3.o(i._printf_core) for _printf_core
    printf3.o(i.__0vsnprintf$3) refers to printf3.o(i._snputc) for _snputc
    printf3.o(i.__0vsprintf$3) refers to printf3.o(i._printf_core) for _printf_core
    printf3.o(i.__0vsprintf$3) refers to printf3.o(i._sputc) for _sputc
    printf3.o(i._printf_core) refers to uidiv.o(.text) for __aeabi_uidivmod
    printf4.o(i.__0fprintf$4) refers to printf4.o(i._printf_core) for _printf_core
    printf4.o(i.__0fprintf$4) refers to main.o(i.fputc) for fputc
    printf4.o(i.__0printf$4) refers to printf4.o(i._printf_core) for _printf_core
    printf4.o(i.__0printf$4) refers to main.o(i.fputc) for fputc
    printf4.o(i.__0printf$4) refers to stdout.o(.data) for __stdout
    printf4.o(i.__0snprintf$4) refers to printf4.o(i._printf_core) for _printf_core
    printf4.o(i.__0snprintf$4) refers to printf4.o(i._snputc) for _snputc
    printf4.o(i.__0sprintf$4) refers to printf4.o(i._printf_core) for _printf_core
    printf4.o(i.__0sprintf$4) refers to printf4.o(i._sputc) for _sputc
    printf4.o(i.__0vfprintf$4) refers to printf4.o(i._printf_core) for _printf_core
    printf4.o(i.__0vfprintf$4) refers to main.o(i.fputc) for fputc
    printf4.o(i.__0vprintf$4) refers to printf4.o(i._printf_core) for _printf_core
    printf4.o(i.__0vprintf$4) refers to main.o(i.fputc) for fputc
    printf4.o(i.__0vprintf$4) refers to stdout.o(.data) for __stdout
    printf4.o(i.__0vsnprintf$4) refers to printf4.o(i._printf_core) for _printf_core
    printf4.o(i.__0vsnprintf$4) refers to printf4.o(i._snputc) for _snputc
    printf4.o(i.__0vsprintf$4) refers to printf4.o(i._printf_core) for _printf_core
    printf4.o(i.__0vsprintf$4) refers to printf4.o(i._sputc) for _sputc
    printf4.o(i._printf_core) refers to uldiv.o(.text) for __aeabi_uldivmod
    printf5.o(i.__0fprintf$5) refers to printf5.o(i._printf_core) for _printf_core
    printf5.o(i.__0fprintf$5) refers to main.o(i.fputc) for fputc
    printf5.o(i.__0printf$5) refers to printf5.o(i._printf_core) for _printf_core
    printf5.o(i.__0printf$5) refers to main.o(i.fputc) for fputc
    printf5.o(i.__0printf$5) refers to stdout.o(.data) for __stdout
    printf5.o(i.__0snprintf$5) refers to printf5.o(i._printf_core) for _printf_core
    printf5.o(i.__0snprintf$5) refers to printf5.o(i._snputc) for _snputc
    printf5.o(i.__0sprintf$5) refers to printf5.o(i._printf_core) for _printf_core
    printf5.o(i.__0sprintf$5) refers to printf5.o(i._sputc) for _sputc
    printf5.o(i.__0vfprintf$5) refers to printf5.o(i._printf_core) for _printf_core
    printf5.o(i.__0vfprintf$5) refers to main.o(i.fputc) for fputc
    printf5.o(i.__0vprintf$5) refers to printf5.o(i._printf_core) for _printf_core
    printf5.o(i.__0vprintf$5) refers to main.o(i.fputc) for fputc
    printf5.o(i.__0vprintf$5) refers to stdout.o(.data) for __stdout
    printf5.o(i.__0vsnprintf$5) refers to printf5.o(i._printf_core) for _printf_core
    printf5.o(i.__0vsnprintf$5) refers to printf5.o(i._snputc) for _snputc
    printf5.o(i.__0vsprintf$5) refers to printf5.o(i._printf_core) for _printf_core
    printf5.o(i.__0vsprintf$5) refers to printf5.o(i._sputc) for _sputc
    printf5.o(i._printf_core) refers to uldiv.o(.text) for __aeabi_uldivmod
    printf6.o(i.__0fprintf$6) refers to printf6.o(i._printf_core) for _printf_core
    printf6.o(i.__0fprintf$6) refers to main.o(i.fputc) for fputc
    printf6.o(i.__0printf$6) refers to printf6.o(i._printf_core) for _printf_core
    printf6.o(i.__0printf$6) refers to main.o(i.fputc) for fputc
    printf6.o(i.__0printf$6) refers to stdout.o(.data) for __stdout
    printf6.o(i.__0snprintf$6) refers to printf6.o(i._printf_core) for _printf_core
    printf6.o(i.__0snprintf$6) refers to printf6.o(i._snputc) for _snputc
    printf6.o(i.__0sprintf$6) refers to printf6.o(i._printf_core) for _printf_core
    printf6.o(i.__0sprintf$6) refers to printf6.o(i._sputc) for _sputc
    printf6.o(i.__0vfprintf$6) refers to printf6.o(i._printf_core) for _printf_core
    printf6.o(i.__0vfprintf$6) refers to main.o(i.fputc) for fputc
    printf6.o(i.__0vprintf$6) refers to printf6.o(i._printf_core) for _printf_core
    printf6.o(i.__0vprintf$6) refers to main.o(i.fputc) for fputc
    printf6.o(i.__0vprintf$6) refers to stdout.o(.data) for __stdout
    printf6.o(i.__0vsnprintf$6) refers to printf6.o(i._printf_core) for _printf_core
    printf6.o(i.__0vsnprintf$6) refers to printf6.o(i._snputc) for _snputc
    printf6.o(i.__0vsprintf$6) refers to printf6.o(i._printf_core) for _printf_core
    printf6.o(i.__0vsprintf$6) refers to printf6.o(i._sputc) for _sputc
    printf6.o(i._printf_core) refers to printf6.o(i._printf_pre_padding) for _printf_pre_padding
    printf6.o(i._printf_core) refers to uidiv.o(.text) for __aeabi_uidivmod
    printf6.o(i._printf_core) refers to printf6.o(i._printf_post_padding) for _printf_post_padding
    printf7.o(i.__0fprintf$7) refers to printf7.o(i._printf_core) for _printf_core
    printf7.o(i.__0fprintf$7) refers to main.o(i.fputc) for fputc
    printf7.o(i.__0printf$7) refers to printf7.o(i._printf_core) for _printf_core
    printf7.o(i.__0printf$7) refers to main.o(i.fputc) for fputc
    printf7.o(i.__0printf$7) refers to stdout.o(.data) for __stdout
    printf7.o(i.__0snprintf$7) refers to printf7.o(i._printf_core) for _printf_core
    printf7.o(i.__0snprintf$7) refers to printf7.o(i._snputc) for _snputc
    printf7.o(i.__0sprintf$7) refers to printf7.o(i._printf_core) for _printf_core
    printf7.o(i.__0sprintf$7) refers to printf7.o(i._sputc) for _sputc
    printf7.o(i.__0vfprintf$7) refers to printf7.o(i._printf_core) for _printf_core
    printf7.o(i.__0vfprintf$7) refers to main.o(i.fputc) for fputc
    printf7.o(i.__0vprintf$7) refers to printf7.o(i._printf_core) for _printf_core
    printf7.o(i.__0vprintf$7) refers to main.o(i.fputc) for fputc
    printf7.o(i.__0vprintf$7) refers to stdout.o(.data) for __stdout
    printf7.o(i.__0vsnprintf$7) refers to printf7.o(i._printf_core) for _printf_core
    printf7.o(i.__0vsnprintf$7) refers to printf7.o(i._snputc) for _snputc
    printf7.o(i.__0vsprintf$7) refers to printf7.o(i._printf_core) for _printf_core
    printf7.o(i.__0vsprintf$7) refers to printf7.o(i._sputc) for _sputc
    printf7.o(i._printf_core) refers to printf7.o(i._printf_pre_padding) for _printf_pre_padding
    printf7.o(i._printf_core) refers to uldiv.o(.text) for __aeabi_uldivmod
    printf7.o(i._printf_core) refers to printf7.o(i._printf_post_padding) for _printf_post_padding
    printf8.o(i.__0fprintf$8) refers to printf8.o(i._printf_core) for _printf_core
    printf8.o(i.__0fprintf$8) refers to main.o(i.fputc) for fputc
    printf8.o(i.__0printf$8) refers to printf8.o(i._printf_core) for _printf_core
    printf8.o(i.__0printf$8) refers to main.o(i.fputc) for fputc
    printf8.o(i.__0printf$8) refers to stdout.o(.data) for __stdout
    printf8.o(i.__0snprintf$8) refers to printf8.o(i._printf_core) for _printf_core
    printf8.o(i.__0snprintf$8) refers to printf8.o(i._snputc) for _snputc
    printf8.o(i.__0sprintf$8) refers to printf8.o(i._printf_core) for _printf_core
    printf8.o(i.__0sprintf$8) refers to printf8.o(i._sputc) for _sputc
    printf8.o(i.__0vfprintf$8) refers to printf8.o(i._printf_core) for _printf_core
    printf8.o(i.__0vfprintf$8) refers to main.o(i.fputc) for fputc
    printf8.o(i.__0vprintf$8) refers to printf8.o(i._printf_core) for _printf_core
    printf8.o(i.__0vprintf$8) refers to main.o(i.fputc) for fputc
    printf8.o(i.__0vprintf$8) refers to stdout.o(.data) for __stdout
    printf8.o(i.__0vsnprintf$8) refers to printf8.o(i._printf_core) for _printf_core
    printf8.o(i.__0vsnprintf$8) refers to printf8.o(i._snputc) for _snputc
    printf8.o(i.__0vsprintf$8) refers to printf8.o(i._printf_core) for _printf_core
    printf8.o(i.__0vsprintf$8) refers to printf8.o(i._sputc) for _sputc
    printf8.o(i._printf_core) refers to printf8.o(i._printf_pre_padding) for _printf_pre_padding
    printf8.o(i._printf_core) refers to uldiv.o(.text) for __aeabi_uldivmod
    printf8.o(i._printf_core) refers to printf8.o(i._printf_post_padding) for _printf_post_padding
    printfa.o(i.__0fprintf) refers (Special) to iusefp.o(.text) for __I$use$fp
    printfa.o(i.__0fprintf) refers to printfa.o(i._printf_core) for _printf_core
    printfa.o(i.__0fprintf) refers to main.o(i.fputc) for fputc
    printfa.o(i.__0printf) refers (Special) to iusefp.o(.text) for __I$use$fp
    printfa.o(i.__0printf) refers to printfa.o(i._printf_core) for _printf_core
    printfa.o(i.__0printf) refers to main.o(i.fputc) for fputc
    printfa.o(i.__0printf) refers to stdout.o(.data) for __stdout
    printfa.o(i.__0snprintf) refers (Special) to iusefp.o(.text) for __I$use$fp
    printfa.o(i.__0snprintf) refers to printfa.o(i._printf_core) for _printf_core
    printfa.o(i.__0snprintf) refers to printfa.o(i._snputc) for _snputc
    printfa.o(i.__0sprintf) refers (Special) to iusefp.o(.text) for __I$use$fp
    printfa.o(i.__0sprintf) refers to printfa.o(i._printf_core) for _printf_core
    printfa.o(i.__0sprintf) refers to printfa.o(i._sputc) for _sputc
    printfa.o(i.__0vfprintf) refers (Special) to iusefp.o(.text) for __I$use$fp
    printfa.o(i.__0vfprintf) refers to printfa.o(i._printf_core) for _printf_core
    printfa.o(i.__0vfprintf) refers to main.o(i.fputc) for fputc
    printfa.o(i.__0vprintf) refers (Special) to iusefp.o(.text) for __I$use$fp
    printfa.o(i.__0vprintf) refers to printfa.o(i._printf_core) for _printf_core
    printfa.o(i.__0vprintf) refers to main.o(i.fputc) for fputc
    printfa.o(i.__0vprintf) refers to stdout.o(.data) for __stdout
    printfa.o(i.__0vsnprintf) refers (Special) to iusefp.o(.text) for __I$use$fp
    printfa.o(i.__0vsnprintf) refers to printfa.o(i._printf_core) for _printf_core
    printfa.o(i.__0vsnprintf) refers to printfa.o(i._snputc) for _snputc
    printfa.o(i.__0vsprintf) refers (Special) to iusefp.o(.text) for __I$use$fp
    printfa.o(i.__0vsprintf) refers to printfa.o(i._printf_core) for _printf_core
    printfa.o(i.__0vsprintf) refers to printfa.o(i._sputc) for _sputc
    printfa.o(i._fp_digits) refers (Special) to iusefp.o(.text) for __I$use$fp
    printfa.o(i._fp_digits) refers to dmul.o(.text) for __aeabi_dmul
    printfa.o(i._fp_digits) refers to ddiv.o(.text) for __aeabi_ddiv
    printfa.o(i._fp_digits) refers to cdrcmple.o(.text) for __aeabi_cdrcmple
    printfa.o(i._fp_digits) refers to dadd.o(.text) for __aeabi_dadd
    printfa.o(i._fp_digits) refers to dfixul.o(.text) for __aeabi_d2ulz
    printfa.o(i._fp_digits) refers to uldiv.o(.text) for __aeabi_uldivmod
    printfa.o(i._printf_core) refers (Special) to iusefp.o(.text) for __I$use$fp
    printfa.o(i._printf_core) refers to printfa.o(i._printf_pre_padding) for _printf_pre_padding
    printfa.o(i._printf_core) refers to uldiv.o(.text) for __aeabi_uldivmod
    printfa.o(i._printf_core) refers to printfa.o(i._printf_post_padding) for _printf_post_padding
    printfa.o(i._printf_core) refers to printfa.o(i._fp_digits) for _fp_digits
    printfa.o(i._printf_core) refers to uidiv.o(.text) for __aeabi_uidivmod
    printfa.o(i._printf_post_padding) refers (Special) to iusefp.o(.text) for __I$use$fp
    printfa.o(i._printf_pre_padding) refers (Special) to iusefp.o(.text) for __I$use$fp
    printfa.o(i._snputc) refers (Special) to iusefp.o(.text) for __I$use$fp
    printfa.o(i._sputc) refers (Special) to iusefp.o(.text) for __I$use$fp
    fadd.o(.text) refers (Special) to iusefp.o(.text) for __I$use$fp
    fadd.o(.text) refers to fepilogue.o(.text) for _float_epilogue
    fmul.o(.text) refers (Special) to iusefp.o(.text) for __I$use$fp
    fdiv.o(.text) refers (Special) to iusefp.o(.text) for __I$use$fp
    fdiv.o(.text) refers to fepilogue.o(.text) for _float_round
    fscalb.o(.text) refers (Special) to iusefp.o(.text) for __I$use$fp
    dadd.o(.text) refers (Special) to iusefp.o(.text) for __I$use$fp
    dadd.o(.text) refers to llshl.o(.text) for __aeabi_llsl
    dadd.o(.text) refers to llsshr.o(.text) for __aeabi_lasr
    dadd.o(.text) refers to depilogue.o(.text) for _double_epilogue
    dmul.o(.text) refers (Special) to iusefp.o(.text) for __I$use$fp
    dmul.o(.text) refers to depilogue.o(.text) for _double_epilogue
    ddiv.o(.text) refers (Special) to iusefp.o(.text) for __I$use$fp
    ddiv.o(.text) refers to depilogue.o(.text) for _double_round
    dscalb.o(.text) refers (Special) to iusefp.o(.text) for __I$use$fp
    fflti.o(.text) refers (Special) to iusefp.o(.text) for __I$use$fp
    fflti.o(.text) refers to fepilogue.o(.text) for _float_epilogue
    ffltui.o(.text) refers (Special) to iusefp.o(.text) for __I$use$fp
    ffltui.o(.text) refers to fepilogue.o(.text) for _float_epilogue
    dflti.o(.text) refers (Special) to iusefp.o(.text) for __I$use$fp
    dflti.o(.text) refers to depilogue.o(.text) for _double_epilogue
    dfltui.o(.text) refers (Special) to iusefp.o(.text) for __I$use$fp
    dfltui.o(.text) refers to depilogue.o(.text) for _double_epilogue
    ffixi.o(.text) refers (Special) to iusefp.o(.text) for __I$use$fp
    ffixui.o(.text) refers (Special) to iusefp.o(.text) for __I$use$fp
    dfixi.o(.text) refers (Special) to iusefp.o(.text) for __I$use$fp
    dfixi.o(.text) refers to llushr.o(.text) for __aeabi_llsr
    dfixui.o(.text) refers (Special) to iusefp.o(.text) for __I$use$fp
    dfixui.o(.text) refers to llushr.o(.text) for __aeabi_llsr
    f2d.o(.text) refers (Special) to iusefp.o(.text) for __I$use$fp
    cdcmple.o(.text) refers (Special) to iusefp.o(.text) for __I$use$fp
    d2f.o(.text) refers (Special) to iusefp.o(.text) for __I$use$fp
    d2f.o(.text) refers to fepilogue.o(.text) for _float_round
    cfcmple.o(.text) refers (Special) to iusefp.o(.text) for __I$use$fp
    cfrcmple.o(.text) refers (Special) to iusefp.o(.text) for __I$use$fp
    atan.o(i.__softfp_atan) refers (Special) to iusefp.o(.text) for __I$use$fp
    atan.o(i.__softfp_atan) refers to atan.o(i.atan) for atan
    atan.o(i.atan) refers (Special) to iusefp.o(.text) for __I$use$fp
    atan.o(i.atan) refers to dunder.o(i.__mathlib_dbl_infnan) for __mathlib_dbl_infnan
    atan.o(i.atan) refers to fpclassify.o(i.__ARM_fpclassify) for __ARM_fpclassify
    atan.o(i.atan) refers to dunder.o(i.__mathlib_dbl_underflow) for __mathlib_dbl_underflow
    atan.o(i.atan) refers to dadd.o(.text) for __aeabi_dadd
    atan.o(i.atan) refers to dscalb.o(.text) for __ARM_scalbn
    atan.o(i.atan) refers to ddiv.o(.text) for __aeabi_ddiv
    atan.o(i.atan) refers to dmul.o(.text) for __aeabi_dmul
    atan.o(i.atan) refers to poly.o(i.__kernel_poly) for __kernel_poly
    atan.o(i.atan) refers to atan.o(.constdata) for .constdata
    atan.o(.constdata) refers (Special) to iusefp.o(.text) for __I$use$fp
    atan_x.o(i.____softfp_atan$lsc) refers (Special) to iusefp.o(.text) for __I$use$fp
    atan_x.o(i.____softfp_atan$lsc) refers to atan_x.o(i.__atan$lsc) for __atan$lsc
    atan_x.o(i.__atan$lsc) refers (Special) to iusefp.o(.text) for __I$use$fp
    atan_x.o(i.__atan$lsc) refers to dunder.o(i.__mathlib_dbl_infnan) for __mathlib_dbl_infnan
    atan_x.o(i.__atan$lsc) refers to dadd.o(.text) for __aeabi_dadd
    atan_x.o(i.__atan$lsc) refers to dscalb.o(.text) for __ARM_scalbn
    atan_x.o(i.__atan$lsc) refers to ddiv.o(.text) for __aeabi_ddiv
    atan_x.o(i.__atan$lsc) refers to dmul.o(.text) for __aeabi_dmul
    atan_x.o(i.__atan$lsc) refers to poly.o(i.__kernel_poly) for __kernel_poly
    atan_x.o(i.__atan$lsc) refers to atan_x.o(.constdata) for .constdata
    atan_x.o(.constdata) refers (Special) to iusefp.o(.text) for __I$use$fp
    cos_i.o(i.__kernel_cos) refers (Special) to iusefp.o(.text) for __I$use$fp
    cos_i.o(i.__kernel_cos) refers to dfixi.o(.text) for __aeabi_d2iz
    cos_i.o(i.__kernel_cos) refers to dmul.o(.text) for __aeabi_dmul
    cos_i.o(i.__kernel_cos) refers to poly.o(i.__kernel_poly) for __kernel_poly
    cos_i.o(i.__kernel_cos) refers to dadd.o(.text) for __aeabi_dsub
    cos_i.o(i.__kernel_cos) refers to dscalb.o(.text) for __ARM_scalbn
    cos_i.o(i.__kernel_cos) refers to cos_i.o(.constdata) for .constdata
    cos_i.o(.constdata) refers (Special) to iusefp.o(.text) for __I$use$fp
    dunder.o(i.__mathlib_dbl_divzero) refers to ddiv.o(.text) for __aeabi_ddiv
    dunder.o(i.__mathlib_dbl_infnan) refers to dscalb.o(.text) for __ARM_scalbn
    dunder.o(i.__mathlib_dbl_infnan2) refers to dadd.o(.text) for __aeabi_dadd
    dunder.o(i.__mathlib_dbl_invalid) refers to ddiv.o(.text) for __aeabi_ddiv
    dunder.o(i.__mathlib_dbl_overflow) refers to dscalb.o(.text) for __ARM_scalbn
    dunder.o(i.__mathlib_dbl_posinfnan) refers to dmul.o(.text) for __aeabi_dmul
    dunder.o(i.__mathlib_dbl_underflow) refers to dscalb.o(.text) for __ARM_scalbn
    fpclassify.o(i.__ARM_fpclassify) refers (Special) to iusefp.o(.text) for __I$use$fp
    qnan.o(.constdata) refers (Special) to iusefp.o(.text) for __I$use$fp
    rred.o(i.__ieee754_rem_pio2) refers (Special) to iusefp.o(.text) for __I$use$fp
    rred.o(i.__ieee754_rem_pio2) refers to dadd.o(.text) for __aeabi_dsub
    rred.o(i.__ieee754_rem_pio2) refers to dmul.o(.text) for __aeabi_dmul
    rred.o(i.__ieee754_rem_pio2) refers to dfixi.o(.text) for __aeabi_d2iz
    rred.o(i.__ieee754_rem_pio2) refers to dflti.o(.text) for __aeabi_i2d
    rred.o(i.__ieee754_rem_pio2) refers to dfltui.o(.text) for __aeabi_ui2d
    rred.o(i.__ieee754_rem_pio2) refers to dscalb.o(.text) for __ARM_scalbn
    rred.o(i.__ieee754_rem_pio2) refers to rred.o(.constdata) for .constdata
    rred.o(i.__use_accurate_range_reduction) refers (Special) to iusefp.o(.text) for __I$use$fp
    rred.o(.constdata) refers (Special) to iusefp.o(.text) for __I$use$fp
    sin_i.o(i.__kernel_sin) refers (Special) to iusefp.o(.text) for __I$use$fp
    sin_i.o(i.__kernel_sin) refers to fpclassify.o(i.__ARM_fpclassify) for __ARM_fpclassify
    sin_i.o(i.__kernel_sin) refers to dunder.o(i.__mathlib_dbl_underflow) for __mathlib_dbl_underflow
    sin_i.o(i.__kernel_sin) refers to dmul.o(.text) for __aeabi_dmul
    sin_i.o(i.__kernel_sin) refers to poly.o(i.__kernel_poly) for __kernel_poly
    sin_i.o(i.__kernel_sin) refers to dscalb.o(.text) for __ARM_scalbn
    sin_i.o(i.__kernel_sin) refers to dadd.o(.text) for __aeabi_dsub
    sin_i.o(i.__kernel_sin) refers to sin_i.o(.constdata) for .constdata
    sin_i.o(.constdata) refers (Special) to iusefp.o(.text) for __I$use$fp
    sin_i_x.o(i.____kernel_sin$lsc) refers (Special) to iusefp.o(.text) for __I$use$fp
    sin_i_x.o(i.____kernel_sin$lsc) refers to dmul.o(.text) for __aeabi_dmul
    sin_i_x.o(i.____kernel_sin$lsc) refers to poly.o(i.__kernel_poly) for __kernel_poly
    sin_i_x.o(i.____kernel_sin$lsc) refers to dscalb.o(.text) for __ARM_scalbn
    sin_i_x.o(i.____kernel_sin$lsc) refers to dadd.o(.text) for __aeabi_dsub
    sin_i_x.o(i.____kernel_sin$lsc) refers to sin_i_x.o(.constdata) for .constdata
    sin_i_x.o(.constdata) refers (Special) to iusefp.o(.text) for __I$use$fp
    entry2.o(.ARM.Collect$$$$00000001) refers to entry2.o(.ARM.Collect$$$$00002712) for __lit__00000000
    entry2.o(.ARM.Collect$$$$00002712) refers to startup_stm32f10x_cl.o(STACK) for __initial_sp
    entry2.o(__vectab_stack_and_reset_area) refers to startup_stm32f10x_cl.o(STACK) for __initial_sp
    entry2.o(__vectab_stack_and_reset_area) refers to entry.o(.ARM.Collect$$$$00000000) for __main
    entry5.o(.ARM.Collect$$$$00000004) refers to init.o(.text) for __scatterload
    entry9a.o(.ARM.Collect$$$$0000000B) refers to main.o(i.main) for main
    entry9b.o(.ARM.Collect$$$$0000000C) refers to main.o(i.main) for main
    uldiv.o(.text) refers to llushr.o(.text) for __aeabi_llsr
    uldiv.o(.text) refers to llshl.o(.text) for __aeabi_llsl
    errno.o(i.__aeabi_errno_addr) refers to errno.o(.data) for .data
    errno.o(i.__read_errno) refers to errno.o(.data) for .data
    errno.o(i.__set_errno) refers to errno.o(.data) for .data
    depilogue.o(.text) refers to llshl.o(.text) for __aeabi_llsl
    depilogue.o(.text) refers to llushr.o(.text) for __aeabi_llsr
    dsqrt.o(.text) refers to llushr.o(.text) for __aeabi_llsr
    dsqrt.o(.text) refers to depilogue.o(.text) for _double_round
    dfixul.o(.text) refers to llushr.o(.text) for __aeabi_llsr
    dfixul.o(.text) refers to llshl.o(.text) for __aeabi_llsl
    poly.o(i.__kernel_poly) refers (Special) to iusefp.o(.text) for __I$use$fp
    poly.o(i.__kernel_poly) refers to dmul.o(.text) for __aeabi_dmul
    poly.o(i.__kernel_poly) refers to dadd.o(.text) for __aeabi_dadd
    init.o(.text) refers to entry5.o(.ARM.Collect$$$$00000004) for __main_after_scatterload


==============================================================================

Removing Unused input sections from the image.

    Removing stm32f10x_flash.o(i.FLASH_ClearFlag), (12 bytes).
    Removing stm32f10x_flash.o(i.FLASH_EnableWriteProtection), (172 bytes).
    Removing stm32f10x_flash.o(i.FLASH_EraseAllBank1Pages), (56 bytes).
    Removing stm32f10x_flash.o(i.FLASH_EraseAllPages), (56 bytes).
    Removing stm32f10x_flash.o(i.FLASH_EraseOptionBytes), (124 bytes).
    Removing stm32f10x_flash.o(i.FLASH_ErasePage), (60 bytes).
    Removing stm32f10x_flash.o(i.FLASH_GetBank1Status), (40 bytes).
    Removing stm32f10x_flash.o(i.FLASH_GetFlagStatus), (32 bytes).
    Removing stm32f10x_flash.o(i.FLASH_GetPrefetchBufferStatus), (20 bytes).
    Removing stm32f10x_flash.o(i.FLASH_GetReadOutProtectionStatus), (20 bytes).
    Removing stm32f10x_flash.o(i.FLASH_GetStatus), (40 bytes).
    Removing stm32f10x_flash.o(i.FLASH_GetUserOptionByte), (12 bytes).
    Removing stm32f10x_flash.o(i.FLASH_GetWriteProtectionOptionByte), (12 bytes).
    Removing stm32f10x_flash.o(i.FLASH_HalfCycleAccessCmd), (24 bytes).
    Removing stm32f10x_flash.o(i.FLASH_ITConfig), (24 bytes).
    Removing stm32f10x_flash.o(i.FLASH_Lock), (16 bytes).
    Removing stm32f10x_flash.o(i.FLASH_LockBank1), (16 bytes).
    Removing stm32f10x_flash.o(i.FLASH_PrefetchBufferCmd), (24 bytes).
    Removing stm32f10x_flash.o(i.FLASH_ProgramHalfWord), (52 bytes).
    Removing stm32f10x_flash.o(i.FLASH_ProgramOptionByteData), (76 bytes).
    Removing stm32f10x_flash.o(i.FLASH_ProgramWord), (80 bytes).
    Removing stm32f10x_flash.o(i.FLASH_ReadOutProtection), (136 bytes).
    Removing stm32f10x_flash.o(i.FLASH_SetLatency), (20 bytes).
    Removing stm32f10x_flash.o(i.FLASH_Unlock), (24 bytes).
    Removing stm32f10x_flash.o(i.FLASH_UnlockBank1), (24 bytes).
    Removing stm32f10x_flash.o(i.FLASH_UserOptionByteConfig), (96 bytes).
    Removing stm32f10x_flash.o(i.FLASH_WaitForLastBank1Operation), (36 bytes).
    Removing stm32f10x_flash.o(i.FLASH_WaitForLastOperation), (36 bytes).
    Removing stm32f10x_gpio.o(i.GPIO_AFIODeInit), (22 bytes).
    Removing stm32f10x_gpio.o(i.GPIO_DeInit), (180 bytes).
    Removing stm32f10x_gpio.o(i.GPIO_ETH_MediaInterfaceConfig), (12 bytes).
    Removing stm32f10x_gpio.o(i.GPIO_EXTILineConfig), (40 bytes).
    Removing stm32f10x_gpio.o(i.GPIO_EventOutputCmd), (12 bytes).
    Removing stm32f10x_gpio.o(i.GPIO_EventOutputConfig), (28 bytes).
    Removing stm32f10x_gpio.o(i.GPIO_PinLockConfig), (16 bytes).
    Removing stm32f10x_gpio.o(i.GPIO_ReadInputData), (6 bytes).
    Removing stm32f10x_gpio.o(i.GPIO_ReadInputDataBit), (14 bytes).
    Removing stm32f10x_gpio.o(i.GPIO_ReadOutputData), (6 bytes).
    Removing stm32f10x_gpio.o(i.GPIO_ReadOutputDataBit), (14 bytes).
    Removing stm32f10x_gpio.o(i.GPIO_StructInit), (16 bytes).
    Removing stm32f10x_gpio.o(i.GPIO_Write), (4 bytes).
    Removing stm32f10x_gpio.o(i.GPIO_WriteBit), (10 bytes).
    Removing stm32f10x_rcc.o(i.RCC_ADCCLKConfig), (20 bytes).
    Removing stm32f10x_rcc.o(i.RCC_AHBPeriphClockCmd), (24 bytes).
    Removing stm32f10x_rcc.o(i.RCC_AHBPeriphResetCmd), (24 bytes).
    Removing stm32f10x_rcc.o(i.RCC_APB1PeriphResetCmd), (24 bytes).
    Removing stm32f10x_rcc.o(i.RCC_APB2PeriphResetCmd), (24 bytes).
    Removing stm32f10x_rcc.o(i.RCC_AdjustHSICalibrationValue), (20 bytes).
    Removing stm32f10x_rcc.o(i.RCC_BackupResetCmd), (12 bytes).
    Removing stm32f10x_rcc.o(i.RCC_ClearFlag), (16 bytes).
    Removing stm32f10x_rcc.o(i.RCC_ClearITPendingBit), (12 bytes).
    Removing stm32f10x_rcc.o(i.RCC_ClockSecuritySystemCmd), (12 bytes).
    Removing stm32f10x_rcc.o(i.RCC_DeInit), (76 bytes).
    Removing stm32f10x_rcc.o(i.RCC_GetFlagStatus), (48 bytes).
    Removing stm32f10x_rcc.o(i.RCC_GetITStatus), (20 bytes).
    Removing stm32f10x_rcc.o(i.RCC_GetSYSCLKSource), (16 bytes).
    Removing stm32f10x_rcc.o(i.RCC_HCLKConfig), (20 bytes).
    Removing stm32f10x_rcc.o(i.RCC_HSEConfig), (52 bytes).
    Removing stm32f10x_rcc.o(i.RCC_HSICmd), (12 bytes).
    Removing stm32f10x_rcc.o(i.RCC_I2S2CLKConfig), (12 bytes).
    Removing stm32f10x_rcc.o(i.RCC_I2S3CLKConfig), (12 bytes).
    Removing stm32f10x_rcc.o(i.RCC_ITConfig), (24 bytes).
    Removing stm32f10x_rcc.o(i.RCC_LSEConfig), (32 bytes).
    Removing stm32f10x_rcc.o(i.RCC_LSICmd), (12 bytes).
    Removing stm32f10x_rcc.o(i.RCC_MCOConfig), (12 bytes).
    Removing stm32f10x_rcc.o(i.RCC_OTGFSCLKConfig), (12 bytes).
    Removing stm32f10x_rcc.o(i.RCC_PCLK1Config), (20 bytes).
    Removing stm32f10x_rcc.o(i.RCC_PCLK2Config), (20 bytes).
    Removing stm32f10x_rcc.o(i.RCC_PLL2Cmd), (12 bytes).
    Removing stm32f10x_rcc.o(i.RCC_PLL2Config), (20 bytes).
    Removing stm32f10x_rcc.o(i.RCC_PLL3Cmd), (12 bytes).
    Removing stm32f10x_rcc.o(i.RCC_PLL3Config), (20 bytes).
    Removing stm32f10x_rcc.o(i.RCC_PLLCmd), (12 bytes).
    Removing stm32f10x_rcc.o(i.RCC_PLLConfig), (20 bytes).
    Removing stm32f10x_rcc.o(i.RCC_PREDIV1Config), (28 bytes).
    Removing stm32f10x_rcc.o(i.RCC_PREDIV2Config), (20 bytes).
    Removing stm32f10x_rcc.o(i.RCC_RTCCLKCmd), (12 bytes).
    Removing stm32f10x_rcc.o(i.RCC_RTCCLKConfig), (16 bytes).
    Removing stm32f10x_rcc.o(i.RCC_SYSCLKConfig), (20 bytes).
    Removing stm32f10x_rcc.o(i.RCC_WaitForHSEStartUp), (44 bytes).
    Removing stm32f10x_usart.o(i.USART_ClearFlag), (6 bytes).
    Removing stm32f10x_usart.o(i.USART_ClearITPendingBit), (12 bytes).
    Removing stm32f10x_usart.o(i.USART_ClockInit), (30 bytes).
    Removing stm32f10x_usart.o(i.USART_ClockStructInit), (12 bytes).
    Removing stm32f10x_usart.o(i.USART_DMACmd), (16 bytes).
    Removing stm32f10x_usart.o(i.USART_DeInit), (116 bytes).
    Removing stm32f10x_usart.o(i.USART_HalfDuplexCmd), (20 bytes).
    Removing stm32f10x_usart.o(i.USART_IrDACmd), (20 bytes).
    Removing stm32f10x_usart.o(i.USART_IrDAConfig), (16 bytes).
    Removing stm32f10x_usart.o(i.USART_LINBreakDetectLengthConfig), (16 bytes).
    Removing stm32f10x_usart.o(i.USART_LINCmd), (20 bytes).
    Removing stm32f10x_usart.o(i.USART_OneBitMethodCmd), (20 bytes).
    Removing stm32f10x_usart.o(i.USART_OverSampling8Cmd), (20 bytes).
    Removing stm32f10x_usart.o(i.USART_ReceiveData), (8 bytes).
    Removing stm32f10x_usart.o(i.USART_ReceiverWakeUpCmd), (20 bytes).
    Removing stm32f10x_usart.o(i.USART_SendBreak), (10 bytes).
    Removing stm32f10x_usart.o(i.USART_SetAddress), (16 bytes).
    Removing stm32f10x_usart.o(i.USART_SetGuardTime), (16 bytes).
    Removing stm32f10x_usart.o(i.USART_SetPrescaler), (16 bytes).
    Removing stm32f10x_usart.o(i.USART_SmartCardCmd), (20 bytes).
    Removing stm32f10x_usart.o(i.USART_SmartCardNACKCmd), (20 bytes).
    Removing stm32f10x_usart.o(i.USART_StructInit), (22 bytes).
    Removing stm32f10x_usart.o(i.USART_WakeUpConfig), (16 bytes).
    Removing misc.o(i.NVIC_SetVectorTable), (20 bytes).
    Removing misc.o(i.NVIC_SystemLPConfig), (24 bytes).
    Removing misc.o(i.SysTick_CLKSourceConfig), (24 bytes).
    Removing core_cm3.o(.emb_text), (32 bytes).
    Removing system_stm32f10x.o(i.SystemCoreClockUpdate), (160 bytes).
    Removing system_stm32f10x.o(.data), (20 bytes).
    Removing startup_stm32f10x_cl.o(HEAP), (512 bytes).
    Removing stepper.o(i.st_cycle_reinitialize), (64 bytes).
    Removing stepper.o(i.st_cycle_start), (24 bytes).
    Removing stepper.o(i.st_feed_hold), (24 bytes).
    Removing stepper.o(i.st_init), (148 bytes).
    Removing stepper.o(i.st_reset), (36 bytes).
    Removing stepper.o(i.st_wake_up), (80 bytes).
    Removing serial.o(i.serial_init), (2 bytes).
    Removing serial.o(i.serial_read), (40 bytes).
    Removing serial.o(i.serial_reset_read_buffer), (12 bytes).
    Removing serial.o(i.serial_write), (72 bytes).
    Removing limits.o(i.homing_cycle), (724 bytes).
    Removing limits.o(i.limits_go_home), (100 bytes).
    Removing limits.o(i.limits_init), (36 bytes).
    Removing protocol.o(i.protocol_execute_line), (416 bytes).
    Removing protocol.o(i.protocol_execute_runtime), (172 bytes).
    Removing protocol.o(i.protocol_execute_startup), (56 bytes).
    Removing protocol.o(i.protocol_init), (14 bytes).
    Removing protocol.o(i.protocol_process), (132 bytes).
    Removing protocol.o(i.protocol_reset_line_buffer), (16 bytes).
    Removing protocol.o(.bss), (70 bytes).
    Removing protocol.o(.data), (2 bytes).
    Removing spindle_control.o(i.spindle_init), (16 bytes).
    Removing spindle_control.o(i.spindle_run), (64 bytes).
    Removing spindle_control.o(.data), (1 bytes).
    Removing coolant_control.o(i.coolant_init), (16 bytes).
    Removing coolant_control.o(i.coolant_run), (48 bytes).
    Removing coolant_control.o(.data), (1 bytes).
    Removing nuts_bolts.o(i.delay_us), (68 bytes).
    Removing nuts_bolts.o(i.read_float), (236 bytes).
    Removing nuts_bolts.o(i.sys_sync_current_position), (32 bytes).
    Removing eeprom.o(i.eeprom_get_char), (24 bytes).
    Removing eeprom.o(i.eeprom_put_char), (26 bytes).
    Removing eeprom.o(i.memcpy_from_eeprom_with_checksum), (66 bytes).
    Removing eeprom.o(i.memcpy_to_eeprom_with_checksum), (58 bytes).
    Removing report.o(i.report_alarm_message), (104 bytes).
    Removing report.o(i.report_feedback_message), (144 bytes).
    Removing report.o(i.report_gcode_modes), (416 bytes).
    Removing report.o(i.report_gcode_parameters), (296 bytes).
    Removing report.o(i.report_grbl_help), (12 bytes).
    Removing report.o(i.report_grbl_settings), (1056 bytes).
    Removing report.o(i.report_init_message), (40 bytes).
    Removing report.o(i.report_realtime_status), (380 bytes).
    Removing report.o(i.report_startup_line), (52 bytes).
    Removing report.o(i.report_status_message), (380 bytes).
    Removing report.o(.conststring), (302 bytes).
    Removing print.o(i.printFloat), (184 bytes).
    Removing print.o(i.printInteger), (78 bytes).
    Removing print.o(i.printPgmString), (22 bytes).
    Removing print.o(i.printString), (20 bytes).
    Removing print.o(i.print_uint8_base2), (50 bytes).
    Removing settings.o(i.read_global_settings), (64 bytes).
    Removing settings.o(i.settings_init), (52 bytes).
    Removing settings.o(i.settings_read_coord_data), (52 bytes).
    Removing settings.o(i.settings_read_startup_line), (48 bytes).
    Removing settings.o(i.settings_reset), (108 bytes).
    Removing settings.o(i.settings_store_global_setting), (392 bytes).
    Removing settings.o(i.settings_store_startup_line), (18 bytes).
    Removing settings.o(i.settings_write_coord_data), (18 bytes).
    Removing settings.o(i.write_global_settings), (28 bytes).
    Removing motion_control.o(i.mc_arc), (708 bytes).
    Removing motion_control.o(i.mc_dwell), (112 bytes).
    Removing motion_control.o(i.mc_go_home), (204 bytes).
    Removing motion_control.o(i.mc_line), (88 bytes).
    Removing gcode.o(i.gc_execute_line), (2116 bytes).
    Removing gcode.o(i.gc_init), (68 bytes).
    Removing gcode.o(i.gc_set_current_position), (64 bytes).
    Removing gcode.o(i.next_statement), (60 bytes).
    Removing gcode.o(i.select_plane), (16 bytes).
    Removing gcode.o(i.to_millimeters), (40 bytes).
    Removing gcode.o(.bss), (56 bytes).
    Removing planner.o(i.calculate_trapezoid_for_block), (300 bytes).
    Removing planner.o(i.estimate_acceleration_distance), (50 bytes).
    Removing planner.o(i.max_allowable_speed), (50 bytes).
    Removing planner.o(i.plan_buffer_line), (912 bytes).
    Removing planner.o(i.plan_check_full_buffer), (24 bytes).
    Removing planner.o(i.plan_cycle_reinitialize), (76 bytes).
    Removing planner.o(i.plan_init), (24 bytes).
    Removing planner.o(i.plan_reset_buffer), (24 bytes).
    Removing planner.o(i.plan_set_current_position), (12 bytes).
    Removing planner.o(i.plan_synchronize), (40 bytes).
    Removing planner.o(i.planner_forward_pass_kernel), (96 bytes).
    Removing planner.o(i.planner_recalculate), (116 bytes).
    Removing planner.o(i.planner_recalculate_trapezoids), (132 bytes).
    Removing planner.o(i.planner_reverse_pass_kernel), (96 bytes).
    Removing hw_gpio.o(i.HW_GPIO_Init), (312 bytes).
    Removing fadd.o(.text), (176 bytes).
    Removing fmul.o(.text), (100 bytes).
    Removing fdiv.o(.text), (124 bytes).
    Removing fscalb.o(.text), (24 bytes).
    Removing dadd.o(.text), (334 bytes).
    Removing dmul.o(.text), (228 bytes).
    Removing ddiv.o(.text), (222 bytes).
    Removing dscalb.o(.text), (46 bytes).
    Removing fflti.o(.text), (18 bytes).
    Removing ffltui.o(.text), (10 bytes).
    Removing dflti.o(.text), (34 bytes).
    Removing dfltui.o(.text), (26 bytes).
    Removing ffixi.o(.text), (50 bytes).
    Removing ffixui.o(.text), (40 bytes).
    Removing dfixi.o(.text), (62 bytes).
    Removing dfixui.o(.text), (50 bytes).
    Removing f2d.o(.text), (38 bytes).
    Removing cdcmple.o(.text), (48 bytes).
    Removing d2f.o(.text), (56 bytes).
    Removing cfcmple.o(.text), (20 bytes).
    Removing cfrcmple.o(.text), (20 bytes).
    Removing fepilogue.o(.text), (110 bytes).
    Removing depilogue.o(.text), (186 bytes).
    Removing dsqrt.o(.text), (162 bytes).
    Removing dfixul.o(.text), (48 bytes).
    Removing cdrcmple.o(.text), (48 bytes).

221 unused section(s) (total 19112 bytes) removed from the image.

==============================================================================

Memory Map of the image

  Image Entry point : 0x00000000

  Load Region LR_IROM1 (Base: 0x08000000, Size: 0x00000fc0, Max: 0x00040000, ABSOLUTE)

    Execution Region ER_IROM1 (Base: 0x08000000, Size: 0x00000f98, Max: 0x00040000, ABSOLUTE)

    Base Addr    Size         Type   Attr      Idx    E Section Name        Object

    0x08000000   0x00000150   Data   RO         1011    RESET               startup_stm32f10x_cl.o
    0x08000150   0x00000000   Code   RO         1849  * .ARM.Collect$$$$00000000  mc_w.l(entry.o)
    0x08000150   0x00000004   Code   RO         2197    .ARM.Collect$$$$00000001  mc_w.l(entry2.o)
    0x08000154   0x00000004   Code   RO         2200    .ARM.Collect$$$$00000004  mc_w.l(entry5.o)
    0x08000158   0x00000000   Code   RO         2202    .ARM.Collect$$$$00000008  mc_w.l(entry7b.o)
    0x08000158   0x00000000   Code   RO         2204    .ARM.Collect$$$$0000000A  mc_w.l(entry8b.o)
    0x08000158   0x00000008   Code   RO         2205    .ARM.Collect$$$$0000000B  mc_w.l(entry9a.o)
    0x08000160   0x00000000   Code   RO         2207    .ARM.Collect$$$$0000000D  mc_w.l(entry10a.o)
    0x08000160   0x00000000   Code   RO         2209    .ARM.Collect$$$$0000000F  mc_w.l(entry11a.o)
    0x08000160   0x00000004   Code   RO         2198    .ARM.Collect$$$$00002712  mc_w.l(entry2.o)
    0x08000164   0x00000024   Code   RO         1012    .text               startup_stm32f10x_cl.o
    0x08000188   0x00000024   Code   RO         2242    .text               mc_w.l(init.o)
    0x080001ac   0x00000002   Code   RO          150    i.BusFault_Handler  stm32f10x_it.o
    0x080001ae   0x00000002   Code   RO          151    i.DebugMon_Handler  stm32f10x_it.o
    0x080001b0   0x00000016   Code   RO          122    i.Delay             main.o
    0x080001c6   0x00000002   PAD
    0x080001c8   0x00000024   Code   RO         1248    i.EXTI0_IRQHandler  protocol.o
    0x080001ec   0x00000030   Code   RO         1249    i.EXTI1_IRQHandler  protocol.o
    0x0800021c   0x00000030   Code   RO         1250    i.EXTI2_IRQHandler  protocol.o
    0x0800024c   0x00000030   Code   RO         1219    i.EXTI9_5_IRQHandler  limits.o
    0x0800027c   0x000000a2   Code   RO          391    i.GPIO_Init         stm32f10x_gpio.o
    0x0800031e   0x00000002   PAD
    0x08000320   0x00000058   Code   RO          393    i.GPIO_PinRemapConfig  stm32f10x_gpio.o
    0x08000378   0x00000004   Code   RO          398    i.GPIO_ResetBits    stm32f10x_gpio.o
    0x0800037c   0x00000004   Code   RO          399    i.GPIO_SetBits      stm32f10x_gpio.o
    0x08000380   0x00000002   Code   RO          152    i.HardFault_Handler  stm32f10x_it.o
    0x08000382   0x00000002   PAD
    0x08000384   0x0000004c   Code   RO            1    i.LED_Configuration  hw_config.o
    0x080003d0   0x00000002   Code   RO          153    i.MemManage_Handler  stm32f10x_it.o
    0x080003d2   0x00000002   Code   RO          154    i.NMI_Handler       stm32f10x_it.o
    0x080003d4   0x00000028   Code   RO            2    i.NVIC_Configuration  hw_config.o
    0x080003fc   0x00000064   Code   RO          933    i.NVIC_Init         misc.o
    0x08000460   0x00000014   Code   RO          934    i.NVIC_PriorityGroupConfig  misc.o
    0x08000474   0x00000002   Code   RO          155    i.PendSV_Handler    stm32f10x_it.o
    0x08000476   0x00000002   PAD
    0x08000478   0x00000018   Code   RO          502    i.RCC_APB1PeriphClockCmd  stm32f10x_rcc.o
    0x08000490   0x00000018   Code   RO          504    i.RCC_APB2PeriphClockCmd  stm32f10x_rcc.o
    0x080004a8   0x000000c8   Code   RO          512    i.RCC_GetClocksFreq  stm32f10x_rcc.o
    0x08000570   0x00000002   Code   RO          156    i.SVC_Handler       stm32f10x_it.o
    0x08000572   0x00000002   PAD
    0x08000574   0x000000d0   Code   RO          980    i.SetSysClockTo72   system_stm32f10x.o
    0x08000644   0x00000002   Code   RO          157    i.SysTick_Handler   stm32f10x_it.o
    0x08000646   0x00000002   PAD
    0x08000648   0x0000005c   Code   RO          982    i.SystemInit        system_stm32f10x.o
    0x080006a4   0x000002b8   Code   RO         1025    i.TIM3_IRQHandler   stepper.o
    0x0800095c   0x0000006c   Code   RO         1026    i.TIM4_IRQHandler   stepper.o
    0x080009c8   0x000000b4   Code   RO         1179    i.USART1_IRQHandler  serial.o
    0x08000a7c   0x0000002c   Code   RO            3    i.USART2_SendString  hw_config.o
    0x08000aa8   0x00000014   Code   RO          757    i.USART_Cmd         stm32f10x_usart.o
    0x08000abc   0x000000dc   Code   RO            4    i.USART_Configuration  hw_config.o
    0x08000b98   0x0000000e   Code   RO          760    i.USART_GetFlagStatus  stm32f10x_usart.o
    0x08000ba6   0x0000003e   Code   RO          761    i.USART_GetITStatus  stm32f10x_usart.o
    0x08000be4   0x00000030   Code   RO          763    i.USART_ITConfig    stm32f10x_usart.o
    0x08000c14   0x000000ac   Code   RO          764    i.USART_Init        stm32f10x_usart.o
    0x08000cc0   0x00000008   Code   RO          774    i.USART_SendData    stm32f10x_usart.o
    0x08000cc8   0x00000002   Code   RO          158    i.UsageFault_Handler  stm32f10x_it.o
    0x08000cca   0x00000002   PAD
    0x08000ccc   0x00000010   Code   RO         1855    i.__0printf$bare    mc_w.l(printfb.o)
    0x08000cdc   0x00000022   Code   RO         1862    i._printf_core      mc_w.l(printfb.o)
    0x08000cfe   0x00000002   PAD
    0x08000d00   0x00000070   Code   RO         1027    i.config_step_timer  stepper.o
    0x08000d70   0x00000010   Code   RO         1338    i.coolant_stop      coolant_control.o
    0x08000d80   0x00000014   Code   RO         1362    i.delay_ms          nuts_bolts.o
    0x08000d94   0x00000024   Code   RO          123    i.fputc             main.o
    0x08000db8   0x00000028   Code   RO         1028    i.iterate_trapezoid_cycle_counter  stepper.o
    0x08000de0   0x000000a8   Code   RO          124    i.main              main.o
    0x08000e88   0x00000040   Code   RO         1592    i.mc_reset          motion_control.o
    0x08000ec8   0x0000000c   Code   RO         1672    i.next_block_index  planner.o
    0x08000ed4   0x0000001c   Code   RO         1676    i.plan_discard_current_block  planner.o
    0x08000ef0   0x00000020   Code   RO         1677    i.plan_get_current_block  planner.o
    0x08000f10   0x0000002c   Code   RO         1029    i.set_step_events_per_minute  stepper.o
    0x08000f3c   0x00000010   Code   RO         1312    i.spindle_stop      spindle_control.o
    0x08000f4c   0x0000004c   Code   RO         1033    i.st_go_idle        stepper.o
    0x08000f98   0x00000000   Data   RO         2244    Region$$Table       anon$$obj.o


    Execution Region RW_IRAM1 (Base: 0x20000000, Size: 0x000009e8, Max: 0x00010000, ABSOLUTE)

    Base Addr    Size         Type   Attr      Idx    E Section Name        Object

    0x20000000   0x00000014   Data   RW          540    .data               stm32f10x_rcc.o
    0x20000014   0x00000008   Data   RW         1038    .data               stepper.o
    0x2000001c   0x00000004   Data   RW         1185    .data               serial.o
    0x20000020   0x00000003   Data   RW         1687    .data               planner.o
    0x20000023   0x00000001   PAD
    0x20000024   0x00000004   Data   RW         2211    .data               mc_w.l(stdout.o)
    0x20000028   0x00000024   Zero   RW         1037    .bss                stepper.o
    0x2000004c   0x000000c0   Zero   RW         1184    .bss                serial.o
    0x2000010c   0x00000040   Zero   RW         1533    .bss                settings.o
    0x2000014c   0x0000049c   Zero   RW         1686    .bss                planner.o
    0x200005e8   0x00000400   Zero   RW         1009    STACK               startup_stm32f10x_cl.o

