Component: ARM Compiler 5.05 update 1 (build 106) Tool: armlink [4d0efa]

==============================================================================

Section Cross References

    hw_config.o(i.LED_Configuration) refers to stm32f10x_rcc.o(i.RCC_APB2PeriphClockCmd) for RCC_APB2PeriphClockCmd
    hw_config.o(i.LED_Configuration) refers to stm32f10x_gpio.o(i.GPIO_Init) for GPIO_Init
    hw_config.o(i.LED_Configuration) refers to stm32f10x_gpio.o(i.GPIO_ResetBits) for GPIO_ResetBits
    hw_config.o(i.NVIC_Configuration) refers to misc.o(i.NVIC_PriorityGroupConfig) for NVIC_PriorityGroupConfig
    hw_config.o(i.NVIC_Configuration) refers to misc.o(i.NVIC_Init) for NVIC_Init
    hw_config.o(i.USART2_SendString) refers to stm32f10x_usart.o(i.USART_GetFlagStatus) for USART_GetFlagStatus
    hw_config.o(i.USART2_SendString) refers to stm32f10x_usart.o(i.USART_SendData) for USART_SendData
    hw_config.o(i.USART_Configuration) refers to stm32f10x_rcc.o(i.RCC_APB2PeriphClockCmd) for RCC_APB2PeriphClockCmd
    hw_config.o(i.USART_Configuration) refers to stm32f10x_rcc.o(i.RCC_APB1PeriphClockCmd) for RCC_APB1PeriphClockCmd
    hw_config.o(i.USART_Configuration) refers to stm32f10x_gpio.o(i.GPIO_Init) for GPIO_Init
    hw_config.o(i.USART_Configuration) refers to stm32f10x_gpio.o(i.GPIO_PinRemapConfig) for GPIO_PinRemapConfig
    hw_config.o(i.USART_Configuration) refers to stm32f10x_usart.o(i.USART_Init) for USART_Init
    hw_config.o(i.USART_Configuration) refers to stm32f10x_usart.o(i.USART_Cmd) for USART_Cmd
    hw_config.o(i.USART_Configuration) refers to stm32f10x_usart.o(i.USART_ITConfig) for USART_ITConfig
    main.o(i.fputc) refers to stm32f10x_usart.o(i.USART_SendData) for USART_SendData
    main.o(i.fputc) refers to stm32f10x_usart.o(i.USART_GetFlagStatus) for USART_GetFlagStatus
    main.o(i.main) refers to system_stm32f10x.o(i.SystemInit) for SystemInit
    main.o(i.main) refers to hw_config.o(i.NVIC_Configuration) for NVIC_Configuration
    main.o(i.main) refers to hw_config.o(i.LED_Configuration) for LED_Configuration
    main.o(i.main) refers to hw_config.o(i.USART_Configuration) for USART_Configuration
    main.o(i.main) refers to printfb.o(i.__0printf$bare) for __2printf
    main.o(i.main) refers to hw_config.o(i.USART2_SendString) for USART2_SendString
    main.o(i.main) refers to delay.o(i.delay_init) for delay_init
    main.o(i.main) refers to serial.o(i.serial_init) for serial_init
    main.o(i.main) refers to settings.o(i.settings_init) for settings_init
    main.o(i.main) refers to stepper.o(i.stepper_init) for stepper_init
    main.o(i.main) refers to system.o(i.system_init) for system_init
    main.o(i.main) refers to memseta.o(.text) for __aeabi_memclr4
    main.o(i.main) refers to serial.o(i.serial_reset_read_buffer) for serial_reset_read_buffer
    main.o(i.main) refers to gcode.o(i.gc_init) for gc_init
    main.o(i.main) refers to spindle_control.o(i.spindle_init) for spindle_init
    main.o(i.main) refers to coolant_control.o(i.coolant_init) for coolant_init
    main.o(i.main) refers to limits.o(i.limits_init) for limits_init
    main.o(i.main) refers to probe.o(i.probe_init) for probe_init
    main.o(i.main) refers to planner.o(i.plan_reset) for plan_reset
    main.o(i.main) refers to stepper.o(i.st_reset) for st_reset
    main.o(i.main) refers to planner.o(i.plan_sync_position) for plan_sync_position
    main.o(i.main) refers to gcode.o(i.gc_sync_position) for gc_sync_position
    main.o(i.main) refers to protocol.o(i.protocol_main_loop) for protocol_main_loop
    main.o(i.main) refers to main.o(.bss) for .bss
    main.o(i.main) refers to system.o(.data) for sys_rt_exec_state
    main.o(i.main) refers to system.o(.data) for sys_rt_exec_alarm
    stm32f10x_flash.o(i.FLASH_EnableWriteProtection) refers to stm32f10x_flash.o(i.FLASH_WaitForLastOperation) for FLASH_WaitForLastOperation
    stm32f10x_flash.o(i.FLASH_EraseAllBank1Pages) refers to stm32f10x_flash.o(i.FLASH_WaitForLastBank1Operation) for FLASH_WaitForLastBank1Operation
    stm32f10x_flash.o(i.FLASH_EraseAllPages) refers to stm32f10x_flash.o(i.FLASH_WaitForLastOperation) for FLASH_WaitForLastOperation
    stm32f10x_flash.o(i.FLASH_EraseOptionBytes) refers to stm32f10x_flash.o(i.FLASH_GetReadOutProtectionStatus) for FLASH_GetReadOutProtectionStatus
    stm32f10x_flash.o(i.FLASH_EraseOptionBytes) refers to stm32f10x_flash.o(i.FLASH_WaitForLastOperation) for FLASH_WaitForLastOperation
    stm32f10x_flash.o(i.FLASH_ErasePage) refers to stm32f10x_flash.o(i.FLASH_WaitForLastOperation) for FLASH_WaitForLastOperation
    stm32f10x_flash.o(i.FLASH_ProgramHalfWord) refers to stm32f10x_flash.o(i.FLASH_WaitForLastOperation) for FLASH_WaitForLastOperation
    stm32f10x_flash.o(i.FLASH_ProgramOptionByteData) refers to stm32f10x_flash.o(i.FLASH_WaitForLastOperation) for FLASH_WaitForLastOperation
    stm32f10x_flash.o(i.FLASH_ProgramWord) refers to stm32f10x_flash.o(i.FLASH_WaitForLastOperation) for FLASH_WaitForLastOperation
[...]
    i.USART_Init                             0x08001bc8   Section        0  stm32f10x_usart.o(i.USART_Init)
    i.USART_ReceiveData                      0x08001c74   Section        0  stm32f10x_usart.o(i.USART_ReceiveData)
    i.USART_SendData                         0x08001c7c   Section        0  stm32f10x_usart.o(i.USART_SendData)
    i.UsageFault_Handler                     0x08001c84   Section        0  stm32f10x_it.o(i.UsageFault_Handler)
    i.__0printf$bare                         0x08001c88   Section        0  printfb.o(i.__0printf$bare)
    i.__ARM_fpclassify                       0x08001c98   Section        0  fpclassify.o(i.__ARM_fpclassify)
    i.__ieee754_rem_pio2                     0x08001cc0   Section        0  rred.o(i.__ieee754_rem_pio2)
    i.__kernel_cos                           0x08002048   Section        0  cos_i.o(i.__kernel_cos)
    i.__kernel_poly                          0x08002144   Section        0  poly.o(i.__kernel_poly)
    i.__kernel_sin                           0x080021f0   Section        0  sin_i.o(i.__kernel_sin)
    i.__mathlib_dbl_infnan                   0x080022dc   Section        0  dunder.o(i.__mathlib_dbl_infnan)
    i.__mathlib_dbl_infnan2                  0x080022e2   Section        0  dunder.o(i.__mathlib_dbl_infnan2)
    i.__mathlib_dbl_invalid                  0x080022e6   Section        0  dunder.o(i.__mathlib_dbl_invalid)
    i.__mathlib_dbl_underflow                0x080022f4   Section        0  dunder.o(i.__mathlib_dbl_underflow)
    i.__scatterload_copy                     0x08002304   Section       14  handlers.o(i.__scatterload_copy)
    i.__scatterload_null                     0x08002312   Section        2  handlers.o(i.__scatterload_null)
    i.__scatterload_zeroinit                 0x08002314   Section       14  handlers.o(i.__scatterload_zeroinit)
    i.__set_errno                            0x08002324   Section        0  errno.o(i.__set_errno)
    i._printf_core                           0x08002330   Section        0  printfb.o(i._printf_core)
    _printf_core                             0x08002331   Thumb Code    34  printfb.o(i._printf_core)
    i.atan                                   0x08002354   Section        0  atan.o(i.atan)
    i.atan2                                  0x08002574   Section        0  atan2.o(i.atan2)
    i.ceil                                   0x080026f4   Section        0  ceil.o(i.ceil)
    i.coolant_init                           0x080027d0   Section        0  coolant_control.o(i.coolant_init)
    i.coolant_run                            0x080027e8   Section        0  coolant_control.o(i.coolant_run)
    i.coolant_set_state                      0x08002808   Section        0  coolant_control.o(i.coolant_set_state)
    i.coolant_stop                           0x08002820   Section        0  coolant_control.o(i.coolant_stop)
    i.cos                                    0x08002830   Section        0  cos.o(i.cos)
    i.delay_init                             0x080028cc   Section        0  delay.o(i.delay_init)
    i.delay_ms                               0x08002908   Section        0  delay.o(i.delay_ms)
    i.delay_us                               0x0800293c   Section        0  delay.o(i.delay_us)
    i.eeprom_get_char                        0x08002970   Section        0  eeprom.o(i.eeprom_get_char)
    i.eeprom_put_char                        0x08002984   Section        0  eeprom.o(i.eeprom_put_char)
    i.floor                                  0x08002998   Section        0  floor.o(i.floor)
    i.fputc                                  0x08002a74   Section        0  main.o(i.fputc)
    i.gc_check_same_position                 0x08002a98   Section        0  gcode.o(i.gc_check_same_position)
    gc_check_same_position                   0x08002a99   Thumb Code    38  gcode.o(i.gc_check_same_position)
    i.gc_execute_line                        0x08002ac0   Section        0  gcode.o(i.gc_execute_line)
    i.gc_init                                0x08003760   Section        0  gcode.o(i.gc_init)
    i.gc_sync_position                       0x0800378c   Section        0  gcode.o(i.gc_sync_position)
    i.get_direction_pin_mask                 0x0800379c   Section        0  settings.o(i.get_direction_pin_mask)
    i.get_limit_pin_mask                     0x080037ae   Section        0  settings.o(i.get_limit_pin_mask)
    i.get_step_pin_mask                      0x080037c0   Section        0  settings.o(i.get_step_pin_mask)
    i.hypot_f                                0x080037d2   Section        0  nuts_bolts.o(i.hypot_f)
    i.limits_disable                         0x080037fc   Section        0  limits.o(i.limits_disable)
    i.limits_get_state                       0x08003808   Section        0  limits.o(i.limits_get_state)
    i.limits_go_home                         0x08003878   Section        0  limits.o(i.limits_go_home)
    i.limits_init                            0x08003b8c   Section        0  limits.o(i.limits_init)
    i.limits_soft_check                      0x08003c24   Section        0  limits.o(i.limits_soft_check)
    i.main                                   0x08003cc4   Section        0  main.o(i.main)
    i.mc_arc                                 0x08003dbc   Section        0  motion_control.o(i.mc_arc)
    i.mc_dwell                               0x080040cc   Section        0  motion_control.o(i.mc_dwell)
    i.mc_homing_cycle                        0x08004144   Section        0  motion_control.o(i.mc_homing_cycle)
    i.mc_line                                0x08004174   Section        0  motion_control.o(i.mc_line)
    i.mc_probe_cycle                         0x080041c8   Section        0  motion_control.o(i.mc_probe_cycle)
    i.mc_reset                               0x080042bc   Section        0  motion_control.o(i.mc_reset)
    i.memcpy_from_eeprom_with_checksum       0x0800432c   Section        0  eeprom.o(i.memcpy_from_eeprom_with_checksum)
    i.memcpy_to_eeprom_with_checksum         0x0800436e   Section        0  eeprom.o(i.memcpy_to_eeprom_with_checksum)
    i.plan_buffer_line                       0x080043a8   Section        0  planner.o(i.plan_buffer_line)
    i.plan_check_full_buffer                 0x08004790   Section        0  planner.o(i.plan_check_full_buffer)
    i.plan_cycle_reinitialize                0x080047a8   Section        0  planner.o(i.plan_cycle_reinitialize)
    i.plan_discard_current_block             0x080047c0   Section        0  planner.o(i.plan_discard_current_block)
    i.plan_get_block_buffer_count            0x080047e4   Section        0  planner.o(i.plan_get_block_buffer_count)
    i.plan_get_current_block                 0x08004800   Section        0  planner.o(i.plan_get_current_block)
    i.plan_get_exec_block_exit_speed         0x08004828   Section        0  planner.o(i.plan_get_exec_block_exit_speed)
    i.plan_next_block_index                  0x08004864   Section        0  planner.o(i.plan_next_block_index)
    i.plan_prev_block_index                  0x08004870   Section        0  planner.o(i.plan_prev_block_index)
    plan_prev_block_index                    0x08004871   Thumb Code    10  planner.o(i.plan_prev_block_index)
    i.plan_reset                             0x0800487c   Section        0  planner.o(i.plan_reset)
    i.plan_sync_position                     0x080048a0   Section        0  planner.o(i.plan_sync_position)
    i.planner_recalculate                    0x080048e0   Section        0  planner.o(i.planner_recalculate)
    planner_recalculate                      0x080048e1   Thumb Code   302  planner.o(i.planner_recalculate)
    i.printFloat                             0x08004a18   Section        0  print.o(i.printFloat)
    i.printFloat_CoordValue                  0x08004ac8   Section        0  print.o(i.printFloat_CoordValue)
    i.printFloat_RateValue                   0x08004b00   Section        0  print.o(i.printFloat_RateValue)
    i.printFloat_SettingValue                0x08004b34   Section        0  print.o(i.printFloat_SettingValue)
    i.printPgmString                         0x08004b3a   Section        0  print.o(i.printPgmString)
    i.printString                            0x08004b3e   Section        0  print.o(i.printString)
    i.print_uint8_base10                     0x08004b52   Section        0  print.o(i.print_uint8_base10)
    i.print_uint8_base2                      0x08004b6a   Section        0  print.o(i.print_uint8_base2)
    i.print_unsigned_int8                    0x08004b72   Section        0  print.o(i.print_unsigned_int8)
    i.probe_configure_invert_mask            0x08004bac   Section        0  probe.o(i.probe_configure_invert_mask)
    i.probe_get_state                        0x08004bd8   Section        0  probe.o(i.probe_get_state)
    i.probe_init                             0x08004bf4   Section        0  probe.o(i.probe_init)
    i.probe_state_monitor                    0x08004c14   Section        0  probe.o(i.probe_state_monitor)
    i.protocol_auto_cycle_start              0x08004c4c   Section        0  protocol.o(i.protocol_auto_cycle_start)
    i.protocol_buffer_synchronize            0x08004c68   Section        0  protocol.o(i.protocol_buffer_synchronize)
    i.protocol_execute_realtime              0x08004c90   Section        0  protocol.o(i.protocol_execute_realtime)
    i.protocol_main_loop                     0x08004ebc   Section        0  protocol.o(i.protocol_main_loop)
    i.read_float                             0x08004fac   Section        0  nuts_bolts.o(i.read_float)
    i.read_global_settings                   0x08005098   Section        0  settings.o(i.read_global_settings)
    i.report_alarm_message                   0x080050c0   Section        0  report.o(i.report_alarm_message)
    i.report_build_info                      0x08005150   Section        0  report.o(i.report_build_info)
    i.report_feedback_message                0x08005180   Section        0  report.o(i.report_feedback_message)
    i.report_gcode_modes                     0x08005248   Section        0  report.o(i.report_gcode_modes)
    i.report_grbl_help                       0x08005404   Section        0  report.o(i.report_grbl_help)
    i.report_grbl_settings                   0x08005410   Section        0  report.o(i.report_grbl_settings)
    i.report_init_message                    0x080058c0   Section        0  report.o(i.report_init_message)
    i.report_ngc_parameters                  0x080058e8   Section        0  report.o(i.report_ngc_parameters)
    i.report_probe_parameters                0x080059c0   Section        0  report.o(i.report_probe_parameters)
    i.report_realtime_status                 0x08005a1c   Section        0  report.o(i.report_realtime_status)
    i.report_startup_line                    0x08005bc8   Section        0  report.o(i.report_startup_line)
    i.report_status_message                  0x08005bfc   Section        0  report.o(i.report_status_message)
    i.serial_get_rx_buffer_count             0x08005db8   Section        0  serial.o(i.serial_get_rx_buffer_count)
    i.serial_init                            0x08005dd4   Section        0  serial.o(i.serial_init)
    i.serial_read                            0x08005ddc   Section        0  serial.o(i.serial_read)
    i.serial_reset_read_buffer               0x08005e04   Section        0  serial.o(i.serial_reset_read_buffer)
    i.serial_write                           0x08005e10   Section        0  serial.o(i.serial_write)
    i.settings_init                          0x08005e68   Section        0  settings.o(i.settings_init)
    i.settings_read_build_info               0x08005e88   Section        0  settings.o(i.settings_read_build_info)
    i.settings_read_coord_data               0x08005eaa   Section        0  settings.o(i.settings_read_coord_data)
    i.settings_read_startup_line             0x08005ede   Section        0  settings.o(i.settings_read_startup_line)
    i.settings_restore                       0x08005f10   Section        0  settings.o(i.settings_restore)
    i.settings_store_build_info              0x08005fe8   Section        0  settings.o(i.settings_store_build_info)
    i.settings_store_global_setting          0x08005ff4   Section        0  settings.o(i.settings_store_global_setting)
    i.settings_store_startup_line            0x08006178   Section        0  settings.o(i.settings_store_startup_line)
    i.settings_write_coord_data              0x0800618a   Section        0  settings.o(i.settings_write_coord_data)
    i.sin                                    0x0800619c   Section        0  sin.o(i.sin)
    i.spindle_init                           0x0800623c   Section        0  spindle_control.o(i.spindle_init)
    i.spindle_run                            0x0800627c   Section        0  spindle_control.o(i.spindle_run)
    i.spindle_set_state                      0x080062a0   Section        0  spindle_control.o(i.spindle_set_state)
    i.spindle_stop                           0x0800632c   Section        0  spindle_control.o(i.spindle_stop)
    i.sqrt                                   0x08006348   Section        0  sqrt.o(i.sqrt)
    i.st_generate_step_dir_invert_masks      0x08006394   Section        0  stepper.o(i.st_generate_step_dir_invert_masks)
    i.st_go_idle                             0x080063e8   Section        0  stepper.o(i.st_go_idle)
    i.st_prep_buffer                         0x08006448   Section        0  stepper.o(i.st_prep_buffer)
    i.st_reset                               0x08006a10   Section        0  stepper.o(i.st_reset)
    i.st_update_plan_block_parameters        0x08006aa8   Section        0  stepper.o(i.st_update_plan_block_parameters)
    i.st_wake_up                             0x08006ad0   Section        0  stepper.o(i.st_wake_up)
    i.stepper_init                           0x08006b28   Section        0  stepper.o(i.stepper_init)
    i.system_check_safety_door_ajar          0x08006b80   Section        0  system.o(i.system_check_safety_door_ajar)
    i.system_convert_array_steps_to_mpos     0x08006b84   Section        0  system.o(i.system_convert_array_steps_to_mpos)
    i.system_convert_axis_steps_to_mpos      0x08006ba4   Section        0  system.o(i.system_convert_axis_steps_to_mpos)
    i.system_convert_corexy_to_x_axis_steps  0x08006be0   Section        0  system.o(i.system_convert_corexy_to_x_axis_steps)
    i.system_convert_corexy_to_y_axis_steps  0x08006bee   Section        0  system.o(i.system_convert_corexy_to_y_axis_steps)
    i.system_execute_line                    0x08006bfc   Section        0  system.o(i.system_execute_line)
    i.system_execute_startup                 0x08006e6c   Section        0  system.o(i.system_execute_startup)
    i.system_init                            0x08006ea0   Section        0  system.o(i.system_init)
    i.write_global_settings                  0x08006f38   Section        0  settings.o(i.write_global_settings)
    .constdata                               0x08006f58   Section      152  atan.o(.constdata)
    atanhi                                   0x08006f58   Data          32  atan.o(.constdata)
    atanlo                                   0x08006f78   Data          32  atan.o(.constdata)
    aTodd                                    0x08006f98   Data          40  atan.o(.constdata)
    aTeven                                   0x08006fc0   Data          48  atan.o(.constdata)
    .constdata                               0x08006ff0   Section       48  cos_i.o(.constdata)
    C                                        0x08006ff0   Data          48  cos_i.o(.constdata)
    .constdata                               0x08007020   Section        8  qnan.o(.constdata)
    .constdata                               0x08007028   Section      200  rred.o(.constdata)
    pio2s                                    0x08007028   Data          48  rred.o(.constdata)
    twooverpi                                0x08007058   Data         152  rred.o(.constdata)
    .constdata                               0x080070f0   Section       40  sin_i.o(.constdata)
    S                                        0x080070f0   Data          40  sin_i.o(.constdata)
    .conststring                             0x08007118   Section      324  report.o(.conststring)
    .data                                    0x20000000   Section       20  stm32f10x_rcc.o(.data)
    ADCPrescTable                            0x20000000   Data           4  stm32f10x_rcc.o(.data)
    APBAHBPrescTable                         0x20000004   Data          16  stm32f10x_rcc.o(.data)
    .data                                    0x20000014   Section       20  system_stm32f10x.o(.data)
    .data                                    0x20000028   Section        4  planner.o(.data)
    block_buffer_tail                        0x20000028   Data           1  planner.o(.data)
    block_buffer_head                        0x20000029   Data           1  planner.o(.data)
    next_buffer_head                         0x2000002a   Data           1  planner.o(.data)
    block_buffer_planned                     0x2000002b   Data           1  planner.o(.data)
    .data                                    0x2000002c   Section        1  probe.o(.data)
    .data                                    0x2000002d   Section        4  serial.o(.data)
    .data                                    0x20000034   Section       16  stepper.o(.data)
    segment_buffer_tail                      0x20000034   Data           1  stepper.o(.data)
    segment_buffer_head                      0x20000035   Data           1  stepper.o(.data)
    segment_next_head                        0x20000036   Data           1  stepper.o(.data)
    step_port_invert_mask                    0x20000037   Data           1  stepper.o(.data)
    dir_port_invert_mask                     0x20000038   Data           1  stepper.o(.data)
    busy                                     0x20000039   Data           1  stepper.o(.data)
    pl_block                                 0x2000003c   Data           4  stepper.o(.data)
    st_prep_block                            0x20000040   Data           4  stepper.o(.data)
    .data                                    0x20000044   Section        1  system.o(.data)
    .data                                    0x20000045   Section        1  system.o(.data)
    .data                                    0x20000046   Section        1  system.o(.data)
    .data                                    0x20000048   Section        4  delay.o(.data)
    fac_us                                   0x20000048   Data           1  delay.o(.data)
    fac_ms                                   0x2000004a   Data           2  delay.o(.data)
    .data                                    0x2000004c   Section        4  stdout.o(.data)
    .data                                    0x20000050   Section        4  errno.o(.data)
    _errno                                   0x20000050   Data           4  errno.o(.data)
    .bss                                     0x20000054   Section       32  main.o(.bss)
    .bss                                     0x20000074   Section      132  gcode.o(.bss)
    .bss                                     0x200000f8   Section      820  planner.o(.bss)
    block_buffer                             0x200000f8   Data         792  planner.o(.bss)
    pl                                       0x20000410   Data          28  planner.o(.bss)
    .bss                                     0x2000042c   Section       80  protocol.o(.bss)
    line                                     0x2000042c   Data          80  protocol.o(.bss)
    .bss                                     0x2000047c   Section      192  serial.o(.bss)
    .bss                                     0x2000053c   Section       84  settings.o(.bss)
    .bss                                     0x20000590   Section      236  stepper.o(.bss)
    st_block_buffer                          0x20000590   Data         100  stepper.o(.bss)
    segment_buffer                           0x200005f4   Data          48  stepper.o(.bss)
    st                                       0x20000624   Data          40  stepper.o(.bss)
    prep                                     0x2000064c   Data          48  stepper.o(.bss)
    .bss                                     0x2000067c   Section     2048  hw_eeprom.o(.bss)
    STACK                                    0x20000e80   Section     1024  startup_stm32f10x_cl.o(STACK)

    Global Symbols

    Symbol Name                              Value     Ov Type        Size  Object(Section)

    BuildAttributes$$THM_ISAv4$P$D$K$B$S$PE$A:L22UL41UL21$X:L11$S22US41US21$IEEE1$IW$USESV6$~STKCKD$USESV7$~SHL$OTIME$ROPI$IEEEX$EBA8$MICROLIB$REQ8$PRES8$EABIv2 0x00000000   Number         0  anon$$obj.o ABSOLUTE
    __ARM_use_no_argv                        0x00000000   Number         0  main.o ABSOLUTE
    __cpp_initialize__aeabi_                  - Undefined Weak Reference
    __cxa_finalize                            - Undefined Weak Reference
    __decompress                              - Undefined Weak Reference
    _clock_init                               - Undefined Weak Reference
    _microlib_exit                            - Undefined Weak Reference
    __Vectors_Size                           0x00000150   Number         0  startup_stm32f10x_cl.o ABSOLUTE
    __Vectors                                0x08000000   Data           4  startup_stm32f10x_cl.o(RESET)
    __Vectors_End                            0x08000150   Data           0  startup_stm32f10x_cl.o(RESET)
    __main                                   0x08000151   Thumb Code     0  entry.o(.ARM.Collect$$$$00000000)
    _main_stk                                0x08000151   Thumb Code     0  entry2.o(.ARM.Collect$$$$00000001)
    _main_scatterload                        0x08000155   Thumb Code     0  entry5.o(.ARM.Collect$$$$00000004)
    __main_after_scatterload                 0x08000159   Thumb Code     0  entry5.o(.ARM.Collect$$$$00000004)
    _main_clock                              0x08000159   Thumb Code     0  entry7b.o(.ARM.Collect$$$$00000008)
    _main_cpp_init                           0x08000159   Thumb Code     0  entry8b.o(.ARM.Collect$$$$0000000A)
    _main_init                               0x08000159   Thumb Code     0  entry9a.o(.ARM.Collect$$$$0000000B)
    __rt_final_cpp                           0x08000161   Thumb Code     0  entry10a.o(.ARM.Collect$$$$0000000D)
    __rt_final_exit                          0x08000161   Thumb Code     0  entry11a.o(.ARM.Collect$$$$0000000F)
    Reset_Handler                            0x08000165   Thumb Code     8  startup_stm32f10x_cl.o(.text)
    ADC1_2_IRQHandler                        0x0800017f   Thumb Code     0  startup_stm32f10x_cl.o(.text)
    CAN1_RX0_IRQHandler                      0x0800017f   Thumb Code     0  startup_stm32f10x_cl.o(.text)
    CAN1_RX1_IRQHandler                      0x0800017f   Thumb Code     0  startup_stm32f10x_cl.o(.text)
    CAN1_SCE_IRQHandler                      0x0800017f   Thumb Code     0  startup_stm32f10x_cl.o(.text)
    CAN1_TX_IRQHandler                       0x0800017f   Thumb Code     0  startup_stm32f10x_cl.o(.text)
    CAN2_RX0_IRQHandler                      0x0800017f   Thumb Code     0  startup_stm32f10x_cl.o(.text)
    CAN2_RX1_IRQHandler                      0x0800017f   Thumb Code     0  startup_stm32f10x_cl.o(.text)
    CAN2_SCE_IRQHandler                      0x0800017f   Thumb Code     0  startup_stm32f10x_cl.o(.text)
    CAN2_TX_IRQHandler                       0x0800017f   Thumb Code     0  startup_stm32f10x_cl.o(.text)
    DMA1_Channel1_IRQHandler                 0x0800017f   Thumb Code     0  startup_stm32f10x_cl.o(.text)
    DMA1_Channel2_IRQHandler                 0x0800017f   Thumb Code     0  startup_stm32f10x_cl.o(.text)
    DMA1_Channel3_IRQHandler                 0x0800017f   Thumb Code     0  startup_stm32f10x_cl.o(.text)
    DMA1_Channel4_IRQHandler                 0x0800017f   Thumb Code     0  startup_stm32f10x_cl.o(.text)
    DMA1_Channel5_IRQHandler                 0x0800017f   Thumb Code     0  startup_stm32f10x_cl.o(.text)
    DMA1_Channel6_IRQHandler                 0x0800017f   Thumb Code     0  startup_stm32f10x_cl.o(.text)
    DMA1_Channel7_IRQHandler                 0x0800017f   Thumb Code     0  startup_stm32f10x_cl.o(.text)
    DMA2_Channel1_IRQHandler                 0x0800017f   Thumb Code     0  startup_stm32f10x_cl.o(.text)
    DMA2_Channel2_IRQHandler                 0x0800017f   Thumb Code     0  startup_stm32f10x_cl.o(.text)
    DMA2_Channel3_IRQHandler                 0x0800017f   Thumb Code     0  startup_stm32f10x_cl.o(.text)
    DMA2_Channel4_IRQHandler                 0x0800017f   Thumb Code     0  startup_stm32f10x_cl.o(.text)
    DMA2_Channel5_IRQHandler                 0x0800017f   Thumb Code     0  startup_stm32f10x_cl.o(.text)
    ETH_IRQHandler                           0x0800017f   Thumb Code     0  startup_stm32f10x_cl.o(.text)
    ETH_WKUP_IRQHandler                      0x0800017f   Thumb Code     0  startup_stm32f10x_cl.o(.text)
    EXTI0_IRQHandler                         0x0800017f   Thumb Code     0  startup_stm32f10x_cl.o(.text)
    EXTI1_IRQHandler                         0x0800017f   Thumb Code     0  startup_stm32f10x_cl.o(.text)
    EXTI2_IRQHandler                         0x0800017f   Thumb Code     0  startup_stm32f10x_cl.o(.text)
    EXTI3_IRQHandler                         0x0800017f   Thumb Code     0  startup_stm32f10x_cl.o(.text)
    EXTI4_IRQHandler                         0x0800017f   Thumb Code     0  startup_stm32f10x_cl.o(.text)
    FLASH_IRQHandler                         0x0800017f   Thumb Code     0  startup_stm32f10x_cl.o(.text)
    I2C1_ER_IRQHandler                       0x0800017f   Thumb Code     0  startup_stm32f10x_cl.o(.text)
    I2C1_EV_IRQHandler                       0x0800017f   Thumb Code     0  startup_stm32f10x_cl.o(.text)
    I2C2_ER_IRQHandler                       0x0800017f   Thumb Code     0  startup_stm32f10x_cl.o(.text)
    I2C2_EV_IRQHandler                       0x0800017f   Thumb Code     0  startup_stm32f10x_cl.o(.text)
    OTG_FS_IRQHandler                        0x0800017f   Thumb Code     0  startup_stm32f10x_cl.o(.text)
    OTG_FS_WKUP_IRQHandler                   0x0800017f   Thumb Code     0  startup_stm32f10x_cl.o(.text)
    PVD_IRQHandler                           0x0800017f   Thumb Code     0  startup_stm32f10x_cl.o(.text)
    RCC_IRQHandler                           0x0800017f   Thumb Code     0  startup_stm32f10x_cl.o(.text)
    RTCAlarm_IRQHandler                      0x0800017f   Thumb Code     0  startup_stm32f10x_cl.o(.text)
    RTC_IRQHandler                           0x0800017f   Thumb Code     0  startup_stm32f10x_cl.o(.text)
    SPI1_IRQHandler                          0x0800017f   Thumb Code     0  startup_stm32f10x_cl.o(.text)
    SPI2_IRQHandler                          0x0800017f   Thumb Code     0  startup_stm32f10x_cl.o(.text)
    SPI3_IRQHandler                          0x0800017f   Thumb Code     0  startup_stm32f10x_cl.o(.text)
    TAMPER_IRQHandler                        0x0800017f   Thumb Code     0  startup_stm32f10x_cl.o(.text)
    TIM1_BRK_IRQHandler                      0x0800017f   Thumb Code     0  startup_stm32f10x_cl.o(.text)
    TIM1_CC_IRQHandler                       0x0800017f   Thumb Code     0  startup_stm32f10x_cl.o(.text)
    TIM1_TRG_COM_IRQHandler                  0x0800017f   Thumb Code     0  startup_stm32f10x_cl.o(.text)
    TIM1_UP_IRQHandler                       0x0800017f   Thumb Code     0  startup_stm32f10x_cl.o(.text)
    TIM2_IRQHandler                          0x0800017f   Thumb Code     0  startup_stm32f10x_cl.o(.text)
    TIM5_IRQHandler                          0x0800017f   Thumb Code     0  startup_stm32f10x_cl.o(.text)
    TIM6_IRQHandler                          0x0800017f   Thumb Code     0  startup_stm32f10x_cl.o(.text)
    TIM7_IRQHandler                          0x0800017f   Thumb Code     0  startup_stm32f10x_cl.o(.text)
    UART4_IRQHandler                         0x0800017f   Thumb Code     0  startup_stm32f10x_cl.o(.text)
    UART5_IRQHandler                         0x0800017f   Thumb Code     0  startup_stm32f10x_cl.o(.text)
    USART1_IRQHandler                        0x0800017f   Thumb Code     0  startup_stm32f10x_cl.o(.text)
    USART3_IRQHandler                        0x0800017f   Thumb Code     0  startup_stm32f10x_cl.o(.text)
    WWDG_IRQHandler                          0x0800017f   Thumb Code     0  startup_stm32f10x_cl.o(.text)
    __aeabi_memset                           0x08000189   Thumb Code    14  memseta.o(.text)
    __aeabi_memset4                          0x08000189   Thumb Code     0  memseta.o(.text)
    __aeabi_memset8                          0x08000189   Thumb Code     0  memseta.o(.text)
    __aeabi_memclr                           0x08000197   Thumb Code     4  memseta.o(.text)
    __aeabi_memclr4                          0x08000197   Thumb Code     0  memseta.o(.text)
    __aeabi_memclr8                          0x08000197   Thumb Code     0  memseta.o(.text)
    _memset$wrapper                          0x0800019b   Thumb Code    18  memseta.o(.text)
    __aeabi_fadd                             0x080001ad   Thumb Code   164  fadd.o(.text)
    __aeabi_fsub                             0x08000251   Thumb Code     6  fadd.o(.text)
    __aeabi_frsub                            0x08000257   Thumb Code     6  fadd.o(.text)
    __aeabi_fmul                             0x0800025d   Thumb Code   100  fmul.o(.text)
    __aeabi_fdiv                             0x080002c1   Thumb Code   124  fdiv.o(.text)
    __ARM_scalbnf                            0x0800033d   Thumb Code    24  fscalb.o(.text)
    scalbnf                                  0x0800033d   Thumb Code     0  fscalb.o(.text)
    __aeabi_dadd                             0x08000355   Thumb Code   322  dadd.o(.text)
    __aeabi_dsub                             0x08000497   Thumb Code     6  dadd.o(.text)
    __aeabi_drsub                            0x0800049d   Thumb Code     6  dadd.o(.text)
    __aeabi_dmul                             0x080004a3   Thumb Code   228  dmul.o(.text)
    __aeabi_ddiv                             0x08000587   Thumb Code   222  ddiv.o(.text)
    __ARM_scalbn                             0x08000665   Thumb Code    46  dscalb.o(.text)
    scalbn                                   0x08000665   Thumb Code     0  dscalb.o(.text)
    __aeabi_i2f                              0x08000693   Thumb Code    18  fflti.o(.text)
    __aeabi_ui2f                             0x080006a5   Thumb Code    10  ffltui.o(.text)
    __aeabi_i2d                              0x080006af   Thumb Code    34  dflti.o(.text)
    __aeabi_ui2d                             0x080006d1   Thumb Code    26  dfltui.o(.text)
    __aeabi_f2iz                             0x080006eb   Thumb Code    50  ffixi.o(.text)
    __aeabi_f2uiz                            0x0800071d   Thumb Code    40  ffixui.o(.text)
    __aeabi_d2iz                             0x08000745   Thumb Code    62  dfixi.o(.text)
    __aeabi_d2uiz                            0x08000783   Thumb Code    50  dfixui.o(.text)
    __aeabi_f2d                              0x080007b5   Thumb Code    38  f2d.o(.text)
    __aeabi_cdcmpeq                          0x080007dd   Thumb Code     0  cdcmple.o(.text)
    __aeabi_cdcmple                          0x080007dd   Thumb Code    48  cdcmple.o(.text)
    __aeabi_cdrcmple                         0x0800080d   Thumb Code    48  cdrcmple.o(.text)
    __aeabi_d2f                              0x0800083d   Thumb Code    56  d2f.o(.text)
    __aeabi_cfcmpeq                          0x08000875   Thumb Code     0  cfcmple.o(.text)
    __aeabi_cfcmple                          0x08000875   Thumb Code    20  cfcmple.o(.text)
    __aeabi_cfrcmple                         0x08000889   Thumb Code    20  cfrcmple.o(.text)
    __aeabi_llsl                             0x0800089d   Thumb Code    30  llshl.o(.text)
    _ll_shift_l                              0x0800089d   Thumb Code     0  llshl.o(.text)
    __aeabi_llsr                             0x080008bb   Thumb Code    32  llushr.o(.text)
    _ll_ushift_r                             0x080008bb   Thumb Code     0  llushr.o(.text)
    __aeabi_lasr                             0x080008db   Thumb Code    36  llsshr.o(.text)
    _ll_sshift_r                             0x080008db   Thumb Code     0  llsshr.o(.text)
    __I$use$fp                               0x080008ff   Thumb Code     0  iusefp.o(.text)
    _float_round                             0x080008ff   Thumb Code    18  fepilogue.o(.text)
    _float_epilogue                          0x08000911   Thumb Code    92  fepilogue.o(.text)
    _double_round                            0x0800096d   Thumb Code    30  depilogue.o(.text)
    _double_epilogue                         0x0800098b   Thumb Code   156  depilogue.o(.text)
    _dsqrt                                   0x08000a27   Thumb Code   162  dsqrt.o(.text)
    __scatterload                            0x08000ac9   Thumb Code    28  init.o(.text)
    __scatterload_rt2                        0x08000ac9   Thumb Code     0  init.o(.text)
    BusFault_Handler                         0x08000aed   Thumb Code     2  stm32f10x_it.o(i.BusFault_Handler)
    DebugMon_Handler                         0x08000aef   Thumb Code     2  stm32f10x_it.o(i.DebugMon_Handler)
    EXTI15_10_IRQHandler                     0x08000af1   Thumb Code    60  limits.o(i.EXTI15_10_IRQHandler)
    EXTI9_5_IRQHandler                       0x08000b35   Thumb Code   108  system.o(i.EXTI9_5_IRQHandler)
    EXTI_ClearITPendingBit                   0x08000ba9   Thumb Code     6  stm32f10x_exti.o(i.EXTI_ClearITPendingBit)
    EXTI_Init                                0x08000bb5   Thumb Code   108  stm32f10x_exti.o(i.EXTI_Init)
    GPIO_EXTILineConfig                      0x08000c25   Thumb Code    34  stm32f10x_gpio.o(i.GPIO_EXTILineConfig)
    GPIO_Init                                0x08000c4d   Thumb Code   162  stm32f10x_gpio.o(i.GPIO_Init)
    GPIO_PinRemapConfig                      0x08000cf1   Thumb Code    82  stm32f10x_gpio.o(i.GPIO_PinRemapConfig)
    GPIO_ReadInputDataBit                    0x08000d49   Thumb Code    14  stm32f10x_gpio.o(i.GPIO_ReadInputDataBit)
    GPIO_ResetBits                           0x08000d57   Thumb Code     4  stm32f10x_gpio.o(i.GPIO_ResetBits)
    GPIO_SetBits                             0x08000d5b   Thumb Code     4  stm32f10x_gpio.o(i.GPIO_SetBits)
    HW_EEPROM_getChar                        0x08000d61   Thumb Code    44  hw_eeprom.o(i.HW_EEPROM_getChar)
    HW_EEPROM_putChar                        0x08000d95   Thumb Code    50  hw_eeprom.o(i.HW_EEPROM_putChar)
    HW_EXTI_Disable                          0x08000dd1   Thumb Code    28  hw_exti.o(i.HW_EXTI_Disable)
    HW_EXTI_Enable                           0x08000ded   Thumb Code    28  hw_exti.o(i.HW_EXTI_Enable)
    HW_EXTI_Init                             0x08000e09   Thumb Code    56  hw_exti.o(i.HW_EXTI_Init)
    HW_GPIO_Init_In                          0x08000e41   Thumb Code    38  hw_gpio.o(i.HW_GPIO_Init_In)
    HW_GPIO_Init_Out                         0x08000e67   Thumb Code    38  hw_gpio.o(i.HW_GPIO_Init_Out)
    HW_GPIO_Read                             0x08000e8d   Thumb Code     4  hw_gpio.o(i.HW_GPIO_Read)
    HW_GPIO_Write                            0x08000e91   Thumb Code    10  hw_gpio.o(i.HW_GPIO_Write)
    HW_PWM_Disable                           0x08000e9b   Thumb Code     6  hw_pwm.o(i.HW_PWM_Disable)
    HW_PWM_Enable                            0x08000ea1   Thumb Code     6  hw_pwm.o(i.HW_PWM_Enable)
    HW_PWM_Init                              0x08000ea7   Thumb Code   130  hw_pwm.o(i.HW_PWM_Init)
    HW_PWM_Write                             0x08000f29   Thumb Code     6  hw_pwm.o(i.HW_PWM_Write)
    HW_TIM_DriverInterrupt_Disable           0x08000f31   Thumb Code     8  hw_tim.o(i.HW_TIM_DriverInterrupt_Disable)
    HW_TIM_DriverInterrupt_Enable            0x08000f3d   Thumb Code     8  hw_tim.o(i.HW_TIM_DriverInterrupt_Enable)
    HW_TIM_DriverInterrupt_ValueConfig       0x08000f49   Thumb Code    28  hw_tim.o(i.HW_TIM_DriverInterrupt_ValueConfig)
    HW_TIM_Init                              0x08000f69   Thumb Code   160  hw_tim.o(i.HW_TIM_Init)
    HW_TIM_PortResetInterrupt_Disable        0x08001011   Thumb Code     8  hw_tim.o(i.HW_TIM_PortResetInterrupt_Disable)
    HW_TIM_PortResetInterrupt_Enable         0x0800101d   Thumb Code     8  hw_tim.o(i.HW_TIM_PortResetInterrupt_Enable)
    HW_TIM_PortResetInterrupt_ValueConfig    0x08001029   Thumb Code    28  hw_tim.o(i.HW_TIM_PortResetInterrupt_ValueConfig)
    HW_USART_Init                            0x08001049   Thumb Code     2  hw_usart.o(i.HW_USART_Init)
    HardFault_Handler                        0x0800104b   Thumb Code     2  stm32f10x_it.o(i.HardFault_Handler)
    LED_Configuration                        0x0800104d   Thumb Code    72  hw_config.o(i.LED_Configuration)
    MemManage_Handler                        0x08001099   Thumb Code     2  stm32f10x_it.o(i.MemManage_Handler)
    NMI_Handler                              0x0800109b   Thumb Code     2  stm32f10x_it.o(i.NMI_Handler)
    NVIC_Configuration                       0x0800109d   Thumb Code    40  hw_config.o(i.NVIC_Configuration)
    NVIC_Init                                0x080010c5   Thumb Code    94  misc.o(i.NVIC_Init)
    NVIC_PriorityGroupConfig                 0x08001129   Thumb Code    10  misc.o(i.NVIC_PriorityGroupConfig)
    PendSV_Handler                           0x0800113d   Thumb Code     2  stm32f10x_it.o(i.PendSV_Handler)
    RCC_APB1PeriphClockCmd                   0x08001141   Thumb Code    18  stm32f10x_rcc.o(i.RCC_APB1PeriphClockCmd)
    RCC_APB2PeriphClockCmd                   0x08001159   Thumb Code    18  stm32f10x_rcc.o(i.RCC_APB2PeriphClockCmd)
    RCC_GetClocksFreq                        0x08001171   Thumb Code   178  stm32f10x_rcc.o(i.RCC_GetClocksFreq)
    STMFLASH_ErasePage                       0x08001239   Thumb Code    58  hw_eeprom.o(i.STMFLASH_ErasePage)
    STMFLASH_GetStatus                       0x08001279   Thumb Code    32  hw_eeprom.o(i.STMFLASH_GetStatus)
    STMFLASH_Lock                            0x0800129d   Thumb Code    12  hw_eeprom.o(i.STMFLASH_Lock)
    STMFLASH_Read                            0x080012ad   Thumb Code    26  hw_eeprom.o(i.STMFLASH_Read)
    STMFLASH_Unlock                          0x080012c9   Thumb Code    12  hw_eeprom.o(i.STMFLASH_Unlock)
    STMFLASH_WaitDone                        0x080012e1   Thumb Code    36  hw_eeprom.o(i.STMFLASH_WaitDone)
    STMFLASH_Write                           0x08001305   Thumb Code   190  hw_eeprom.o(i.STMFLASH_Write)
    STMFLASH_WriteHalfWord                   0x080013c9   Thumb Code    48  hw_eeprom.o(i.STMFLASH_WriteHalfWord)
    STMFLASH_Write_NoCheck                   0x080013fd   Thumb Code    40  hw_eeprom.o(i.STMFLASH_Write_NoCheck)
    SVC_Handler                              0x08001425   Thumb Code     2  stm32f10x_it.o(i.SVC_Handler)
    SysTick_CLKSourceConfig                  0x080014f9   Thumb Code    24  misc.o(i.SysTick_CLKSourceConfig)
    SysTick_Handler                          0x08001511   Thumb Code     2  stm32f10x_it.o(i.SysTick_Handler)
    SystemInit                               0x08001515   Thumb Code    76  system_stm32f10x.o(i.SystemInit)
    TIM3_IRQHandler                          0x08001571   Thumb Code   476  stepper.o(i.TIM3_IRQHandler)
    TIM4_IRQHandler                          0x08001765   Thumb Code    80  stepper.o(i.TIM4_IRQHandler)
    TIM_ClearITPendingBit                    0x080017c1   Thumb Code     6  stm32f10x_tim.o(i.TIM_ClearITPendingBit)
    TIM_Cmd                                  0x080017c7   Thumb Code    20  stm32f10x_tim.o(i.TIM_Cmd)
    TIM_GetITStatus                          0x080017db   Thumb Code    24  stm32f10x_tim.o(i.TIM_GetITStatus)
    TIM_ITConfig                             0x080017f3   Thumb Code    16  stm32f10x_tim.o(i.TIM_ITConfig)
    TIM_OC1Init                              0x08001805   Thumb Code   106  stm32f10x_tim.o(i.TIM_OC1Init)
    TIM_OC1PreloadConfig                     0x08001885   Thumb Code    12  stm32f10x_tim.o(i.TIM_OC1PreloadConfig)
    TIM_PrescalerConfig                      0x08001891   Thumb Code     6  stm32f10x_tim.o(i.TIM_PrescalerConfig)
    TIM_SetAutoreload                        0x08001897   Thumb Code     4  stm32f10x_tim.o(i.TIM_SetAutoreload)
    TIM_SetCompare1                          0x0800189b   Thumb Code     4  stm32f10x_tim.o(i.TIM_SetCompare1)
    TIM_TimeBaseInit                         0x080018a1   Thumb Code   114  stm32f10x_tim.o(i.TIM_TimeBaseInit)
    USART2_IRQHandler                        0x0800193d   Thumb Code   216  serial.o(i.USART2_IRQHandler)
    USART2_SendString                        0x08001a25   Thumb Code    38  hw_config.o(i.USART2_SendString)
    USART_Cmd                                0x08001a51   Thumb Code    20  stm32f10x_usart.o(i.USART_Cmd)
    USART_Configuration                      0x08001a65   Thumb Code   216  hw_config.o(i.USART_Configuration)
    USART_GetFlagStatus                      0x08001b4d   Thumb Code    14  stm32f10x_usart.o(i.USART_GetFlagStatus)
    USART_GetITStatus                        0x08001b5b   Thumb Code    62  stm32f10x_usart.o(i.USART_GetITStatus)
    USART_ITConfig                           0x08001b99   Thumb Code    48  stm32f10x_usart.o(i.USART_ITConfig)
    USART_Init                               0x08001bc9   Thumb Code   166  stm32f10x_usart.o(i.USART_Init)
    USART_ReceiveData                        0x08001c75   Thumb Code     8  stm32f10x_usart.o(i.USART_ReceiveData)
    USART_SendData                           0x08001c7d   Thumb Code     8  stm32f10x_usart.o(i.USART_SendData)
    UsageFault_Handler                       0x08001c85   Thumb Code     2  stm32f10x_it.o(i.UsageFault_Handler)
    __0printf$bare                           0x08001c89   Thumb Code     8  printfb.o(i.__0printf$bare)
    __1printf$bare                           0x08001c89   Thumb Code     0  printfb.o(i.__0printf$bare)
    __2printf                                0x08001c89   Thumb Code     0  printfb.o(i.__0printf$bare)
    __ARM_fpclassify                         0x08001c99   Thumb Code    40  fpclassify.o(i.__ARM_fpclassify)
    __ieee754_rem_pio2                       0x08001cc1   Thumb Code   828  rred.o(i.__ieee754_rem_pio2)
    __kernel_cos                             0x08002049   Thumb Code   230  cos_i.o(i.__kernel_cos)
    __kernel_poly                            0x08002145   Thumb Code   170  poly.o(i.__kernel_poly)
    __kernel_sin                             0x080021f1   Thumb Code   224  sin_i.o(i.__kernel_sin)
    __mathlib_dbl_infnan                     0x080022dd   Thumb Code     6  dunder.o(i.__mathlib_dbl_infnan)
    __mathlib_dbl_infnan2                    0x080022e3   Thumb Code     4  dunder.o(i.__mathlib_dbl_infnan2)
    __mathlib_dbl_invalid                    0x080022e7   Thumb Code    12  dunder.o(i.__mathlib_dbl_invalid)
    __mathlib_dbl_underflow                  0x080022f5   Thumb Code    10  dunder.o(i.__mathlib_dbl_underflow)
    __scatterload_copy                       0x08002305   Thumb Code    14  handlers.o(i.__scatterload_copy)
    __scatterload_null                       0x08002313   Thumb Code     2  handlers.o(i.__scatterload_null)
    __scatterload_zeroinit                   0x08002315   Thumb Code    14  handlers.o(i.__scatterload_zeroinit)
    __set_errno                              0x08002325   Thumb Code     6  errno.o(i.__set_errno)
    atan                                     0x08002355   Thumb Code   474  atan.o(i.atan)
    atan2                                    0x08002575   Thumb Code   346  atan2.o(i.atan2)
    ceil                                     0x080026f5   Thumb Code   204  ceil.o(i.ceil)
    coolant_init                             0x080027d1   Thumb Code    20  coolant_control.o(i.coolant_init)
    coolant_run                              0x080027e9   Thumb Code    28  coolant_control.o(i.coolant_run)
    coolant_set_state                        0x08002809   Thumb Code    18  coolant_control.o(i.coolant_set_state)
    coolant_stop                             0x08002821   Thumb Code    10  coolant_control.o(i.coolant_stop)
    cos                                      0x08002831   Thumb Code   148  cos.o(i.cos)
    delay_init                               0x080028cd   Thumb Code    46  delay.o(i.delay_init)
    delay_ms                                 0x08002909   Thumb Code    46  delay.o(i.delay_ms)
    delay_us                                 0x0800293d   Thumb Code    46  delay.o(i.delay_us)
    eeprom_get_char                          0x08002971   Thumb Code    20  eeprom.o(i.eeprom_get_char)
    eeprom_put_char                          0x08002985   Thumb Code    20  eeprom.o(i.eeprom_put_char)
    floor                                    0x08002999   Thumb Code   204  floor.o(i.floor)
    fputc                                    0x08002a75   Thumb Code    30  main.o(i.fputc)
    gc_execute_line                          0x08002ac1   Thumb Code  3198  gcode.o(i.gc_execute_line)
    gc_init                                  0x08003761   Thumb Code    38  gcode.o(i.gc_init)
    gc_sync_position                         0x0800378d   Thumb Code     8  gcode.o(i.gc_sync_position)
    get_direction_pin_mask                   0x0800379d   Thumb Code    18  settings.o(i.get_direction_pin_mask)
    get_limit_pin_mask                       0x080037af   Thumb Code    18  settings.o(i.get_limit_pin_mask)
    get_step_pin_mask                        0x080037c1   Thumb Code    18  settings.o(i.get_step_pin_mask)
    hypot_f                                  0x080037d3   Thumb Code    42  nuts_bolts.o(i.hypot_f)
    limits_disable                           0x080037fd   Thumb Code    10  limits.o(i.limits_disable)
    limits_get_state                         0x08003809   Thumb Code   102  limits.o(i.limits_get_state)
    limits_go_home                           0x08003879   Thumb Code   764  limits.o(i.limits_go_home)
    limits_init                              0x08003b8d   Thumb Code   142  limits.o(i.limits_init)
    limits_soft_check                        0x08003c25   Thumb Code   142  limits.o(i.limits_soft_check)
    main                                     0x08003cc5   Thumb Code   136  main.o(i.main)
    mc_arc                                   0x08003dbd   Thumb Code   746  motion_control.o(i.mc_arc)
    mc_dwell                                 0x080040cd   Thumb Code   106  motion_control.o(i.mc_dwell)
    mc_homing_cycle                          0x08004145   Thumb Code    44  motion_control.o(i.mc_homing_cycle)
    mc_line                                  0x08004175   Thumb Code    76  motion_control.o(i.mc_line)
    mc_probe_cycle                           0x080041c9   Thumb Code   226  motion_control.o(i.mc_probe_cycle)
    mc_reset                                 0x080042bd   Thumb Code    98  motion_control.o(i.mc_reset)
    memcpy_from_eeprom_with_checksum         0x0800432d   Thumb Code    66  eeprom.o(i.memcpy_from_eeprom_with_checksum)
    memcpy_to_eeprom_with_checksum           0x0800436f   Thumb Code    58  eeprom.o(i.memcpy_to_eeprom_with_checksum)
    plan_buffer_line                         0x080043a9   Thumb Code   954  planner.o(i.plan_buffer_line)
    plan_check_full_buffer                   0x08004791   Thumb Code    18  planner.o(i.plan_check_full_buffer)
    plan_cycle_reinitialize                  0x080047a9   Thumb Code    20  planner.o(i.plan_cycle_reinitialize)
    plan_discard_current_block               0x080047c1   Thumb Code    30  planner.o(i.plan_discard_current_block)
    plan_get_block_buffer_count              0x080047e5   Thumb Code    24  planner.o(i.plan_get_block_buffer_count)
    plan_get_current_block                   0x08004801   Thumb Code    30  planner.o(i.plan_get_current_block)
    plan_get_exec_block_exit_speed           0x08004829   Thumb Code    52  planner.o(i.plan_get_exec_block_exit_speed)
    plan_next_block_index                    0x08004865   Thumb Code    12  planner.o(i.plan_next_block_index)
    plan_reset                               0x0800487d   Thumb Code    26  planner.o(i.plan_reset)
    plan_sync_position                       0x080048a1   Thumb Code    56  planner.o(i.plan_sync_position)
    printFloat                               0x08004a19   Thumb Code   168  print.o(i.printFloat)
    printFloat_CoordValue                    0x08004ac9   Thumb Code    42  print.o(i.printFloat_CoordValue)
    printFloat_RateValue                     0x08004b01   Thumb Code    38  print.o(i.printFloat_RateValue)
    printFloat_SettingValue                  0x08004b35   Thumb Code     6  print.o(i.printFloat_SettingValue)
    printPgmString                           0x08004b3b   Thumb Code     4  print.o(i.printPgmString)
    printString                              0x08004b3f   Thumb Code    20  print.o(i.printString)
    print_uint8_base10                       0x08004b53   Thumb Code    24  print.o(i.print_uint8_base10)
    print_uint8_base2                        0x08004b6b   Thumb Code     8  print.o(i.print_uint8_base2)
    print_unsigned_int8                      0x08004b73   Thumb Code    56  print.o(i.print_unsigned_int8)
    probe_configure_invert_mask              0x08004bad   Thumb Code    34  probe.o(i.probe_configure_invert_mask)
    probe_get_state                          0x08004bd9   Thumb Code    18  probe.o(i.probe_get_state)
    probe_init                               0x08004bf5   Thumb Code    28  probe.o(i.probe_init)
    probe_state_monitor                      0x08004c15   Thumb Code    42  probe.o(i.probe_state_monitor)
    protocol_auto_cycle_start                0x08004c4d   Thumb Code    24  protocol.o(i.protocol_auto_cycle_start)
    protocol_buffer_synchronize              0x08004c69   Thumb Code    34  protocol.o(i.protocol_buffer_synchronize)
    protocol_execute_realtime                0x08004c91   Thumb Code   540  protocol.o(i.protocol_execute_realtime)
    protocol_main_loop                       0x08004ebd   Thumb Code   226  protocol.o(i.protocol_main_loop)
    read_float                               0x08004fad   Thumb Code   214  nuts_bolts.o(i.read_float)
    read_global_settings                     0x08005099   Thumb Code    34  settings.o(i.read_global_settings)
    report_alarm_message                     0x080050c1   Thumb Code    64  report.o(i.report_alarm_message)
    report_build_info                        0x08005151   Thumb Code    26  report.o(i.report_build_info)
    report_feedback_message                  0x08005181   Thumb Code    72  report.o(i.report_feedback_message)
    report_gcode_modes                       0x08005249   Thumb Code   282  report.o(i.report_gcode_modes)
    report_grbl_help                         0x08005405   Thumb Code     6  report.o(i.report_grbl_help)
    report_grbl_settings                     0x08005411   Thumb Code   498  report.o(i.report_grbl_settings)
    report_init_message                      0x080058c1   Thumb Code     6  report.o(i.report_init_message)
    report_ngc_parameters                    0x080058e9   Thumb Code   172  report.o(i.report_ngc_parameters)
    report_probe_parameters                  0x080059c1   Thumb Code    72  report.o(i.report_probe_parameters)
    report_realtime_status                   0x08005a1d   Thumb Code   310  report.o(i.report_realtime_status)
    report_startup_line                      0x08005bc9   Thumb Code    40  report.o(i.report_startup_line)
    report_status_message                    0x08005bfd   Thumb Code   130  report.o(i.report_status_message)
    serial_get_rx_buffer_count               0x08005db9   Thumb Code    24  serial.o(i.serial_get_rx_buffer_count)
    serial_init                              0x08005dd5   Thumb Code     8  serial.o(i.serial_init)
    serial_read                              0x08005ddd   Thumb Code    32  serial.o(i.serial_read)
    serial_reset_read_buffer                 0x08005e05   Thumb Code     8  serial.o(i.serial_reset_read_buffer)
    serial_write                             0x08005e11   Thumb Code    66  serial.o(i.serial_write)
    settings_init                            0x08005e69   Thumb Code    32  settings.o(i.settings_init)
    settings_read_build_info                 0x08005e89   Thumb Code    34  settings.o(i.settings_read_build_info)
    settings_read_coord_data                 0x08005eab   Thumb Code    52  settings.o(i.settings_read_coord_data)
    settings_read_startup_line               0x08005edf   Thumb Code    48  settings.o(i.settings_read_startup_line)
    settings_restore                         0x08005f11   Thumb Code   184  settings.o(i.settings_restore)
    settings_store_build_info                0x08005fe9   Thumb Code    12  settings.o(i.settings_store_build_info)
    settings_store_global_setting            0x08005ff5   Thumb Code   378  settings.o(i.settings_store_global_setting)
    settings_store_startup_line              0x08006179   Thumb Code    18  settings.o(i.settings_store_startup_line)
    settings_write_coord_data                0x0800618b   Thumb Code    18  settings.o(i.settings_write_coord_data)
    sin                                      0x0800619d   Thumb Code   150  sin.o(i.sin)
    spindle_init                             0x0800623d   Thumb Code    54  spindle_control.o(i.spindle_init)
    spindle_run                              0x0800627d   Thumb Code    32  spindle_control.o(i.spindle_run)
    spindle_set_state                        0x080062a1   Thumb Code   120  spindle_control.o(i.spindle_set_state)
    spindle_stop                             0x0800632d   Thumb Code    24  spindle_control.o(i.spindle_stop)
    sqrt                                     0x08006349   Thumb Code    76  sqrt.o(i.sqrt)
    st_generate_step_dir_invert_masks        0x08006395   Thumb Code    76  stepper.o(i.st_generate_step_dir_invert_masks)
    st_go_idle                               0x080063e9   Thumb Code    74  stepper.o(i.st_go_idle)
    st_prep_buffer                           0x08006449   Thumb Code  1454  stepper.o(i.st_prep_buffer)
    st_reset                                 0x08006a11   Thumb Code   138  stepper.o(i.st_reset)
    st_update_plan_block_parameters          0x08006aa9   Thumb Code    32  stepper.o(i.st_update_plan_block_parameters)
    st_wake_up                               0x08006ad1   Thumb Code    68  stepper.o(i.st_wake_up)
    stepper_init                             0x08006b29   Thumb Code    82  stepper.o(i.stepper_init)
    system_check_safety_door_ajar            0x08006b81   Thumb Code     4  system.o(i.system_check_safety_door_ajar)
    system_convert_array_steps_to_mpos       0x08006b85   Thumb Code    30  system.o(i.system_convert_array_steps_to_mpos)
    system_convert_axis_steps_to_mpos        0x08006ba5   Thumb Code    56  system.o(i.system_convert_axis_steps_to_mpos)
    system_convert_corexy_to_x_axis_steps    0x08006be1   Thumb Code    14  system.o(i.system_convert_corexy_to_x_axis_steps)
    system_convert_corexy_to_y_axis_steps    0x08006bef   Thumb Code    14  system.o(i.system_convert_corexy_to_y_axis_steps)
    system_execute_line                      0x08006bfd   Thumb Code   612  system.o(i.system_execute_line)
    system_execute_startup                   0x08006e6d   Thumb Code    50  system.o(i.system_execute_startup)
    system_init                              0x08006ea1   Thumb Code   148  system.o(i.system_init)
    write_global_settings                    0x08006f39   Thumb Code    24  settings.o(i.write_global_settings)
    __mathlib_zero                           0x08007020   Data           8  qnan.o(.constdata)
    Region$$Table$$Base                      0x0800725c   Number         0  anon$$obj.o(Region$$Table)
    Region$$Table$$Limit                     0x0800727c   Number         0  anon$$obj.o(Region$$Table)
    SystemCoreClock                          0x20000014   Data           4  system_stm32f10x.o(.data)
    AHBPrescTable                            0x20000018   Data          16  system_stm32f10x.o(.data)
    probe_invert_mask                        0x2000002c   Data           1  probe.o(.data)
    serial_rx_buffer_head                    0x2000002d   Data           1  serial.o(.data)
    serial_rx_buffer_tail                    0x2000002e   Data           1  serial.o(.data)
    serial_tx_buffer_head                    0x2000002f   Data           1  serial.o(.data)
    serial_tx_buffer_tail                    0x20000030   Data           1  serial.o(.data)
    sys_probe_state                          0x20000044   Data           1  system.o(.data)
    sys_rt_exec_state                        0x20000045   Data           1  system.o(.data)
    sys_rt_exec_alarm                        0x20000046   Data           1  system.o(.data)
    __stdout                                 0x2000004c   Data           4  stdout.o(.data)
    sys                                      0x20000054   Data          32  main.o(.bss)
    gc_state                                 0x20000074   Data          68  gcode.o(.bss)
    gc_block                                 0x200000b8   Data          64  gcode.o(.bss)
    serial_rx_buffer                         0x2000047c   Data         128  serial.o(.bss)
    serial_tx_buffer                         0x200004fc   Data          64  serial.o(.bss)
    settings                                 0x2000053c   Data          84  settings.o(.bss)
    STM32_EEPROM_cache                       0x2000067c   Data        1024  hw_eeprom.o(.bss)
    STMFLASH_BUF                             0x20000a7c   Data        1024  hw_eeprom.o(.bss)
    __initial_sp                             0x20001280   Data           0  startup_stm32f10x_cl.o(STACK)



==============================================================================

Memory Map of the image

  Image Entry point : 0x08000151

  Load Region LR_IROM1 (Base: 0x08000000, Size: 0x000072d0, Max: 0x00040000, ABSOLUTE)

    Execution Region ER_IROM1 (Base: 0x08000000, Size: 0x0000727c, Max: 0x00040000, ABSOLUTE)

    Base Addr    Size         Type   Attr      Idx    E Section Name        Object

    0x08000000   0x00000150   Data   RO         1735    RESET               startup_stm32f10x_cl.o
    0x08000150   0x00000000   Code   RO         3019  * .ARM.Collect$$$$00000000  mc_w.l(entry.o)
    0x08000150   0x00000004   Code   RO         3367    .ARM.Collect$$$$00000001  mc_w.l(entry2.o)
    0x08000154   0x00000004   Code   RO         3370    .ARM.Collect$$$$00000004  mc_w.l(entry5.o)
    0x08000158   0x00000000   Code   RO         3372    .ARM.Collect$$$$00000008  mc_w.l(entry7b.o)
    0x08000158   0x00000000   Code   RO         3374    .ARM.Collect$$$$0000000A  mc_w.l(entry8b.o)
    0x08000158   0x00000008   Code   RO         3375    .ARM.Collect$$$$0000000B  mc_w.l(entry9a.o)
    0x08000160   0x00000000   Code   RO         3377    .ARM.Collect$$$$0000000D  mc_w.l(entry10a.o)
    0x08000160   0x00000000   Code   RO         3379    .ARM.Collect$$$$0000000F  mc_w.l(entry11a.o)
    0x08000160   0x00000004   Code   RO         3368    .ARM.Collect$$$$00002712  mc_w.l(entry2.o)
    0x08000164   0x00000024   Code   RO         1736    .text               startup_stm32f10x_cl.o
    0x08000188   0x00000024   Code   RO         3022    .text               mc_w.l(memseta.o)
    0x080001ac   0x000000b0   Code   RO         3284    .text               mf_w.l(fadd.o)
    0x0800025c   0x00000064   Code   RO         3286    .text               mf_w.l(fmul.o)
    0x080002c0   0x0000007c   Code   RO         3288    .text               mf_w.l(fdiv.o)
    0x0800033c   0x00000018   Code   RO         3290    .text               mf_w.l(fscalb.o)
    0x08000354   0x0000014e   Code   RO         3292    .text               mf_w.l(dadd.o)
    0x080004a2   0x000000e4   Code   RO         3294    .text               mf_w.l(dmul.o)
    0x08000586   0x000000de   Code   RO         3296    .text               mf_w.l(ddiv.o)
    0x08000664   0x0000002e   Code   RO         3298    .text               mf_w.l(dscalb.o)
    0x08000692   0x00000012   Code   RO         3300    .text               mf_w.l(fflti.o)
    0x080006a4   0x0000000a   Code   RO         3302    .text               mf_w.l(ffltui.o)
    0x080006ae   0x00000022   Code   RO         3304    .text               mf_w.l(dflti.o)
    0x080006d0   0x0000001a   Code   RO         3306    .text               mf_w.l(dfltui.o)
    0x080006ea   0x00000032   Code   RO         3308    .text               mf_w.l(ffixi.o)
    0x0800071c   0x00000028   Code   RO         3310    .text               mf_w.l(ffixui.o)
    0x08000744   0x0000003e   Code   RO         3312    .text               mf_w.l(dfixi.o)
    0x08000782   0x00000032   Code   RO         3314    .text               mf_w.l(dfixui.o)
    0x080007b4   0x00000026   Code   RO         3316    .text               mf_w.l(f2d.o)
    0x080007da   0x00000002   PAD
    0x080007dc   0x00000030   Code   RO         3318    .text               mf_w.l(cdcmple.o)
    0x0800080c   0x00000030   Code   RO         3320    .text               mf_w.l(cdrcmple.o)
    0x0800083c   0x00000038   Code   RO         3322    .text               mf_w.l(d2f.o)
    0x08000874   0x00000014   Code   RO         3324    .text               mf_w.l(cfcmple.o)
    0x08000888   0x00000014   Code   RO         3326    .text               mf_w.l(cfrcmple.o)
    0x0800089c   0x0000001e   Code   RO         3386    .text               mc_w.l(llshl.o)
    0x080008ba   0x00000020   Code   RO         3388    .text               mc_w.l(llushr.o)
    0x080008da   0x00000024   Code   RO         3390    .text               mc_w.l(llsshr.o)
    0x080008fe   0x00000000   Code   RO         3399    .text               mc_w.l(iusefp.o)
    0x080008fe   0x0000006e   Code   RO         3400    .text               mf_w.l(fepilogue.o)
    0x0800096c   0x000000ba   Code   RO         3402    .text               mf_w.l(depilogue.o)
    0x08000a26   0x000000a2   Code   RO         3404    .text               mf_w.l(dsqrt.o)
    0x08000ac8   0x00000024   Code   RO         3412    .text               mc_w.l(init.o)
    0x08000aec   0x00000002   Code   RO          287    i.BusFault_Handler  stm32f10x_it.o
    0x08000aee   0x00000002   Code   RO          288    i.DebugMon_Handler  stm32f10x_it.o
    0x08000af0   0x00000044   Code   RO         1843    i.EXTI15_10_IRQHandler  limits.o
    0x08000b34   0x00000074   Code   RO         2483    i.EXTI9_5_IRQHandler  system.o
    0x08000ba8   0x0000000c   Code   RO         1107    i.EXTI_ClearITPendingBit  stm32f10x_exti.o
    0x08000bb4   0x00000070   Code   RO         1112    i.EXTI_Init         stm32f10x_exti.o
    0x08000c24   0x00000028   Code   RO          525    i.GPIO_EXTILineConfig  stm32f10x_gpio.o
    0x08000c4c   0x000000a2   Code   RO          528    i.GPIO_Init         stm32f10x_gpio.o
    0x08000cee   0x00000002   PAD
    0x08000cf0   0x00000058   Code   RO          530    i.GPIO_PinRemapConfig  stm32f10x_gpio.o
    0x08000d48   0x0000000e   Code   RO          532    i.GPIO_ReadInputDataBit  stm32f10x_gpio.o
    0x08000d56   0x00000004   Code   RO          535    i.GPIO_ResetBits    stm32f10x_gpio.o
    0x08000d5a   0x00000004   Code   RO          536    i.GPIO_SetBits      stm32f10x_gpio.o
    0x08000d5e   0x00000002   PAD
    0x08000d60   0x00000034   Code   RO         2731    i.HW_EEPROM_getChar  hw_eeprom.o
    0x08000d94   0x0000003c   Code   RO         2732    i.HW_EEPROM_putChar  hw_eeprom.o
    0x08000dd0   0x0000001c   Code   RO         2817    i.HW_EXTI_Disable   hw_exti.o
    0x08000dec   0x0000001c   Code   RO         2818    i.HW_EXTI_Enable    hw_exti.o
    0x08000e08   0x00000038   Code   RO         2819    i.HW_EXTI_Init      hw_exti.o
    0x08000e40   0x00000026   Code   RO         2841    i.HW_GPIO_Init_In   hw_gpio.o
    0x08000e66   0x00000026   Code   RO         2842    i.HW_GPIO_Init_Out  hw_gpio.o
    0x08000e8c   0x00000004   Code   RO         2843    i.HW_GPIO_Read      hw_gpio.o
    0x08000e90   0x0000000a   Code   RO         2844    i.HW_GPIO_Write     hw_gpio.o
    0x08000e9a   0x00000006   Code   RO         2871    i.HW_PWM_Disable    hw_pwm.o
    0x08000ea0   0x00000006   Code   RO         2872    i.HW_PWM_Enable     hw_pwm.o
    0x08000ea6   0x00000082   Code   RO         2873    i.HW_PWM_Init       hw_pwm.o
    0x08000f28   0x00000006   Code   RO         2874    i.HW_PWM_Write      hw_pwm.o
    0x08000f2e   0x00000002   PAD
    0x08000f30   0x0000000c   Code   RO         2904    i.HW_TIM_DriverInterrupt_Disable  hw_tim.o
    0x08000f3c   0x0000000c   Code   RO         2905    i.HW_TIM_DriverInterrupt_Enable  hw_tim.o
    0x08000f48   0x00000020   Code   RO         2906    i.HW_TIM_DriverInterrupt_ValueConfig  hw_tim.o
    0x08000f68   0x000000a8   Code   RO         2907    i.HW_TIM_Init       hw_tim.o
    0x08001010   0x0000000c   Code   RO         2908    i.HW_TIM_PortResetInterrupt_Disable  hw_tim.o
    0x0800101c   0x0000000c   Code   RO         2909    i.HW_TIM_PortResetInterrupt_Enable  hw_tim.o
    0x08001028   0x00000020   Code   RO         2910    i.HW_TIM_PortResetInterrupt_ValueConfig  hw_tim.o
    0x08001048   0x00000002   Code   RO         2967    i.HW_USART_Init     hw_usart.o
    0x0800104a   0x00000002   Code   RO          289    i.HardFault_Handler  stm32f10x_it.o
    0x0800104c   0x0000004c   Code   RO            1    i.LED_Configuration  hw_config.o
    0x08001098   0x00000002   Code   RO          290    i.MemManage_Handler  stm32f10x_it.o
    0x0800109a   0x00000002   Code   RO          291    i.NMI_Handler       stm32f10x_it.o
    0x0800109c   0x00000028   Code   RO            2    i.NVIC_Configuration  hw_config.o
    0x080010c4   0x00000064   Code   RO         1070    i.NVIC_Init         misc.o
    0x08001128   0x00000014   Code   RO         1071    i.NVIC_PriorityGroupConfig  misc.o
    0x0800113c   0x00000002   Code   RO          292    i.PendSV_Handler    stm32f10x_it.o
    0x0800113e   0x00000002   PAD
    0x08001140   0x00000018   Code   RO          639    i.RCC_APB1PeriphClockCmd  stm32f10x_rcc.o
    0x08001158   0x00000018   Code   RO          641    i.RCC_APB2PeriphClockCmd  stm32f10x_rcc.o
    0x08001170   0x000000c8   Code   RO          649    i.RCC_GetClocksFreq  stm32f10x_rcc.o
    0x08001238   0x00000040   Code   RO         2733    i.STMFLASH_ErasePage  hw_eeprom.o
    0x08001278   0x00000024   Code   RO         2734    i.STMFLASH_GetStatus  hw_eeprom.o
    0x0800129c   0x00000010   Code   RO         2735    i.STMFLASH_Lock     hw_eeprom.o
    0x080012ac   0x0000001a   Code   RO         2736    i.STMFLASH_Read     hw_eeprom.o
    0x080012c6   0x00000002   PAD
    0x080012c8   0x00000018   Code   RO         2738    i.STMFLASH_Unlock   hw_eeprom.o
    0x080012e0   0x00000024   Code   RO         2739    i.STMFLASH_WaitDone  hw_eeprom.o
    0x08001304   0x000000c4   Code   RO         2740    i.STMFLASH_Write    hw_eeprom.o
    0x080013c8   0x00000034   Code   RO         2741    i.STMFLASH_WriteHalfWord  hw_eeprom.o
    0x080013fc   0x00000028   Code   RO         2742    i.STMFLASH_Write_NoCheck  hw_eeprom.o
    0x08001424   0x00000002   Code   RO          293    i.SVC_Handler       stm32f10x_it.o
    0x08001426   0x00000002   PAD
    0x08001428   0x000000d0   Code   RO         1704    i.SetSysClockTo72   system_stm32f10x.o
    0x080014f8   0x00000018   Code   RO         1074    i.SysTick_CLKSourceConfig  misc.o
    0x08001510   0x00000002   Code   RO          294    i.SysTick_Handler   stm32f10x_it.o
    0x08001512   0x00000002   PAD
    0x08001514   0x0000005c   Code   RO         1706    i.SystemInit        system_stm32f10x.o
    0x08001570   0x000001f4   Code   RO         2420    i.TIM3_IRQHandler   stepper.o
    0x08001764   0x0000005c   Code   RO         2421    i.TIM4_IRQHandler   stepper.o
    0x080017c0   0x00000006   Code   RO         1169    i.TIM_ClearITPendingBit  stm32f10x_tim.o
    0x080017c6   0x00000014   Code   RO         1174    i.TIM_Cmd           stm32f10x_tim.o
    0x080017da   0x00000018   Code   RO         1195    i.TIM_GetITStatus   stm32f10x_tim.o
    0x080017f2   0x00000010   Code   RO         1199    i.TIM_ITConfig      stm32f10x_tim.o
    0x08001802   0x00000002   PAD
    0x08001804   0x00000080   Code   RO         1203    i.TIM_OC1Init       stm32f10x_tim.o
    0x08001884   0x0000000c   Code   RO         1206    i.TIM_OC1PreloadConfig  stm32f10x_tim.o
    0x08001890   0x00000006   Code   RO         1223    i.TIM_PrescalerConfig  stm32f10x_tim.o
    0x08001896   0x00000004   Code   RO         1233    i.TIM_SetAutoreload  stm32f10x_tim.o
    0x0800189a   0x00000004   Code   RO         1235    i.TIM_SetCompare1   stm32f10x_tim.o
    0x0800189e   0x00000002   PAD
    0x080018a0   0x0000009c   Code   RO         1245    i.TIM_TimeBaseInit  stm32f10x_tim.o
    0x0800193c   0x000000e8   Code   RO         2246    i.USART2_IRQHandler  serial.o
    0x08001a24   0x0000002c   Code   RO            3    i.USART2_SendString  hw_config.o
    0x08001a50   0x00000014   Code   RO          894    i.USART_Cmd         stm32f10x_usart.o
    0x08001a64   0x000000e8   Code   RO            4    i.USART_Configuration  hw_config.o
    0x08001b4c   0x0000000e   Code   RO          897    i.USART_GetFlagStatus  stm32f10x_usart.o
    0x08001b5a   0x0000003e   Code   RO          898    i.USART_GetITStatus  stm32f10x_usart.o
    0x08001b98   0x00000030   Code   RO          900    i.USART_ITConfig    stm32f10x_usart.o
    0x08001bc8   0x000000ac   Code   RO          901    i.USART_Init        stm32f10x_usart.o
    0x08001c74   0x00000008   Code   RO          908    i.USART_ReceiveData  stm32f10x_usart.o
    0x08001c7c   0x00000008   Code   RO          911    i.USART_SendData    stm32f10x_usart.o
    0x08001c84   0x00000002   Code   RO          295    i.UsageFault_Handler  stm32f10x_it.o
    0x08001c86   0x00000002   PAD
    0x08001c88   0x00000010   Code   RO         3025    i.__0printf$bare    mc_w.l(printfb.o)
    0x08001c98   0x00000028   Code   RO         3408    i.__ARM_fpclassify  m_ws.l(fpclassify.o)
    0x08001cc0   0x00000388   Code   RO         3356    i.__ieee754_rem_pio2  m_ws.l(rred.o)
    0x08002048   0x000000fc   Code   RO         3338    i.__kernel_cos      m_ws.l(cos_i.o)
    0x08002144   0x000000aa   Code   RO         3410    i.__kernel_poly     m_ws.l(poly.o)
    0x080021ee   0x00000002   PAD
    0x080021f0   0x000000ec   Code   RO         3361    i.__kernel_sin      m_ws.l(sin_i.o)
    0x080022dc   0x00000006   Code   RO         3342    i.__mathlib_dbl_infnan  m_ws.l(dunder.o)
    0x080022e2   0x00000004   Code   RO         3343    i.__mathlib_dbl_infnan2  m_ws.l(dunder.o)
    0x080022e6   0x0000000c   Code   RO         3344    i.__mathlib_dbl_invalid  m_ws.l(dunder.o)
    0x080022f2   0x00000002   PAD
    0x080022f4   0x00000010   Code   RO         3347    i.__mathlib_dbl_underflow  m_ws.l(dunder.o)
    0x08002304   0x0000000e   Code   RO         3416    i.__scatterload_copy  mc_w.l(handlers.o)
    0x08002312   0x00000002   Code   RO         3417    i.__scatterload_null  mc_w.l(handlers.o)
    0x08002314   0x0000000e   Code   RO         3418    i.__scatterload_zeroinit  mc_w.l(handlers.o)
    0x08002322   0x00000002   PAD
    0x08002324   0x0000000c   Code   RO         3394    i.__set_errno       mc_w.l(errno.o)
    0x08002330   0x00000022   Code   RO         3032    i._printf_core      mc_w.l(printfb.o)
    0x08002352   0x00000002   PAD
    0x08002354   0x00000220   Code   RO         3329    i.atan              m_ws.l(atan.o)
    0x08002574   0x00000180   Code   RO         2980    i.atan2             m_ws.l(atan2.o)
    0x080026f4   0x000000dc   Code   RO         2988    i.ceil              m_ws.l(ceil.o)
    0x080027d0   0x00000018   Code   RO         1740    i.coolant_init      coolant_control.o
    0x080027e8   0x00000020   Code   RO         1741    i.coolant_run       coolant_control.o
    0x08002808   0x00000018   Code   RO         1742    i.coolant_set_state  coolant_control.o
    0x08002820   0x00000010   Code   RO         1743    i.coolant_stop      coolant_control.o
    0x08002830   0x0000009c   Code   RO         2992    i.cos               m_ws.l(cos.o)
    0x080028cc   0x0000003c   Code   RO         2632    i.delay_init        delay.o
    0x08002908   0x00000034   Code   RO         2633    i.delay_ms          delay.o
    0x0800293c   0x00000034   Code   RO         2634    i.delay_us          delay.o
    0x08002970   0x00000014   Code   RO         1779    i.eeprom_get_char   eeprom.o
    0x08002984   0x00000014   Code   RO         1780    i.eeprom_put_char   eeprom.o
    0x08002998   0x000000dc   Code   RO         3000    i.floor             m_ws.l(floor.o)
    0x08002a74   0x00000024   Code   RO          123    i.fputc             main.o
    0x08002a98   0x00000026   Code   RO         1808    i.gc_check_same_position  gcode.o
    0x08002abe   0x00000002   PAD
    0x08002ac0   0x00000ca0   Code   RO         1809    i.gc_execute_line   gcode.o
    0x08003760   0x0000002c   Code   RO         1810    i.gc_init           gcode.o
    0x0800378c   0x00000010   Code   RO         1811    i.gc_sync_position  gcode.o
    0x0800379c   0x00000012   Code   RO         2298    i.get_direction_pin_mask  settings.o
    0x080037ae   0x00000012   Code   RO         2299    i.get_limit_pin_mask  settings.o
    0x080037c0   0x00000012   Code   RO         2300    i.get_step_pin_mask  settings.o
    0x080037d2   0x0000002a   Code   RO         1927    i.hypot_f           nuts_bolts.o
    0x080037fc   0x0000000a   Code   RO         1844    i.limits_disable    limits.o
    0x08003806   0x00000002   PAD
    0x08003808   0x00000070   Code   RO         1845    i.limits_get_state  limits.o
    0x08003878   0x00000314   Code   RO         1846    i.limits_go_home    limits.o
    0x08003b8c   0x00000098   Code   RO         1847    i.limits_init       limits.o
    0x08003c24   0x000000a0   Code   RO         1848    i.limits_soft_check  limits.o
    0x08003cc4   0x000000f8   Code   RO          124    i.main              main.o
    0x08003dbc   0x00000310   Code   RO         1885    i.mc_arc            motion_control.o
    0x080040cc   0x00000078   Code   RO         1886    i.mc_dwell          motion_control.o
    0x08004144   0x00000030   Code   RO         1887    i.mc_homing_cycle   motion_control.o
    0x08004174   0x00000054   Code   RO         1888    i.mc_line           motion_control.o
    0x080041c8   0x000000f4   Code   RO         1889    i.mc_probe_cycle    motion_control.o
    0x080042bc   0x00000070   Code   RO         1890    i.mc_reset          motion_control.o
    0x0800432c   0x00000042   Code   RO         1781    i.memcpy_from_eeprom_with_checksum  eeprom.o
    0x0800436e   0x0000003a   Code   RO         1782    i.memcpy_to_eeprom_with_checksum  eeprom.o
    0x080043a8   0x000003e8   Code   RO         1945    i.plan_buffer_line  planner.o
    0x08004790   0x00000018   Code   RO         1946    i.plan_check_full_buffer  planner.o
    0x080047a8   0x00000018   Code   RO         1947    i.plan_cycle_reinitialize  planner.o
    0x080047c0   0x00000024   Code   RO         1948    i.plan_discard_current_block  planner.o
    0x080047e4   0x0000001c   Code   RO         1949    i.plan_get_block_buffer_count  planner.o
    0x08004800   0x00000028   Code   RO         1950    i.plan_get_current_block  planner.o
    0x08004828   0x0000003c   Code   RO         1951    i.plan_get_exec_block_exit_speed  planner.o
    0x08004864   0x0000000c   Code   RO         1952    i.plan_next_block_index  planner.o
    0x08004870   0x0000000a   Code   RO         1953    i.plan_prev_block_index  planner.o
    0x0800487a   0x00000002   PAD
    0x0800487c   0x00000024   Code   RO         1954    i.plan_reset        planner.o
    0x080048a0   0x00000040   Code   RO         1955    i.plan_sync_position  planner.o
    0x080048e0   0x00000138   Code   RO         1956    i.planner_recalculate  planner.o
    0x08004a18   0x000000b0   Code   RO         2024    i.printFloat        print.o
    0x08004ac8   0x00000038   Code   RO         2025    i.printFloat_CoordValue  print.o
    0x08004b00   0x00000034   Code   RO         2026    i.printFloat_RateValue  print.o
    0x08004b34   0x00000006   Code   RO         2027    i.printFloat_SettingValue  print.o
    0x08004b3a   0x00000004   Code   RO         2029    i.printPgmString    print.o
    0x08004b3e   0x00000014   Code   RO         2030    i.printString       print.o
    0x08004b52   0x00000018   Code   RO         2032    i.print_uint8_base10  print.o
    0x08004b6a   0x00000008   Code   RO         2033    i.print_uint8_base2  print.o
    0x08004b72   0x00000038   Code   RO         2034    i.print_unsigned_int8  print.o
    0x08004baa   0x00000002   PAD
    0x08004bac   0x0000002c   Code   RO         2096    i.probe_configure_invert_mask  probe.o
    0x08004bd8   0x0000001c   Code   RO         2097    i.probe_get_state   probe.o
    0x08004bf4   0x00000020   Code   RO         2098    i.probe_init        probe.o
    0x08004c14   0x00000038   Code   RO         2099    i.probe_state_monitor  probe.o
    0x08004c4c   0x0000001c   Code   RO         2129    i.protocol_auto_cycle_start  protocol.o
    0x08004c68   0x00000028   Code   RO         2130    i.protocol_buffer_synchronize  protocol.o
    0x08004c90   0x0000022c   Code   RO         2131    i.protocol_execute_realtime  protocol.o
    0x08004ebc   0x000000f0   Code   RO         2132    i.protocol_main_loop  protocol.o
    0x08004fac   0x000000ec   Code   RO         1928    i.read_float        nuts_bolts.o
    0x08005098   0x00000028   Code   RO         2301    i.read_global_settings  settings.o
    0x080050c0   0x00000090   Code   RO         2161    i.report_alarm_message  report.o
    0x08005150   0x00000030   Code   RO         2162    i.report_build_info  report.o
    0x08005180   0x000000c8   Code   RO         2164    i.report_feedback_message  report.o
    0x08005248   0x000001bc   Code   RO         2165    i.report_gcode_modes  report.o
    0x08005404   0x0000000c   Code   RO         2166    i.report_grbl_help  report.o
    0x08005410   0x000004b0   Code   RO         2167    i.report_grbl_settings  report.o
    0x080058c0   0x00000028   Code   RO         2168    i.report_init_message  report.o
    0x080058e8   0x000000d8   Code   RO         2169    i.report_ngc_parameters  report.o
    0x080059c0   0x0000005c   Code   RO         2170    i.report_probe_parameters  report.o
    0x08005a1c   0x000001ac   Code   RO         2171    i.report_realtime_status  report.o
    0x08005bc8   0x00000034   Code   RO         2172    i.report_startup_line  report.o
    0x08005bfc   0x000001bc   Code   RO         2173    i.report_status_message  report.o
    0x08005db8   0x0000001c   Code   RO         2247    i.serial_get_rx_buffer_count  serial.o
    0x08005dd4   0x00000008   Code   RO         2249    i.serial_init       serial.o
    0x08005ddc   0x00000028   Code   RO         2250    i.serial_read       serial.o
    0x08005e04   0x0000000c   Code   RO         2251    i.serial_reset_read_buffer  serial.o
    0x08005e10   0x00000058   Code   RO         2252    i.serial_write      serial.o
    0x08005e68   0x00000020   Code   RO         2302    i.settings_init     settings.o
    0x08005e88   0x00000022   Code   RO         2303    i.settings_read_build_info  settings.o
    0x08005eaa   0x00000034   Code   RO         2304    i.settings_read_coord_data  settings.o
    0x08005ede   0x00000030   Code   RO         2305    i.settings_read_startup_line  settings.o
    0x08005f0e   0x00000002   PAD
    0x08005f10   0x000000d8   Code   RO         2306    i.settings_restore  settings.o
    0x08005fe8   0x0000000c   Code   RO         2307    i.settings_store_build_info  settings.o
    0x08005ff4   0x00000184   Code   RO         2308    i.settings_store_global_setting  settings.o
    0x08006178   0x00000012   Code   RO         2309    i.settings_store_startup_line  settings.o
    0x0800618a   0x00000012   Code   RO         2310    i.settings_write_coord_data  settings.o
    0x0800619c   0x000000a0   Code   RO         3004    i.sin               m_ws.l(sin.o)
    0x0800623c   0x00000040   Code   RO         2390    i.spindle_init      spindle_control.o
    0x0800627c   0x00000024   Code   RO         2391    i.spindle_run       spindle_control.o
    0x080062a0   0x0000008c   Code   RO         2392    i.spindle_set_state  spindle_control.o
    0x0800632c   0x0000001c   Code   RO         2393    i.spindle_stop      spindle_control.o
    0x08006348   0x0000004c   Code   RO         3012    i.sqrt              m_ws.l(sqrt.o)
    0x08006394   0x00000054   Code   RO         2422    i.st_generate_step_dir_invert_masks  stepper.o
    0x080063e8   0x00000060   Code   RO         2423    i.st_go_idle        stepper.o
    0x08006448   0x000005c8   Code   RO         2424    i.st_prep_buffer    stepper.o
    0x08006a10   0x00000098   Code   RO         2425    i.st_reset          stepper.o
    0x08006aa8   0x00000028   Code   RO         2426    i.st_update_plan_block_parameters  stepper.o
    0x08006ad0   0x00000058   Code   RO         2427    i.st_wake_up        stepper.o
    0x08006b28   0x00000058   Code   RO         2428    i.stepper_init      stepper.o
    0x08006b80   0x00000004   Code   RO         2484    i.system_check_safety_door_ajar  system.o
    0x08006b84   0x0000001e   Code   RO         2485    i.system_convert_array_steps_to_mpos  system.o
    0x08006ba2   0x00000002   PAD
    0x08006ba4   0x0000003c   Code   RO         2486    i.system_convert_axis_steps_to_mpos  system.o
    0x08006be0   0x0000000e   Code   RO         2487    i.system_convert_corexy_to_x_axis_steps  system.o
    0x08006bee   0x0000000e   Code   RO         2488    i.system_convert_corexy_to_y_axis_steps  system.o
    0x08006bfc   0x00000270   Code   RO         2489    i.system_execute_line  system.o
    0x08006e6c   0x00000032   Code   RO         2490    i.system_execute_startup  system.o
    0x08006e9e   0x00000002   PAD
    0x08006ea0   0x00000098   Code   RO         2491    i.system_init       system.o
    0x08006f38   0x0000001c   Code   RO         2311    i.write_global_settings  settings.o
    0x08006f54   0x00000004   PAD
    0x08006f58   0x00000098   Data   RO         3330    .constdata          m_ws.l(atan.o)
    0x08006ff0   0x00000030   Data   RO         3339    .constdata          m_ws.l(cos_i.o)
    0x08007020   0x00000008   Data   RO         3355    .constdata          m_ws.l(qnan.o)
    0x08007028   0x000000c8   Data   RO         3358    .constdata          m_ws.l(rred.o)
    0x080070f0   0x00000028   Data   RO         3362    .constdata          m_ws.l(sin_i.o)
    0x08007118   0x00000144   Data   RO         2174    .conststring        report.o
    0x0800725c   0x00000020   Data   RO         3414    Region$$Table       anon$$obj.o


    Execution Region RW_IRAM1 (Base: 0x20000000, Size: 0x00001280, Max: 0x00010000, ABSOLUTE)

    Base Addr    Size         Type   Attr      Idx    E Section Name        Object

    0x20000000   0x00000014   Data   RW          677    .data               stm32f10x_rcc.o
    0x20000014   0x00000014   Data   RW         1707    .data               system_stm32f10x.o
    0x20000028   0x00000004   Data   RW         1958    .data               planner.o
    0x2000002c   0x00000001   Data   RW         2100    .data               probe.o
    0x2000002d   0x00000004   Data   RW         2254    .data               serial.o
    0x20000031   0x00000003   PAD
    0x20000034   0x00000010   Data   RW         2430    .data               stepper.o
    0x20000044   0x00000001   Data   RW         2492    .data               system.o
    0x20000045   0x00000001   Data   RW         2493    .data               system.o
    0x20000046   0x00000001   Data   RW         2494    .data               system.o
    0x20000047   0x00000001   PAD
    0x20000048   0x00000004   Data   RW         2635    .data               delay.o
    0x2000004c   0x00000004   Data   RW         3381    .data               mc_w.l(stdout.o)
    0x20000050   0x00000004   Data   RW         3395    .data               mc_w.l(errno.o)
    0x20000054   0x00000020   Zero   RW          125    .bss                main.o
    0x20000074   0x00000084   Zero   RW         1812    .bss                gcode.o
    0x200000f8   0x00000334   Zero   RW         1957    .bss                planner.o
    0x2000042c   0x00000050   Zero   RW         2133    .bss                protocol.o
    0x2000047c   0x000000c0   Zero   RW         2253    .bss                serial.o
    0x2000053c   0x00000054   Zero   RW         2312    .bss                settings.o
    0x20000590   0x000000ec   Zero   RW         2429    .bss                stepper.o
    0x2000067c   0x00000800   Zero   RW         2744    .bss                hw_eeprom.o
    0x20000e7c   0x00000004   PAD
    0x20000e80   0x00000400   Zero   RW         1733    STACK               startup_stm32f10x_cl.o


==============================================================================

Image component sizes


      Code (inc. data)   RO Data    RW Data    ZI Data      Debug   Object Name

        96         20          0          0          0       2058   coolant_control.o
         0          0          0          0          0         32   core_cm3.o
       164         26          0          4          0       1471   delay.o
       164          0          0          0          0       2834   eeprom.o
      3330        134          0          0        132       8267   gcode.o
       392         26          0          0          0     278795   hw_config.o
       602         54          0          0       2048       6685   hw_eeprom.o
       112          0          0          0          0       1630   hw_exti.o
        90          0          0          0          0       2188   hw_gpio.o
       148          0          0          0          0       2234   hw_pwm.o
       280         32          0          0          0       3367   hw_tim.o
         2          0          0          0          0        408   hw_usart.o
      1290         70          0          0          0       4794   limits.o
       284        118          0          0         32      19914   main.o
       144         16          0          0          0       2077   misc.o
      1392         96          0          0          0       4696   motion_control.o
       278         22          0          0          0       1683   nuts_bolts.o
      1646        112          0          4        820       7349   planner.o
       402         36          0          0          0       4604   print.o
       160         38          0          1          0       2255   probe.o
       864         40          0          0         80       4011   protocol.o
      3320       1692        324          0          0       7151   report.o
       408         54          0          4        192       4043   serial.o
       940         80          0          0         84       9940   settings.o
       268         38          0          0          0       2400   spindle_control.o
        36          8        336          0       1024        836   startup_stm32f10x_cl.o
      2620        160          0         16        236       7635   stepper.o
       124         10          0          0          0       1573   stm32f10x_exti.o
       312         12          0          0          0       4780   stm32f10x_gpio.o
        18          0          0          0          0       3678   stm32f10x_it.o
       248         34          0         20          0       5274   stm32f10x_rcc.o
       376         64          0          0          0       7170   stm32f10x_tim.o
       332          6          0          0          0       5905   stm32f10x_usart.o
      1064         28          0          3          0       5723   system.o
       300         34          0         20          0       1945   system_stm32f10x.o

    ----------------------------------------------------------------------
     22244       3064        692         76       4652     429405   Object Totals
         0          0         32          0          0          0   (incl. Generated)
        38          4          0          4          4          0   (incl. Padding)

    ----------------------------------------------------------------------

      Code (inc. data)   RO Data    RW Data    ZI Data      Debug   Library Member Name

       544         70        152          0          0        124   atan.o
       384         38          0          0          0        144   atan2.o
       220         16          0          0          0         84   ceil.o
       156          8          0          0          0        104   cos.o
       252         22         48          0          0        124   cos_i.o
        38          6          0          0          0        272   dunder.o
       220         16          0          0          0         84   floor.o
        40          0          0          0          0         68   fpclassify.o
       170          0          0          0          0         96   poly.o
         0          0          8          0          0          0   qnan.o
       904         76        200          0          0        140   rred.o
       160         10          0          0          0        108   sin.o
       236         12         40          0          0        128   sin_i.o
        76          0          0          0          0         84   sqrt.o
         0          0          0          0          0          0   entry.o
         0          0          0          0          0          0   entry10a.o
         0          0          0          0          0          0   entry11a.o
         8          4          0          0          0          0   entry2.o
         4          0          0          0          0          0   entry5.o
         0          0          0          0          0          0   entry7b.o
         0          0          0          0          0          0   entry8b.o
         8          4          0          0          0          0   entry9a.o
        12          6          0          4          0         68   errno.o
        30          0          0          0          0          0   handlers.o
        36          8          0          0          0         68   init.o
         0          0          0          0          0          0   iusefp.o
        30          0          0          0          0         68   llshl.o
        36          0          0          0          0         68   llsshr.o
        32          0          0          0          0         68   llushr.o
        36          0          0          0          0        108   memseta.o
        50          8          0          0          0        152   printfb.o
         0          0          0          4          0          0   stdout.o
        48          0          0          0          0         68   cdcmple.o
        48          0          0          0          0         68   cdrcmple.o
        20          0          0          0          0         68   cfcmple.o
        20          0          0          0          0         68   cfrcmple.o
        56          0          0          0          0         88   d2f.o
       334          0          0          0          0        148   dadd.o
       222          0          0          0          0        100   ddiv.o
       186          0          0          0          0        176   depilogue.o
        62          0          0          0          0         80   dfixi.o
        50          0          0          0          0         76   dfixui.o
        34          0          0          0          0         76   dflti.o
        26          0          0          0          0         76   dfltui.o
       228          0          0          0          0         96   dmul.o
        46          0          0          0          0         80   dscalb.o
       162          0          0          0          0        100   dsqrt.o
        38          0          0          0          0         68   f2d.o
       176          0          0          0          0        140   fadd.o
       124          0          0          0          0         88   fdiv.o
       110          0          0          0          0        168   fepilogue.o
        50          0          0          0          0         68   ffixi.o
        40          0          0          0          0         68   ffixui.o
        18          0          0          0          0         68   fflti.o
        10          0          0          0          0         68   ffltui.o
       100          0          0          0          0         76   fmul.o
        24          0          0          0          0         68   fscalb.o

    ----------------------------------------------------------------------
      5924        304        448          8          0       4408   Library Totals
        10          0          0          0          0          0   (incl. Padding)

    ----------------------------------------------------------------------

      Code (inc. data)   RO Data    RW Data    ZI Data      Debug   Library Name

      3400        274        448          0          0       1560   m_ws.l
       282         30          0          8          0        600   mc_w.l
      2232          0          0          0          0       2248   mf_w.l

    ----------------------------------------------------------------------
      5924        304        448          8          0       4408   Library Totals

    ----------------------------------------------------------------------

==============================================================================


      Code (inc. data)   RO Data    RW Data    ZI Data      Debug   

     28168       3368       1140         84       4652     421797   Grand Totals
     28168       3368       1140         84       4652     421797   ELF Image Totals
     28168       3368       1140         84          0          0   ROM Totals

==============================================================================

    Total RO  Size (Code + RO Data)                29308 (  28.62kB)
    Total RW  Size (RW Data + ZI Data)              4736 (   4.63kB)
    Total ROM Size (Code + RO Data + RW Data)      29392 (  28.70kB)

==============================================================================

