<html>
<body>
<pre>
<h1>µVision Build Log</h1>
<h2>Tool Versions:</h2>
IDE-Version: ¦ÌVision V5.14.0.0
Copyright (C) 2015 ARM Ltd and ARM Germany GmbH. All rights reserved.
License Information: yan wei, ZCKX, LIC=MPP56-DARPS-TE2H5-GALXI-L12V8-42PFW
 
Tool Versions:
Toolchain:       MDK-ARM Standard  Version: 5.14.0.0
Toolchain Path:  d:\Keil_v5\ARM\ARMCC\Bin
C Compiler:      Armcc.exe V5.05 update 1 (build 106)
Assembler:       Armasm.exe V5.05 update 1 (build 106)
Linker/Locator:  ArmLink.exe V5.05 update 1 (build 106)
Library Manager: ArmAr.exe V5.05 update 1 (build 106)
Hex Converter:   FromElf.exe V5.05 update 1 (build 106)
CPU DLL:         SARMCM3.DLL V5.14.0.0
Dialog DLL:      DCM.DLL V1.13.1.0
Target DLL:      STLink\ST-LINKIII-KEIL_SWO.dll V2.0.14.0_KEIL
Dialog DLL:      TCM.DLL V1.14.4.0
 
<h2>Project:</h2>
E:\uV_5\STM32_USART_GRBL-v9.0\Project\Project.uvproj
Project File Date:  09/25/2018

<h2>Output:</h2>
Rebuild target 'USART_GRBL-v9.0'
compiling hw_config.c...
compiling main.c...
..\SYSTEM\sys.h(61): warning:  #47-D: incompatible redefinition of macro "PFout" (declared at line 21 of "..\User\Main\hw_config.h")
  #define PFout(n)   BIT_ADDR(GPIOF_ODR_Addr,n)  //Êä³ö 
..\User\Main\main.c: 1 warning, 0 errors
compiling stm32f10x_it.c...
compiling stm32f10x_flash.c...
compiling stm32f10x_gpio.c...
compiling stm32f10x_rcc.c...
compiling stm32f10x_usart.c...
compiling misc.c...
compiling stm32f10x_exti.c...
compiling stm32f10x_tim.c...
compiling core_cm3.c...
compiling system_stm32f10x.c...
assembling startup_stm32f10x_cl.s...
compiling coolant_control.c...
compiling eeprom.c...
compiling gcode.c...
compiling limits.c...
compiling motion_control.c...
compiling nuts_bolts.c...
compiling planner.c...
compiling print.c...
compiling probe.c...
compiling protocol.c...
compiling report.c...
compiling serial.c...
..\GRBL\serial.c(369): warning:  #1-D: last line of file ends without a newline
  }
..\GRBL\serial.c: 1 warning, 0 errors
compiling settings.c...
compiling spindle_control.c...
compiling stepper.c...
compiling system.c...
compiling bit.c...
compiling strprintf.c...
compiling sys.c...
compiling delay.c...
compiling simuspi.c...
compiling simui2c.c...
compiling HW_EEPROM.c...
compiling HW_EXTI.c...
compiling HW_GPIO.c...
compiling HW_PWM.c...
compiling HW_TIM.c...
compiling HW_USART.c...
linking...
Program Size: Code=28168 RO-data=1140 RW-data=84 ZI-data=4652  
FromELF: creating hex file...
".\Obj\USART_GRBL.axf" - 0 Error(s), 2 Warning(s).
</pre>
</body>
</html>
